
> trust-ledger-system@0.0.0 test
> vitest components/IRIS1099Wizard.test.tsx


[1m[44m DEV [49m[22m [34mv4.0.16 [39m[90m/Users/jim/work/fiduciary[39m

[90mstdout[2m | components/IRIS1099Wizard.test.tsx[2m > [22m[2mIRIS1099Wizard - Authentication Step[2m > [22m[2mTCC Input Validation[2m > [22m[2mshould show TCC input field when TCC auth is selected
[22m[39m[IRS Login Modal] Not open, returning null

[90mstdout[2m | components/IRIS1099Wizard.test.tsx[2m > [22m[2mIRIS1099Wizard - Authentication Step[2m > [22m[2mTCC Input Validation[2m > [22m[2mshould show TCC input field when TCC auth is selected
[22m[39m[IRS Login Modal] Not open, returning null

[90mstdout[2m | components/IRIS1099Wizard.test.tsx[2m > [22m[2mIRIS1099Wizard - Authentication Step[2m > [22m[2mTCC Input Validation[2m > [22m[2mshould accept valid TCC format (2 letters + hyphen + 7 alphanumeric)
[22m[39m[IRS Login Modal] Not open, returning null

[90mstdout[2m | components/IRIS1099Wizard.test.tsx[2m > [22m[2mIRIS1099Wizard - Authentication Step[2m > [22m[2mTCC Input Validation[2m > [22m[2mshould accept valid TCC format (2 letters + hyphen + 7 alphanumeric)
[22m[39m[IRS Login Modal] Not open, returning null

[90mstdout[2m | components/IRIS1099Wizard.test.tsx[2m > [22m[2mIRIS1099Wizard - Authentication Step[2m > [22m[2mTCC Input Validation[2m > [22m[2mshould accept valid TCC format (2 letters + hyphen + 7 alphanumeric)
[22m[39m[IRS Login Modal] Not open, returning null
[IRS Login Modal] Not open, returning null

[90mstdout[2m | components/IRIS1099Wizard.test.tsx[2m > [22m[2mIRIS1099Wizard - Authentication Step[2m > [22m[2mTCC Input Validation[2m > [22m[2mshould reject TCC with less than 10 characters
[22m[39m[IRS Login Modal] Not open, returning null

[90mstdout[2m | components/IRIS1099Wizard.test.tsx[2m > [22m[2mIRIS1099Wizard - Authentication Step[2m > [22m[2mTCC Input Validation[2m > [22m[2mshould reject TCC with less than 10 characters
[22m[39m[IRS Login Modal] Not open, returning null

[90mstdout[2m | components/IRIS1099Wizard.test.tsx[2m > [22m[2mIRIS1099Wizard - Authentication Step[2m > [22m[2mTCC Input Validation[2m > [22m[2mshould reject TCC with less than 10 characters
[22m[39m[IRS Login Modal] Not open, returning null
[IRS Login Modal] Not open, returning null

[90mstdout[2m | components/IRIS1099Wizard.test.tsx[2m > [22m[2mIRIS1099Wizard - Authentication Step[2m > [22m[2mTCC Input Validation[2m > [22m[2mshould truncate TCC input to max length
[22m[39m[IRS Login Modal] Not open, returning null

[90mstdout[2m | components/IRIS1099Wizard.test.tsx[2m > [22m[2mIRIS1099Wizard - Authentication Step[2m > [22m[2mTCC Input Validation[2m > [22m[2mshould truncate TCC input to max length
[22m[39m[IRS Login Modal] Not open, returning null

[90mstdout[2m | components/IRIS1099Wizard.test.tsx[2m > [22m[2mIRIS1099Wizard - Authentication Step[2m > [22m[2mTCC Input Validation[2m > [22m[2mshould truncate TCC input to max length
[22m[39m[IRS Login Modal] Not open, returning null
[IRS Login Modal] Not open, returning null

[90mstdout[2m | components/IRIS1099Wizard.test.tsx[2m > [22m[2mIRIS1099Wizard - Authentication Step[2m > [22m[2mTCC Input Validation[2m > [22m[2mshould reject TCC with invalid start characters
[22m[39m[IRS Login Modal] Not open, returning null

[90mstdout[2m | components/IRIS1099Wizard.test.tsx[2m > [22m[2mIRIS1099Wizard - Authentication Step[2m > [22m[2mTCC Input Validation[2m > [22m[2mshould reject TCC with invalid start characters
[22m[39m[IRS Login Modal] Not open, returning null

[90mstdout[2m | components/IRIS1099Wizard.test.tsx[2m > [22m[2mIRIS1099Wizard - Authentication Step[2m > [22m[2mTCC Input Validation[2m > [22m[2mshould reject TCC with invalid start characters
[22m[39m[IRS Login Modal] Not open, returning null
[IRS Login Modal] Not open, returning null

[90mstdout[2m | components/IRIS1099Wizard.test.tsx[2m > [22m[2mIRIS1099Wizard - Authentication Step[2m > [22m[2mTCC Input Validation[2m > [22m[2mshould convert lowercase letters to uppercase
[22m[39m[IRS Login Modal] Not open, returning null

[90mstdout[2m | components/IRIS1099Wizard.test.tsx[2m > [22m[2mIRIS1099Wizard - Authentication Step[2m > [22m[2mTCC Input Validation[2m > [22m[2mshould convert lowercase letters to uppercase
[22m[39m[IRS Login Modal] Not open, returning null

[90mstdout[2m | components/IRIS1099Wizard.test.tsx[2m > [22m[2mIRIS1099Wizard - Authentication Step[2m > [22m[2mTCC Input Validation[2m > [22m[2mshould convert lowercase letters to uppercase
[22m[39m[IRS Login Modal] Not open, returning null
[IRS Login Modal] Not open, returning null

[90mstdout[2m | components/IRIS1099Wizard.test.tsx[2m > [22m[2mIRIS1099Wizard - Authentication Step[2m > [22m[2mTCC Input Validation[2m > [22m[2mshould call irsApi.setAuth with TCC on authenticate
[22m[39m[IRS Login Modal] Not open, returning null

[90mstdout[2m | components/IRIS1099Wizard.test.tsx[2m > [22m[2mIRIS1099Wizard - Authentication Step[2m > [22m[2mTCC Input Validation[2m > [22m[2mshould call irsApi.setAuth with TCC on authenticate
[22m[39m[IRS Login Modal] Not open, returning null

[90mstdout[2m | components/IRIS1099Wizard.test.tsx[2m > [22m[2mIRIS1099Wizard - Authentication Step[2m > [22m[2mTCC Input Validation[2m > [22m[2mshould call irsApi.setAuth with TCC on authenticate
[22m[39m[IRS Login Modal] Not open, returning null
[IRS Login Modal] Not open, returning null
[Wizard] Authenticating...
[IRS Login Modal] Not open, returning null
[Wizard] Health check: { status: [32m'healthy'[39m, service: [32m'IRS IRIS API Proxy'[39m, version: [32m'1.0.0'[39m }

[90mstdout[2m | components/IRIS1099Wizard.test.tsx[2m > [22m[2mIRIS1099Wizard - Authentication Step[2m > [22m[2mTCC Input Validation[2m > [22m[2mshould call irsApi.setAuth with TCC on authenticate
[22m[39m[IRS Login Modal] Not open, returning null

[90mstdout[2m | components/IRIS1099Wizard.test.tsx[2m > [22m[2mIRIS1099Wizard - Authentication Step[2m > [22m[2mTCC Input Validation[2m > [22m[2mshould call irsApi.setAuth with TCC on authenticate
[22m[39m[Wizard] Verifying credentials...

[90mstdout[2m | components/IRIS1099Wizard.test.tsx[2m > [22m[2mIRIS1099Wizard - Authentication Step[2m > [22m[2mTCC Input Validation[2m > [22m[2mshould call irsApi.setAuth with TCC on authenticate
[22m[39m[Wizard] 2FA required: [33mfalse[39m
[Wizard] Proceeding to Filer step

[90mstdout[2m | components/IRIS1099Wizard.test.tsx[2m > [22m[2mIRIS1099Wizard - Authentication Step[2m > [22m[2mTCC Input Validation[2m > [22m[2mshould call irsApi.setAuth with TCC on authenticate
[22m[39m[IRS Login Modal] Not open, returning null

[90mstdout[2m | components/IRIS1099Wizard.test.tsx[2m > [22m[2mIRIS1099Wizard - Authentication Step[2m > [22m[2mTCC Input Validation[2m > [22m[2mshould call storeTCC when saveCredentials is checked
[22m[39m[IRS Login Modal] Not open, returning null

[90mstdout[2m | components/IRIS1099Wizard.test.tsx[2m > [22m[2mIRIS1099Wizard - Authentication Step[2m > [22m[2mTCC Input Validation[2m > [22m[2mshould call storeTCC when saveCredentials is checked
[22m[39m[IRS Login Modal] Not open, returning null

[90mstdout[2m | components/IRIS1099Wizard.test.tsx[2m > [22m[2mIRIS1099Wizard - Authentication Step[2m > [22m[2mTCC Input Validation[2m > [22m[2mshould call storeTCC when saveCredentials is checked
[22m[39m[IRS Login Modal] Not open, returning null
[IRS Login Modal] Not open, returning null
[Wizard] Authenticating...
[IRS Login Modal] Not open, returning null
[Wizard] Health check: { status: [32m'healthy'[39m, service: [32m'IRS IRIS API Proxy'[39m, version: [32m'1.0.0'[39m }

[90mstdout[2m | components/IRIS1099Wizard.test.tsx[2m > [22m[2mIRIS1099Wizard - Authentication Step[2m > [22m[2mTCC Input Validation[2m > [22m[2mshould call storeTCC when saveCredentials is checked
[22m[39m[IRS Login Modal] Not open, returning null

[90mstdout[2m | components/IRIS1099Wizard.test.tsx[2m > [22m[2mIRIS1099Wizard - Authentication Step[2m > [22m[2mTCC Input Validation[2m > [22m[2mshould call storeTCC when saveCredentials is checked
[22m[39m[Wizard] Verifying credentials...

[90mstdout[2m | components/IRIS1099Wizard.test.tsx[2m > [22m[2mIRIS1099Wizard - Authentication Step[2m > [22m[2mTCC Input Validation[2m > [22m[2mshould call storeTCC when saveCredentials is checked
[22m[39m[Wizard] 2FA required: [33mfalse[39m
[Wizard] Proceeding to Filer step

[90mstdout[2m | components/IRIS1099Wizard.test.tsx[2m > [22m[2mIRIS1099Wizard - Authentication Step[2m > [22m[2mTCC Input Validation[2m > [22m[2mshould call storeTCC when saveCredentials is checked
[22m[39m[IRS Login Modal] Not open, returning null

[90mstdout[2m | components/IRIS1099Wizard.test.tsx[2m > [22m[2mIRIS1099Wizard - Authentication Step[2m > [22m[2mBearer Token Input[2m > [22m[2mshould show bearer token input when bearer auth is selected
[22m[39m[IRS Login Modal] Not open, returning null

[90mstdout[2m | components/IRIS1099Wizard.test.tsx[2m > [22m[2mIRIS1099Wizard - Authentication Step[2m > [22m[2mBearer Token Input[2m > [22m[2mshould show bearer token input when bearer auth is selected
[22m[39m[IRS Login Modal] Not open, returning null

[90mstdout[2m | components/IRIS1099Wizard.test.tsx[2m > [22m[2mIRIS1099Wizard - Authentication Step[2m > [22m[2mBearer Token Input[2m > [22m[2mshould show bearer token input when bearer auth is selected
[22m[39m[IRS Login Modal] Not open, returning null

[90mstdout[2m | components/IRIS1099Wizard.test.tsx[2m > [22m[2mIRIS1099Wizard - Authentication Step[2m > [22m[2mBearer Token Input[2m > [22m[2mshould accept bearer token input
[22m[39m[IRS Login Modal] Not open, returning null

[90mstdout[2m | components/IRIS1099Wizard.test.tsx[2m > [22m[2mIRIS1099Wizard - Authentication Step[2m > [22m[2mBearer Token Input[2m > [22m[2mshould accept bearer token input
[22m[39m[IRS Login Modal] Not open, returning null

[90mstdout[2m | components/IRIS1099Wizard.test.tsx[2m > [22m[2mIRIS1099Wizard - Authentication Step[2m > [22m[2mBearer Token Input[2m > [22m[2mshould accept bearer token input
[22m[39m[IRS Login Modal] Not open, returning null
[IRS Login Modal] Not open, returning null

[90mstdout[2m | components/IRIS1099Wizard.test.tsx[2m > [22m[2mIRIS1099Wizard - Authentication Step[2m > [22m[2mBearer Token Input[2m > [22m[2mshould mask bearer token input
[22m[39m[IRS Login Modal] Not open, returning null

[90mstdout[2m | components/IRIS1099Wizard.test.tsx[2m > [22m[2mIRIS1099Wizard - Authentication Step[2m > [22m[2mBearer Token Input[2m > [22m[2mshould mask bearer token input
[22m[39m[IRS Login Modal] Not open, returning null

[90mstdout[2m | components/IRIS1099Wizard.test.tsx[2m > [22m[2mIRIS1099Wizard - Authentication Step[2m > [22m[2mBearer Token Input[2m > [22m[2mshould mask bearer token input
[22m[39m[IRS Login Modal] Not open, returning null

[90mstdout[2m | components/IRIS1099Wizard.test.tsx[2m > [22m[2mIRIS1099Wizard - Authentication Step[2m > [22m[2mBearer Token Input[2m > [22m[2mshould call irsApi.setAuth with bearer token
[22m[39m[IRS Login Modal] Not open, returning null

[90mstdout[2m | components/IRIS1099Wizard.test.tsx[2m > [22m[2mIRIS1099Wizard - Authentication Step[2m > [22m[2mBearer Token Input[2m > [22m[2mshould call irsApi.setAuth with bearer token
[22m[39m[IRS Login Modal] Not open, returning null

[90mstdout[2m | components/IRIS1099Wizard.test.tsx[2m > [22m[2mIRIS1099Wizard - Authentication Step[2m > [22m[2mBearer Token Input[2m > [22m[2mshould call irsApi.setAuth with bearer token
[22m[39m[IRS Login Modal] Not open, returning null
[IRS Login Modal] Not open, returning null
[Wizard] Authenticating...
[IRS Login Modal] Not open, returning null
[Wizard] Health check: { status: [32m'healthy'[39m, service: [32m'IRS IRIS API Proxy'[39m, version: [32m'1.0.0'[39m }

[90mstdout[2m | components/IRIS1099Wizard.test.tsx[2m > [22m[2mIRIS1099Wizard - Authentication Step[2m > [22m[2mBearer Token Input[2m > [22m[2mshould call irsApi.setAuth with bearer token
[22m[39m[IRS Login Modal] Not open, returning null

[90mstdout[2m | components/IRIS1099Wizard.test.tsx[2m > [22m[2mIRIS1099Wizard - Authentication Step[2m > [22m[2mBearer Token Input[2m > [22m[2mshould call irsApi.setAuth with bearer token
[22m[39m[IRS Login Modal] Not open, returning null

[90mstdout[2m | components/IRIS1099Wizard.test.tsx[2m > [22m[2mIRIS1099Wizard - Authentication Step[2m > [22m[2mBearer Token Input[2m > [22m[2mshould call irsApi.setAuth with bearer token
[22m[39m[Wizard] Verifying credentials...

[90mstdout[2m | components/IRIS1099Wizard.test.tsx[2m > [22m[2mIRIS1099Wizard - Authentication Step[2m > [22m[2mBearer Token Input[2m > [22m[2mshould call irsApi.setAuth with bearer token
[22m[39m[Wizard] 2FA required: [33mfalse[39m
[Wizard] Proceeding to Filer step

[90mstdout[2m | components/IRIS1099Wizard.test.tsx[2m > [22m[2mIRIS1099Wizard - Authentication Step[2m > [22m[2mBearer Token Input[2m > [22m[2mshould call irsApi.setAuth with bearer token
[22m[39m[IRS Login Modal] Not open, returning null

[90mstdout[2m | components/IRIS1099Wizard.test.tsx[2m > [22m[2mIRIS1099Wizard - Authentication Step[2m > [22m[2mBearer Token Input[2m > [22m[2mshould call storeBearerToken when saveCredentials is checked
[22m[39m[IRS Login Modal] Not open, returning null

[90mstdout[2m | components/IRIS1099Wizard.test.tsx[2m > [22m[2mIRIS1099Wizard - Authentication Step[2m > [22m[2mBearer Token Input[2m > [22m[2mshould call storeBearerToken when saveCredentials is checked
[22m[39m[IRS Login Modal] Not open, returning null

[90mstdout[2m | components/IRIS1099Wizard.test.tsx[2m > [22m[2mIRIS1099Wizard - Authentication Step[2m > [22m[2mBearer Token Input[2m > [22m[2mshould call storeBearerToken when saveCredentials is checked
[22m[39m[IRS Login Modal] Not open, returning null
[IRS Login Modal] Not open, returning null
[Wizard] Authenticating...
[IRS Login Modal] Not open, returning null
[Wizard] Health check: { status: [32m'healthy'[39m, service: [32m'IRS IRIS API Proxy'[39m, version: [32m'1.0.0'[39m }

[90mstdout[2m | components/IRIS1099Wizard.test.tsx[2m > [22m[2mIRIS1099Wizard - Authentication Step[2m > [22m[2mBearer Token Input[2m > [22m[2mshould call storeBearerToken when saveCredentials is checked
[22m[39m[IRS Login Modal] Not open, returning null

[90mstdout[2m | components/IRIS1099Wizard.test.tsx[2m > [22m[2mIRIS1099Wizard - Authentication Step[2m > [22m[2mBearer Token Input[2m > [22m[2mshould call storeBearerToken when saveCredentials is checked
[22m[39m[IRS Login Modal] Not open, returning null

[90mstdout[2m | components/IRIS1099Wizard.test.tsx[2m > [22m[2mIRIS1099Wizard - Authentication Step[2m > [22m[2mBearer Token Input[2m > [22m[2mshould call storeBearerToken when saveCredentials is checked
[22m[39m[Wizard] Verifying credentials...

[90mstdout[2m | components/IRIS1099Wizard.test.tsx[2m > [22m[2mIRIS1099Wizard - Authentication Step[2m > [22m[2mBearer Token Input[2m > [22m[2mshould call storeBearerToken when saveCredentials is checked
[22m[39m[Wizard] 2FA required: [33mfalse[39m
[Wizard] Proceeding to Filer step

[90mstdout[2m | components/IRIS1099Wizard.test.tsx[2m > [22m[2mIRIS1099Wizard - Authentication Step[2m > [22m[2mBearer Token Input[2m > [22m[2mshould call storeBearerToken when saveCredentials is checked
[22m[39m[IRS Login Modal] Not open, returning null

[90mstdout[2m | components/IRIS1099Wizard.test.tsx[2m > [22m[2mIRIS1099Wizard - Authentication Step[2m > [22m[2mStored Credentials[2m > [22m[2mshould display stored TCCs
[22m[39m[IRS Login Modal] Not open, returning null

[90mstdout[2m | components/IRIS1099Wizard.test.tsx[2m > [22m[2mIRIS1099Wizard - Authentication Step[2m > [22m[2mStored Credentials[2m > [22m[2mshould display stored TCCs
[22m[39m[IRS Login Modal] Not open, returning null

[90mstdout[2m | components/IRIS1099Wizard.test.tsx[2m > [22m[2mIRIS1099Wizard - Authentication Step[2m > [22m[2mStored Credentials[2m > [22m[2mshould populate TCC field when clicking stored credential
[22m[39m[IRS Login Modal] Not open, returning null

[90mstdout[2m | components/IRIS1099Wizard.test.tsx[2m > [22m[2mIRIS1099Wizard - Authentication Step[2m > [22m[2mStored Credentials[2m > [22m[2mshould populate TCC field when clicking stored credential
[22m[39m[IRS Login Modal] Not open, returning null

[90mstdout[2m | components/IRIS1099Wizard.test.tsx[2m > [22m[2mIRIS1099Wizard - Authentication Step[2m > [22m[2mStored Credentials[2m > [22m[2mshould populate TCC field when clicking stored credential
[22m[39m[IRS Login Modal] Not open, returning null
[IRS Login Modal] Not open, returning null

[90mstdout[2m | components/IRIS1099Wizard.test.tsx[2m > [22m[2mIRIS1099Wizard - Authentication Step[2m > [22m[2mStored Credentials[2m > [22m[2mshould show PWA encrypted storage indicator when credentials exist
[22m[39m[IRS Login Modal] Not open, returning null

[90mstdout[2m | components/IRIS1099Wizard.test.tsx[2m > [22m[2mIRIS1099Wizard - Authentication Step[2m > [22m[2mStored Credentials[2m > [22m[2mshould show PWA encrypted storage indicator when credentials exist
[22m[39m[IRS Login Modal] Not open, returning null

[90mstdout[2m | components/IRIS1099Wizard.test.tsx[2m > [22m[2mIRIS1099Wizard - Authentication Step[2m > [22m[2mAPI Health Check[2m > [22m[2mshould call healthCheck on mount
[22m[39m[IRS Login Modal] Not open, returning null

[90mstdout[2m | components/IRIS1099Wizard.test.tsx[2m > [22m[2mIRIS1099Wizard - Authentication Step[2m > [22m[2mAPI Health Check[2m > [22m[2mshould call healthCheck on mount
[22m[39m[IRS Login Modal] Not open, returning null

[90mstdout[2m | components/IRIS1099Wizard.test.tsx[2m > [22m[2mIRIS1099Wizard - Authentication Step[2m > [22m[2mAPI Health Check[2m > [22m[2mshould display healthy status when API is connected
[22m[39m[IRS Login Modal] Not open, returning null

[90mstdout[2m | components/IRIS1099Wizard.test.tsx[2m > [22m[2mIRIS1099Wizard - Authentication Step[2m > [22m[2mAPI Health Check[2m > [22m[2mshould display healthy status when API is connected
[22m[39m[IRS Login Modal] Not open, returning null

[90mstdout[2m | components/IRIS1099Wizard.test.tsx[2m > [22m[2mIRIS1099Wizard - Authentication Step[2m > [22m[2mAPI Health Check[2m > [22m[2mshould display connecting status when API is not yet responded
[22m[39m[IRS Login Modal] Not open, returning null

[90mstdout[2m | components/IRIS1099Wizard.test.tsx[2m > [22m[2mIRIS1099Wizard - Authentication Step[2m > [22m[2mAPI Health Check[2m > [22m[2mshould display connecting status when API is not yet responded
[22m[39m[IRS Login Modal] Not open, returning null

[90mstdout[2m | components/IRIS1099Wizard.test.tsx[2m > [22m[2mIRIS1099Wizard - Authentication Step[2m > [22m[2mAPI Health Check[2m > [22m[2mshould display error status when health check fails
[22m[39m[IRS Login Modal] Not open, returning null

[90mstdout[2m | components/IRIS1099Wizard.test.tsx[2m > [22m[2mIRIS1099Wizard - Authentication Step[2m > [22m[2mAPI Health Check[2m > [22m[2mshould display error status when health check fails
[22m[39m[IRS Login Modal] Not open, returning null

[90mstdout[2m | components/IRIS1099Wizard.test.tsx[2m > [22m[2mIRIS1099Wizard - Authentication Step[2m > [22m[2mAuth Mode Selection[2m > [22m[2mshould show two auth mode buttons initially
[22m[39m[IRS Login Modal] Not open, returning null

[90mstdout[2m | components/IRIS1099Wizard.test.tsx[2m > [22m[2mIRIS1099Wizard - Authentication Step[2m > [22m[2mAuth Mode Selection[2m > [22m[2mshould show two auth mode buttons initially
[22m[39m[IRS Login Modal] Not open, returning null

[90mstdout[2m | components/IRIS1099Wizard.test.tsx[2m > [22m[2mIRIS1099Wizard - Authentication Step[2m > [22m[2mAuth Mode Selection[2m > [22m[2mshould highlight selected auth mode
[22m[39m[IRS Login Modal] Not open, returning null

[90mstdout[2m | components/IRIS1099Wizard.test.tsx[2m > [22m[2mIRIS1099Wizard - Authentication Step[2m > [22m[2mAuth Mode Selection[2m > [22m[2mshould highlight selected auth mode
[22m[39m[IRS Login Modal] Not open, returning null

[90mstdout[2m | components/IRIS1099Wizard.test.tsx[2m > [22m[2mIRIS1099Wizard - Authentication Step[2m > [22m[2mAuth Mode Selection[2m > [22m[2mshould switch to bearer token mode when clicked
[22m[39m[IRS Login Modal] Not open, returning null

[90mstdout[2m | components/IRIS1099Wizard.test.tsx[2m > [22m[2mIRIS1099Wizard - Authentication Step[2m > [22m[2mAuth Mode Selection[2m > [22m[2mshould switch to bearer token mode when clicked
[22m[39m[IRS Login Modal] Not open, returning null

[90mstdout[2m | components/IRIS1099Wizard.test.tsx[2m > [22m[2mIRIS1099Wizard - Authentication Step[2m > [22m[2mAuth Mode Selection[2m > [22m[2mshould switch to bearer token mode when clicked
[22m[39m[IRS Login Modal] Not open, returning null

[90mstdout[2m | components/IRIS1099Wizard.test.tsx[2m > [22m[2mIRIS1099Wizard - Authentication Step[2m > [22m[2mSave Credentials Toggle[2m > [22m[2mshould have save credentials checked by default
[22m[39m[IRS Login Modal] Not open, returning null

[90mstdout[2m | components/IRIS1099Wizard.test.tsx[2m > [22m[2mIRIS1099Wizard - Authentication Step[2m > [22m[2mSave Credentials Toggle[2m > [22m[2mshould have save credentials checked by default
[22m[39m[IRS Login Modal] Not open, returning null

[90mstdout[2m | components/IRIS1099Wizard.test.tsx[2m > [22m[2mIRIS1099Wizard - Authentication Step[2m > [22m[2mSave Credentials Toggle[2m > [22m[2mshould allow unchecking save credentials
[22m[39m[IRS Login Modal] Not open, returning null

[90mstdout[2m | components/IRIS1099Wizard.test.tsx[2m > [22m[2mIRIS1099Wizard - Authentication Step[2m > [22m[2mSave Credentials Toggle[2m > [22m[2mshould allow unchecking save credentials
[22m[39m[IRS Login Modal] Not open, returning null

[90mstdout[2m | components/IRIS1099Wizard.test.tsx[2m > [22m[2mIRIS1099Wizard - Authentication Step[2m > [22m[2mSave Credentials Toggle[2m > [22m[2mshould allow unchecking save credentials
[22m[39m[IRS Login Modal] Not open, returning null

[90mstdout[2m | components/IRIS1099Wizard.test.tsx[2m > [22m[2mIRIS1099Wizard - Authentication Step[2m > [22m[2mSave Credentials Toggle[2m > [22m[2mshould not store credentials when unchecked
[22m[39m[IRS Login Modal] Not open, returning null

[90mstdout[2m | components/IRIS1099Wizard.test.tsx[2m > [22m[2mIRIS1099Wizard - Authentication Step[2m > [22m[2mSave Credentials Toggle[2m > [22m[2mshould not store credentials when unchecked
[22m[39m[IRS Login Modal] Not open, returning null

[90mstdout[2m | components/IRIS1099Wizard.test.tsx[2m > [22m[2mIRIS1099Wizard - Authentication Step[2m > [22m[2mSave Credentials Toggle[2m > [22m[2mshould not store credentials when unchecked
[22m[39m[IRS Login Modal] Not open, returning null
[IRS Login Modal] Not open, returning null
[IRS Login Modal] Not open, returning null
[Wizard] Authenticating...
[IRS Login Modal] Not open, returning null
[Wizard] Health check: { status: [32m'healthy'[39m, service: [32m'IRS IRIS API Proxy'[39m, version: [32m'1.0.0'[39m }

[90mstdout[2m | components/IRIS1099Wizard.test.tsx[2m > [22m[2mIRIS1099Wizard - Authentication Step[2m > [22m[2mSave Credentials Toggle[2m > [22m[2mshould not store credentials when unchecked
[22m[39m[IRS Login Modal] Not open, returning null

[90mstdout[2m | components/IRIS1099Wizard.test.tsx[2m > [22m[2mIRIS1099Wizard - Authentication Step[2m > [22m[2mSave Credentials Toggle[2m > [22m[2mshould not store credentials when unchecked
[22m[39m[Wizard] Verifying credentials...

[90mstdout[2m | components/IRIS1099Wizard.test.tsx[2m > [22m[2mIRIS1099Wizard - Authentication Step[2m > [22m[2mSave Credentials Toggle[2m > [22m[2mshould not store credentials when unchecked
[22m[39m[Wizard] 2FA required: [33mfalse[39m
[Wizard] Proceeding to Filer step

[90mstdout[2m | components/IRIS1099Wizard.test.tsx[2m > [22m[2mIRIS1099Wizard - Authentication Step[2m > [22m[2mSave Credentials Toggle[2m > [22m[2mshould not store credentials when unchecked
[22m[39m[IRS Login Modal] Not open, returning null

[90mstdout[2m | components/IRIS1099Wizard.test.tsx[2m > [22m[2mIRIS1099Wizard - Authentication Step[2m > [22m[2mWizard Step Navigation[2m > [22m[2mshould progress from Auth to Filer step on authentication
[22m[39m[IRS Login Modal] Not open, returning null

[90mstdout[2m | components/IRIS1099Wizard.test.tsx[2m > [22m[2mIRIS1099Wizard - Authentication Step[2m > [22m[2mWizard Step Navigation[2m > [22m[2mshould progress from Auth to Filer step on authentication
[22m[39m[IRS Login Modal] Not open, returning null

[90mstdout[2m | components/IRIS1099Wizard.test.tsx[2m > [22m[2mIRIS1099Wizard - Authentication Step[2m > [22m[2mWizard Step Navigation[2m > [22m[2mshould progress from Auth to Filer step on authentication
[22m[39m[IRS Login Modal] Not open, returning null
[IRS Login Modal] Not open, returning null
[Wizard] Authenticating...
[IRS Login Modal] Not open, returning null
[Wizard] Health check: { status: [32m'healthy'[39m, service: [32m'IRS IRIS API Proxy'[39m, version: [32m'1.0.0'[39m }

[90mstdout[2m | components/IRIS1099Wizard.test.tsx[2m > [22m[2mIRIS1099Wizard - Authentication Step[2m > [22m[2mWizard Step Navigation[2m > [22m[2mshould progress from Auth to Filer step on authentication
[22m[39m[IRS Login Modal] Not open, returning null

[90mstdout[2m | components/IRIS1099Wizard.test.tsx[2m > [22m[2mIRIS1099Wizard - Authentication Step[2m > [22m[2mWizard Step Navigation[2m > [22m[2mshould progress from Auth to Filer step on authentication
[22m[39m[Wizard] Verifying credentials...

[90mstdout[2m | components/IRIS1099Wizard.test.tsx[2m > [22m[2mIRIS1099Wizard - Authentication Step[2m > [22m[2mWizard Step Navigation[2m > [22m[2mshould progress from Auth to Filer step on authentication
[22m[39m[Wizard] 2FA required: [33mfalse[39m
[Wizard] Proceeding to Filer step

[90mstdout[2m | components/IRIS1099Wizard.test.tsx[2m > [22m[2mIRIS1099Wizard - Authentication Step[2m > [22m[2mWizard Step Navigation[2m > [22m[2mshould progress from Auth to Filer step on authentication
[22m[39m[IRS Login Modal] Not open, returning null

[90mstdout[2m | components/IRIS1099Wizard.test.tsx[2m > [22m[2mIRIS1099Wizard - Authentication Step[2m > [22m[2mWizard Step Navigation[2m > [22m[2mshould show Back button after Auth step
[22m[39m[IRS Login Modal] Not open, returning null

[90mstdout[2m | components/IRIS1099Wizard.test.tsx[2m > [22m[2mIRIS1099Wizard - Authentication Step[2m > [22m[2mWizard Step Navigation[2m > [22m[2mshould show Back button after Auth step
[22m[39m[IRS Login Modal] Not open, returning null

[90mstdout[2m | components/IRIS1099Wizard.test.tsx[2m > [22m[2mIRIS1099Wizard - Authentication Step[2m > [22m[2mWizard Step Navigation[2m > [22m[2mshould show Back button after Auth step
[22m[39m[IRS Login Modal] Not open, returning null
[IRS Login Modal] Not open, returning null
[Wizard] Authenticating...
[IRS Login Modal] Not open, returning null
[Wizard] Health check: { status: [32m'healthy'[39m, service: [32m'IRS IRIS API Proxy'[39m, version: [32m'1.0.0'[39m }

[90mstdout[2m | components/IRIS1099Wizard.test.tsx[2m > [22m[2mIRIS1099Wizard - Authentication Step[2m > [22m[2mWizard Step Navigation[2m > [22m[2mshould show Back button after Auth step
[22m[39m[IRS Login Modal] Not open, returning null

[90mstdout[2m | components/IRIS1099Wizard.test.tsx[2m > [22m[2mIRIS1099Wizard - Authentication Step[2m > [22m[2mWizard Step Navigation[2m > [22m[2mshould show Back button after Auth step
[22m[39m[Wizard] Verifying credentials...

[90mstdout[2m | components/IRIS1099Wizard.test.tsx[2m > [22m[2mIRIS1099Wizard - Authentication Step[2m > [22m[2mWizard Step Navigation[2m > [22m[2mshould show Back button after Auth step
[22m[39m[Wizard] 2FA required: [33mfalse[39m
[Wizard] Proceeding to Filer step

[90mstdout[2m | components/IRIS1099Wizard.test.tsx[2m > [22m[2mIRIS1099Wizard - Authentication Step[2m > [22m[2mWizard Step Navigation[2m > [22m[2mshould show Back button after Auth step
[22m[39m[IRS Login Modal] Not open, returning null

[90mstdout[2m | components/IRIS1099Wizard.test.tsx[2m > [22m[2mIRIS1099Wizard - Authentication Step[2m > [22m[2mWizard Step Navigation[2m > [22m[2mshould disable Continue button on Filer step when EIN is missing
[22m[39m[IRS Login Modal] Not open, returning null

[90mstdout[2m | components/IRIS1099Wizard.test.tsx[2m > [22m[2mIRIS1099Wizard - Authentication Step[2m > [22m[2mWizard Step Navigation[2m > [22m[2mshould disable Continue button on Filer step when EIN is missing
[22m[39m[IRS Login Modal] Not open, returning null

[90mstdout[2m | components/IRIS1099Wizard.test.tsx[2m > [22m[2mIRIS1099Wizard - Authentication Step[2m > [22m[2mWizard Step Navigation[2m > [22m[2mshould disable Continue button on Filer step when EIN is missing
[22m[39m[IRS Login Modal] Not open, returning null
[IRS Login Modal] Not open, returning null
[Wizard] Authenticating...
[IRS Login Modal] Not open, returning null
[Wizard] Health check: { status: [32m'healthy'[39m, service: [32m'IRS IRIS API Proxy'[39m, version: [32m'1.0.0'[39m }

[90mstdout[2m | components/IRIS1099Wizard.test.tsx[2m > [22m[2mIRIS1099Wizard - Authentication Step[2m > [22m[2mWizard Step Navigation[2m > [22m[2mshould disable Continue button on Filer step when EIN is missing
[22m[39m[IRS Login Modal] Not open, returning null

[90mstdout[2m | components/IRIS1099Wizard.test.tsx[2m > [22m[2mIRIS1099Wizard - Authentication Step[2m > [22m[2mWizard Step Navigation[2m > [22m[2mshould disable Continue button on Filer step when EIN is missing
[22m[39m[Wizard] Verifying credentials...

[90mstdout[2m | components/IRIS1099Wizard.test.tsx[2m > [22m[2mIRIS1099Wizard - Authentication Step[2m > [22m[2mWizard Step Navigation[2m > [22m[2mshould disable Continue button on Filer step when EIN is missing
[22m[39m[Wizard] 2FA required: [33mfalse[39m
[Wizard] Proceeding to Filer step

[90mstdout[2m | components/IRIS1099Wizard.test.tsx[2m > [22m[2mIRIS1099Wizard - Authentication Step[2m > [22m[2mWizard Step Navigation[2m > [22m[2mshould disable Continue button on Filer step when EIN is missing
[22m[39m[IRS Login Modal] Not open, returning null

[90mstdout[2m | components/IRIS1099Wizard.test.tsx[2m > [22m[2mIRIS1099Wizard - Authentication Step[2m > [22m[2mWizard Step Navigation[2m > [22m[2mshould disable Continue button on Filer step when Legal Name is missing
[22m[39m[IRS Login Modal] Not open, returning null

[90mstdout[2m | components/IRIS1099Wizard.test.tsx[2m > [22m[2mIRIS1099Wizard - Authentication Step[2m > [22m[2mWizard Step Navigation[2m > [22m[2mshould disable Continue button on Filer step when Legal Name is missing
[22m[39m[IRS Login Modal] Not open, returning null

[90mstdout[2m | components/IRIS1099Wizard.test.tsx[2m > [22m[2mIRIS1099Wizard - Authentication Step[2m > [22m[2mWizard Step Navigation[2m > [22m[2mshould disable Continue button on Filer step when Legal Name is missing
[22m[39m[IRS Login Modal] Not open, returning null
[IRS Login Modal] Not open, returning null
[Wizard] Authenticating...
[IRS Login Modal] Not open, returning null
[Wizard] Health check: { status: [32m'healthy'[39m, service: [32m'IRS IRIS API Proxy'[39m, version: [32m'1.0.0'[39m }

[90mstdout[2m | components/IRIS1099Wizard.test.tsx[2m > [22m[2mIRIS1099Wizard - Authentication Step[2m > [22m[2mWizard Step Navigation[2m > [22m[2mshould disable Continue button on Filer step when Legal Name is missing
[22m[39m[IRS Login Modal] Not open, returning null

[90mstdout[2m | components/IRIS1099Wizard.test.tsx[2m > [22m[2mIRIS1099Wizard - Authentication Step[2m > [22m[2mWizard Step Navigation[2m > [22m[2mshould disable Continue button on Filer step when Legal Name is missing
[22m[39m[Wizard] Verifying credentials...

[90mstdout[2m | components/IRIS1099Wizard.test.tsx[2m > [22m[2mIRIS1099Wizard - Authentication Step[2m > [22m[2mWizard Step Navigation[2m > [22m[2mshould disable Continue button on Filer step when Legal Name is missing
[22m[39m[Wizard] 2FA required: [33mfalse[39m
[Wizard] Proceeding to Filer step

[90mstdout[2m | components/IRIS1099Wizard.test.tsx[2m > [22m[2mIRIS1099Wizard - Authentication Step[2m > [22m[2mWizard Step Navigation[2m > [22m[2mshould disable Continue button on Filer step when Legal Name is missing
[22m[39m[IRS Login Modal] Not open, returning null

[90mstdout[2m | components/IRIS1099Wizard.test.tsx[2m > [22m[2mIRIS1099Wizard - Authentication Step[2m > [22m[2mWizard Step Navigation[2m > [22m[2mshould disable Continue button on Filer step when Legal Name is missing
[22m[39m[IRS Login Modal] Not open, returning null

[90mstdout[2m | components/IRIS1099Wizard.test.tsx[2m > [22m[2mIRIS1099Wizard - Authentication Step[2m > [22m[2mWizard Step Navigation[2m > [22m[2mshould enable Continue button on Filer step when all required fields are filled
[22m[39m[IRS Login Modal] Not open, returning null

[90mstdout[2m | components/IRIS1099Wizard.test.tsx[2m > [22m[2mIRIS1099Wizard - Authentication Step[2m > [22m[2mWizard Step Navigation[2m > [22m[2mshould enable Continue button on Filer step when all required fields are filled
[22m[39m[IRS Login Modal] Not open, returning null

[90mstdout[2m | components/IRIS1099Wizard.test.tsx[2m > [22m[2mIRIS1099Wizard - Authentication Step[2m > [22m[2mWizard Step Navigation[2m > [22m[2mshould enable Continue button on Filer step when all required fields are filled
[22m[39m[IRS Login Modal] Not open, returning null
[IRS Login Modal] Not open, returning null
[Wizard] Authenticating...
[IRS Login Modal] Not open, returning null
[Wizard] Health check: { status: [32m'healthy'[39m, service: [32m'IRS IRIS API Proxy'[39m, version: [32m'1.0.0'[39m }

[90mstdout[2m | components/IRIS1099Wizard.test.tsx[2m > [22m[2mIRIS1099Wizard - Authentication Step[2m > [22m[2mWizard Step Navigation[2m > [22m[2mshould enable Continue button on Filer step when all required fields are filled
[22m[39m[IRS Login Modal] Not open, returning null

[90mstdout[2m | components/IRIS1099Wizard.test.tsx[2m > [22m[2mIRIS1099Wizard - Authentication Step[2m > [22m[2mWizard Step Navigation[2m > [22m[2mshould enable Continue button on Filer step when all required fields are filled
[22m[39m[Wizard] Verifying credentials...

[90mstdout[2m | components/IRIS1099Wizard.test.tsx[2m > [22m[2mIRIS1099Wizard - Authentication Step[2m > [22m[2mWizard Step Navigation[2m > [22m[2mshould enable Continue button on Filer step when all required fields are filled
[22m[39m[Wizard] 2FA required: [33mfalse[39m
[Wizard] Proceeding to Filer step

[90mstdout[2m | components/IRIS1099Wizard.test.tsx[2m > [22m[2mIRIS1099Wizard - Authentication Step[2m > [22m[2mWizard Step Navigation[2m > [22m[2mshould enable Continue button on Filer step when all required fields are filled
[22m[39m[IRS Login Modal] Not open, returning null

[90mstdout[2m | components/IRIS1099Wizard.test.tsx[2m > [22m[2mIRIS1099Wizard - Authentication Step[2m > [22m[2mWizard Step Navigation[2m > [22m[2mshould enable Continue button on Filer step when all required fields are filled
[22m[39m[IRS Login Modal] Not open, returning null
[IRS Login Modal] Not open, returning null
[IRS Login Modal] Not open, returning null

[90mstdout[2m | components/IRIS1099Wizard.test.tsx[2m > [22m[2mIRIS1099Wizard - Authentication Step[2m > [22m[2mWizard Step Navigation[2m > [22m[2mshould progress from Filer to FormType step on Continue
[22m[39m[IRS Login Modal] Not open, returning null

[90mstdout[2m | components/IRIS1099Wizard.test.tsx[2m > [22m[2mIRIS1099Wizard - Authentication Step[2m > [22m[2mWizard Step Navigation[2m > [22m[2mshould progress from Filer to FormType step on Continue
[22m[39m[IRS Login Modal] Not open, returning null

[90mstdout[2m | components/IRIS1099Wizard.test.tsx[2m > [22m[2mIRIS1099Wizard - Authentication Step[2m > [22m[2mWizard Step Navigation[2m > [22m[2mshould progress from Filer to FormType step on Continue
[22m[39m[IRS Login Modal] Not open, returning null
[IRS Login Modal] Not open, returning null
[Wizard] Authenticating...
[IRS Login Modal] Not open, returning null
[Wizard] Health check: { status: [32m'healthy'[39m, service: [32m'IRS IRIS API Proxy'[39m, version: [32m'1.0.0'[39m }

[90mstdout[2m | components/IRIS1099Wizard.test.tsx[2m > [22m[2mIRIS1099Wizard - Authentication Step[2m > [22m[2mWizard Step Navigation[2m > [22m[2mshould progress from Filer to FormType step on Continue
[22m[39m[IRS Login Modal] Not open, returning null

[90mstdout[2m | components/IRIS1099Wizard.test.tsx[2m > [22m[2mIRIS1099Wizard - Authentication Step[2m > [22m[2mWizard Step Navigation[2m > [22m[2mshould progress from Filer to FormType step on Continue
[22m[39m[Wizard] Verifying credentials...

[90mstdout[2m | components/IRIS1099Wizard.test.tsx[2m > [22m[2mIRIS1099Wizard - Authentication Step[2m > [22m[2mWizard Step Navigation[2m > [22m[2mshould progress from Filer to FormType step on Continue
[22m[39m[Wizard] 2FA required: [33mfalse[39m
[Wizard] Proceeding to Filer step

[90mstdout[2m | components/IRIS1099Wizard.test.tsx[2m > [22m[2mIRIS1099Wizard - Authentication Step[2m > [22m[2mWizard Step Navigation[2m > [22m[2mshould progress from Filer to FormType step on Continue
[22m[39m[IRS Login Modal] Not open, returning null

[90mstdout[2m | components/IRIS1099Wizard.test.tsx[2m > [22m[2mIRIS1099Wizard - Authentication Step[2m > [22m[2mWizard Step Navigation[2m > [22m[2mshould progress from Filer to FormType step on Continue
[22m[39m[IRS Login Modal] Not open, returning null
[IRS Login Modal] Not open, returning null
[IRS Login Modal] Not open, returning null
[IRS Login Modal] Not open, returning null

[90mstdout[2m | components/IRIS1099Wizard.test.tsx[2m > [22m[2mIRIS1099Wizard - Authentication Step[2m > [22m[2mWizard Step Navigation[2m > [22m[2mshould disable Continue button on Payees step when no payees added
[22m[39m[IRS Login Modal] Not open, returning null

[90mstdout[2m | components/IRIS1099Wizard.test.tsx[2m > [22m[2mIRIS1099Wizard - Authentication Step[2m > [22m[2mWizard Step Navigation[2m > [22m[2mshould disable Continue button on Payees step when no payees added
[22m[39m[IRS Login Modal] Not open, returning null

[90mstdout[2m | components/IRIS1099Wizard.test.tsx[2m > [22m[2mIRIS1099Wizard - Authentication Step[2m > [22m[2mWizard Step Navigation[2m > [22m[2mshould disable Continue button on Payees step when no payees added
[22m[39m[IRS Login Modal] Not open, returning null
[IRS Login Modal] Not open, returning null
[Wizard] Authenticating...
[IRS Login Modal] Not open, returning null
[Wizard] Health check: { status: [32m'healthy'[39m, service: [32m'IRS IRIS API Proxy'[39m, version: [32m'1.0.0'[39m }

[90mstdout[2m | components/IRIS1099Wizard.test.tsx[2m > [22m[2mIRIS1099Wizard - Authentication Step[2m > [22m[2mWizard Step Navigation[2m > [22m[2mshould disable Continue button on Payees step when no payees added
[22m[39m[IRS Login Modal] Not open, returning null

[90mstdout[2m | components/IRIS1099Wizard.test.tsx[2m > [22m[2mIRIS1099Wizard - Authentication Step[2m > [22m[2mWizard Step Navigation[2m > [22m[2mshould disable Continue button on Payees step when no payees added
[22m[39m[Wizard] Verifying credentials...

[90mstdout[2m | components/IRIS1099Wizard.test.tsx[2m > [22m[2mIRIS1099Wizard - Authentication Step[2m > [22m[2mWizard Step Navigation[2m > [22m[2mshould disable Continue button on Payees step when no payees added
[22m[39m[Wizard] 2FA required: [33mfalse[39m
[Wizard] Proceeding to Filer step

[90mstdout[2m | components/IRIS1099Wizard.test.tsx[2m > [22m[2mIRIS1099Wizard - Authentication Step[2m > [22m[2mWizard Step Navigation[2m > [22m[2mshould disable Continue button on Payees step when no payees added
[22m[39m[IRS Login Modal] Not open, returning null

[90mstdout[2m | components/IRIS1099Wizard.test.tsx[2m > [22m[2mIRIS1099Wizard - Authentication Step[2m > [22m[2mWizard Step Navigation[2m > [22m[2mshould disable Continue button on Payees step when no payees added
[22m[39m[IRS Login Modal] Not open, returning null
[IRS Login Modal] Not open, returning null
[IRS Login Modal] Not open, returning null
[IRS Login Modal] Not open, returning null

[90mstdout[2m | components/IRIS1099Wizard.test.tsx[2m > [22m[2mIRIS1099Wizard - Authentication Step[2m > [22m[2mWizard Step Navigation[2m > [22m[2mshould disable Continue button on Payees step when no payees added
[22m[39m[IRS Login Modal] Not open, returning null

[90mstdout[2m | components/IRIS1099Wizard.test.tsx[2m > [22m[2mIRIS1099Wizard - Authentication Step[2m > [22m[2mWizard Step Navigation[2m > [22m[2mshould enable Continue button on Payees step when payees are added
[22m[39m[IRS Login Modal] Not open, returning null

[90mstdout[2m | components/IRIS1099Wizard.test.tsx[2m > [22m[2mIRIS1099Wizard - Authentication Step[2m > [22m[2mWizard Step Navigation[2m > [22m[2mshould enable Continue button on Payees step when payees are added
[22m[39m[IRS Login Modal] Not open, returning null

[90mstdout[2m | components/IRIS1099Wizard.test.tsx[2m > [22m[2mIRIS1099Wizard - Authentication Step[2m > [22m[2mWizard Step Navigation[2m > [22m[2mshould enable Continue button on Payees step when payees are added
[22m[39m[IRS Login Modal] Not open, returning null
[IRS Login Modal] Not open, returning null
[Wizard] Authenticating...
[IRS Login Modal] Not open, returning null
[Wizard] Health check: { status: [32m'healthy'[39m, service: [32m'IRS IRIS API Proxy'[39m, version: [32m'1.0.0'[39m }

[90mstdout[2m | components/IRIS1099Wizard.test.tsx[2m > [22m[2mIRIS1099Wizard - Authentication Step[2m > [22m[2mWizard Step Navigation[2m > [22m[2mshould enable Continue button on Payees step when payees are added
[22m[39m[IRS Login Modal] Not open, returning null

[90mstdout[2m | components/IRIS1099Wizard.test.tsx[2m > [22m[2mIRIS1099Wizard - Authentication Step[2m > [22m[2mWizard Step Navigation[2m > [22m[2mshould enable Continue button on Payees step when payees are added
[22m[39m[Wizard] Verifying credentials...

[90mstdout[2m | components/IRIS1099Wizard.test.tsx[2m > [22m[2mIRIS1099Wizard - Authentication Step[2m > [22m[2mWizard Step Navigation[2m > [22m[2mshould enable Continue button on Payees step when payees are added
[22m[39m[Wizard] 2FA required: [33mfalse[39m
[Wizard] Proceeding to Filer step

[90mstdout[2m | components/IRIS1099Wizard.test.tsx[2m > [22m[2mIRIS1099Wizard - Authentication Step[2m > [22m[2mWizard Step Navigation[2m > [22m[2mshould enable Continue button on Payees step when payees are added
[22m[39m[IRS Login Modal] Not open, returning null

[90mstdout[2m | components/IRIS1099Wizard.test.tsx[2m > [22m[2mIRIS1099Wizard - Authentication Step[2m > [22m[2mWizard Step Navigation[2m > [22m[2mshould enable Continue button on Payees step when payees are added
[22m[39m[IRS Login Modal] Not open, returning null
[IRS Login Modal] Not open, returning null
[IRS Login Modal] Not open, returning null
[IRS Login Modal] Not open, returning null

[90mstdout[2m | components/IRIS1099Wizard.test.tsx[2m > [22m[2mIRIS1099Wizard - Authentication Step[2m > [22m[2mWizard Step Navigation[2m > [22m[2mshould enable Continue button on Payees step when payees are added
[22m[39m[IRS Login Modal] Not open, returning null

[90mstdout[2m | components/IRIS1099Wizard.test.tsx[2m > [22m[2mIRIS1099Wizard - Authentication Step[2m > [22m[2mWizard Step Navigation[2m > [22m[2mshould enable Continue button on Payees step when payees are added
[22m[39m[IRS Login Modal] Not open, returning null
[IRS Login Modal] Not open, returning null
[IRS Login Modal] Not open, returning null

[90mstdout[2m | components/IRIS1099Wizard.test.tsx[2m > [22m[2mIRIS1099Wizard - Authentication Step[2m > [22m[2mWizard Step Navigation[2m > [22m[2mshould enable Continue button on Payees step when payees are added
[22m[39m[IRS Login Modal] Not open, returning null

[90mstdout[2m | components/IRIS1099Wizard.test.tsx[2m > [22m[2mIRIS1099Wizard - Authentication Step[2m > [22m[2mWizard Step Navigation[2m > [22m[2mshould show Validate & Submit button on Review step
[22m[39m[IRS Login Modal] Not open, returning null

[90mstdout[2m | components/IRIS1099Wizard.test.tsx[2m > [22m[2mIRIS1099Wizard - Authentication Step[2m > [22m[2mWizard Step Navigation[2m > [22m[2mshould show Validate & Submit button on Review step
[22m[39m[IRS Login Modal] Not open, returning null

[90mstdout[2m | components/IRIS1099Wizard.test.tsx[2m > [22m[2mIRIS1099Wizard - Authentication Step[2m > [22m[2mWizard Step Navigation[2m > [22m[2mshould show Validate & Submit button on Review step
[22m[39m[IRS Login Modal] Not open, returning null
[IRS Login Modal] Not open, returning null
[Wizard] Authenticating...
[IRS Login Modal] Not open, returning null
[Wizard] Health check: { status: [32m'healthy'[39m, service: [32m'IRS IRIS API Proxy'[39m, version: [32m'1.0.0'[39m }

[90mstdout[2m | components/IRIS1099Wizard.test.tsx[2m > [22m[2mIRIS1099Wizard - Authentication Step[2m > [22m[2mWizard Step Navigation[2m > [22m[2mshould show Validate & Submit button on Review step
[22m[39m[IRS Login Modal] Not open, returning null

[90mstdout[2m | components/IRIS1099Wizard.test.tsx[2m > [22m[2mIRIS1099Wizard - Authentication Step[2m > [22m[2mWizard Step Navigation[2m > [22m[2mshould show Validate & Submit button on Review step
[22m[39m[Wizard] Verifying credentials...

[90mstdout[2m | components/IRIS1099Wizard.test.tsx[2m > [22m[2mIRIS1099Wizard - Authentication Step[2m > [22m[2mWizard Step Navigation[2m > [22m[2mshould show Validate & Submit button on Review step
[22m[39m[Wizard] 2FA required: [33mfalse[39m
[Wizard] Proceeding to Filer step

[90mstdout[2m | components/IRIS1099Wizard.test.tsx[2m > [22m[2mIRIS1099Wizard - Authentication Step[2m > [22m[2mWizard Step Navigation[2m > [22m[2mshould show Validate & Submit button on Review step
[22m[39m[IRS Login Modal] Not open, returning null

[90mstdout[2m | components/IRIS1099Wizard.test.tsx[2m > [22m[2mIRIS1099Wizard - Authentication Step[2m > [22m[2mWizard Step Navigation[2m > [22m[2mshould show Validate & Submit button on Review step
[22m[39m[IRS Login Modal] Not open, returning null
[IRS Login Modal] Not open, returning null
[IRS Login Modal] Not open, returning null
[IRS Login Modal] Not open, returning null

[90mstdout[2m | components/IRIS1099Wizard.test.tsx[2m > [22m[2mIRIS1099Wizard - Authentication Step[2m > [22m[2mWizard Step Navigation[2m > [22m[2mshould show Validate & Submit button on Review step
[22m[39m[IRS Login Modal] Not open, returning null

[90mstdout[2m | components/IRIS1099Wizard.test.tsx[2m > [22m[2mIRIS1099Wizard - Authentication Step[2m > [22m[2mWizard Step Navigation[2m > [22m[2mshould show Validate & Submit button on Review step
[22m[39m[IRS Login Modal] Not open, returning null
[IRS Login Modal] Not open, returning null
[IRS Login Modal] Not open, returning null

[90mstdout[2m | components/IRIS1099Wizard.test.tsx[2m > [22m[2mIRIS1099Wizard - Authentication Step[2m > [22m[2mWizard Step Navigation[2m > [22m[2mshould show Validate & Submit button on Review step
[22m[39m[IRS Login Modal] Not open, returning null

[90mstdout[2m | components/IRIS1099Wizard.test.tsx[2m > [22m[2mIRIS1099Wizard - Authentication Step[2m > [22m[2mWizard Step Navigation[2m > [22m[2mshould show Validate & Submit button on Review step
[22m[39m[IRS Login Modal] Not open, returning null

[90mstdout[2m | components/IRIS1099Wizard.test.tsx[2m > [22m[2mIRIS1099Wizard - Authentication Step[2m > [22m[2mWizard Step Navigation[2m > [22m[2mshould navigate back from Filer to Auth step
[22m[39m[IRS Login Modal] Not open, returning null

[90mstdout[2m | components/IRIS1099Wizard.test.tsx[2m > [22m[2mIRIS1099Wizard - Authentication Step[2m > [22m[2mWizard Step Navigation[2m > [22m[2mshould navigate back from Filer to Auth step
[22m[39m[IRS Login Modal] Not open, returning null

[90mstdout[2m | components/IRIS1099Wizard.test.tsx[2m > [22m[2mIRIS1099Wizard - Authentication Step[2m > [22m[2mWizard Step Navigation[2m > [22m[2mshould navigate back from Filer to Auth step
[22m[39m[IRS Login Modal] Not open, returning null
[IRS Login Modal] Not open, returning null
[Wizard] Authenticating...
[IRS Login Modal] Not open, returning null
[Wizard] Health check: { status: [32m'healthy'[39m, service: [32m'IRS IRIS API Proxy'[39m, version: [32m'1.0.0'[39m }

[90mstdout[2m | components/IRIS1099Wizard.test.tsx[2m > [22m[2mIRIS1099Wizard - Authentication Step[2m > [22m[2mWizard Step Navigation[2m > [22m[2mshould navigate back from Filer to Auth step
[22m[39m[IRS Login Modal] Not open, returning null

[90mstdout[2m | components/IRIS1099Wizard.test.tsx[2m > [22m[2mIRIS1099Wizard - Authentication Step[2m > [22m[2mWizard Step Navigation[2m > [22m[2mshould navigate back from Filer to Auth step
[22m[39m[Wizard] Verifying credentials...

[90mstdout[2m | components/IRIS1099Wizard.test.tsx[2m > [22m[2mIRIS1099Wizard - Authentication Step[2m > [22m[2mWizard Step Navigation[2m > [22m[2mshould navigate back from Filer to Auth step
[22m[39m[Wizard] 2FA required: [33mfalse[39m
[Wizard] Proceeding to Filer step

[90mstdout[2m | components/IRIS1099Wizard.test.tsx[2m > [22m[2mIRIS1099Wizard - Authentication Step[2m > [22m[2mWizard Step Navigation[2m > [22m[2mshould navigate back from Filer to Auth step
[22m[39m[IRS Login Modal] Not open, returning null

[90mstdout[2m | components/IRIS1099Wizard.test.tsx[2m > [22m[2mIRIS1099Wizard - Authentication Step[2m > [22m[2mWizard Step Navigation[2m > [22m[2mshould navigate back from Filer to Auth step
[22m[39m[IRS Login Modal] Not open, returning null

[90mstdout[2m | components/IRIS1099Wizard.test.tsx[2m > [22m[2mIRIS1099Wizard - Authentication Step[2m > [22m[2mWizard Step Navigation[2m > [22m[2mshould preserve filer state when navigating back to Auth and returning to Filer
[22m[39m[IRS Login Modal] Not open, returning null

[90mstdout[2m | components/IRIS1099Wizard.test.tsx[2m > [22m[2mIRIS1099Wizard - Authentication Step[2m > [22m[2mWizard Step Navigation[2m > [22m[2mshould preserve filer state when navigating back to Auth and returning to Filer
[22m[39m[IRS Login Modal] Not open, returning null

[90mstdout[2m | components/IRIS1099Wizard.test.tsx[2m > [22m[2mIRIS1099Wizard - Authentication Step[2m > [22m[2mWizard Step Navigation[2m > [22m[2mshould preserve filer state when navigating back to Auth and returning to Filer
[22m[39m[IRS Login Modal] Not open, returning null
[IRS Login Modal] Not open, returning null
[Wizard] Authenticating...
[IRS Login Modal] Not open, returning null
[Wizard] Health check: { status: [32m'healthy'[39m, service: [32m'IRS IRIS API Proxy'[39m, version: [32m'1.0.0'[39m }

[90mstdout[2m | components/IRIS1099Wizard.test.tsx[2m > [22m[2mIRIS1099Wizard - Authentication Step[2m > [22m[2mWizard Step Navigation[2m > [22m[2mshould preserve filer state when navigating back to Auth and returning to Filer
[22m[39m[IRS Login Modal] Not open, returning null

[90mstdout[2m | components/IRIS1099Wizard.test.tsx[2m > [22m[2mIRIS1099Wizard - Authentication Step[2m > [22m[2mWizard Step Navigation[2m > [22m[2mshould preserve filer state when navigating back to Auth and returning to Filer
[22m[39m[Wizard] Verifying credentials...

[90mstdout[2m | components/IRIS1099Wizard.test.tsx[2m > [22m[2mIRIS1099Wizard - Authentication Step[2m > [22m[2mWizard Step Navigation[2m > [22m[2mshould preserve filer state when navigating back to Auth and returning to Filer
[22m[39m[Wizard] 2FA required: [33mfalse[39m
[Wizard] Proceeding to Filer step

[90mstdout[2m | components/IRIS1099Wizard.test.tsx[2m > [22m[2mIRIS1099Wizard - Authentication Step[2m > [22m[2mWizard Step Navigation[2m > [22m[2mshould preserve filer state when navigating back to Auth and returning to Filer
[22m[39m[IRS Login Modal] Not open, returning null

[90mstdout[2m | components/IRIS1099Wizard.test.tsx[2m > [22m[2mIRIS1099Wizard - Authentication Step[2m > [22m[2mWizard Step Navigation[2m > [22m[2mshould preserve filer state when navigating back to Auth and returning to Filer
[22m[39m[IRS Login Modal] Not open, returning null
[IRS Login Modal] Not open, returning null
[IRS Login Modal] Not open, returning null
[IRS Login Modal] Not open, returning null

[90mstdout[2m | components/IRIS1099Wizard.test.tsx[2m > [22m[2mIRIS1099Wizard - Authentication Step[2m > [22m[2mWizard Step Navigation[2m > [22m[2mshould preserve filer state when navigating back to Auth and returning to Filer
[22m[39m[Wizard] Authenticating...
[IRS Login Modal] Not open, returning null
[Wizard] Health check: { status: [32m'healthy'[39m, service: [32m'IRS IRIS API Proxy'[39m, version: [32m'1.0.0'[39m }

[90mstdout[2m | components/IRIS1099Wizard.test.tsx[2m > [22m[2mIRIS1099Wizard - Authentication Step[2m > [22m[2mWizard Step Navigation[2m > [22m[2mshould preserve filer state when navigating back to Auth and returning to Filer
[22m[39m[IRS Login Modal] Not open, returning null

[90mstdout[2m | components/IRIS1099Wizard.test.tsx[2m > [22m[2mIRIS1099Wizard - Authentication Step[2m > [22m[2mWizard Step Navigation[2m > [22m[2mshould preserve filer state when navigating back to Auth and returning to Filer
[22m[39m[Wizard] Verifying credentials...

[90mstdout[2m | components/IRIS1099Wizard.test.tsx[2m > [22m[2mIRIS1099Wizard - Authentication Step[2m > [22m[2mWizard Step Navigation[2m > [22m[2mshould preserve filer state when navigating back to Auth and returning to Filer
[22m[39m[Wizard] 2FA required: [33mfalse[39m
[Wizard] Proceeding to Filer step

[90mstdout[2m | components/IRIS1099Wizard.test.tsx[2m > [22m[2mIRIS1099Wizard - Authentication Step[2m > [22m[2mWizard Step Navigation[2m > [22m[2mshould preserve filer state when navigating back to Auth and returning to Filer
[22m[39m[IRS Login Modal] Not open, returning null

[90mstdout[2m | components/IRIS1099Wizard.test.tsx[2m > [22m[2mIRIS1099Wizard - Authentication Step[2m > [22m[2mFiler Form Validation[2m > [22m[2mshould format EIN as user types (XX-XXXXXXX)
[22m[39m[IRS Login Modal] Not open, returning null

[90mstdout[2m | components/IRIS1099Wizard.test.tsx[2m > [22m[2mIRIS1099Wizard - Authentication Step[2m > [22m[2mFiler Form Validation[2m > [22m[2mshould format EIN as user types (XX-XXXXXXX)
[22m[39m[IRS Login Modal] Not open, returning null

[90mstdout[2m | components/IRIS1099Wizard.test.tsx[2m > [22m[2mIRIS1099Wizard - Authentication Step[2m > [22m[2mFiler Form Validation[2m > [22m[2mshould format EIN as user types (XX-XXXXXXX)
[22m[39m[IRS Login Modal] Not open, returning null
[IRS Login Modal] Not open, returning null
[Wizard] Authenticating...
[IRS Login Modal] Not open, returning null
[Wizard] Health check: { status: [32m'healthy'[39m, service: [32m'IRS IRIS API Proxy'[39m, version: [32m'1.0.0'[39m }

[90mstdout[2m | components/IRIS1099Wizard.test.tsx[2m > [22m[2mIRIS1099Wizard - Authentication Step[2m > [22m[2mFiler Form Validation[2m > [22m[2mshould format EIN as user types (XX-XXXXXXX)
[22m[39m[IRS Login Modal] Not open, returning null

[90mstdout[2m | components/IRIS1099Wizard.test.tsx[2m > [22m[2mIRIS1099Wizard - Authentication Step[2m > [22m[2mFiler Form Validation[2m > [22m[2mshould format EIN as user types (XX-XXXXXXX)
[22m[39m[Wizard] Verifying credentials...

[90mstdout[2m | components/IRIS1099Wizard.test.tsx[2m > [22m[2mIRIS1099Wizard - Authentication Step[2m > [22m[2mFiler Form Validation[2m > [22m[2mshould format EIN as user types (XX-XXXXXXX)
[22m[39m[Wizard] 2FA required: [33mfalse[39m
[Wizard] Proceeding to Filer step

[90mstdout[2m | components/IRIS1099Wizard.test.tsx[2m > [22m[2mIRIS1099Wizard - Authentication Step[2m > [22m[2mFiler Form Validation[2m > [22m[2mshould format EIN as user types (XX-XXXXXXX)
[22m[39m[IRS Login Modal] Not open, returning null

[90mstdout[2m | components/IRIS1099Wizard.test.tsx[2m > [22m[2mIRIS1099Wizard - Authentication Step[2m > [22m[2mFiler Form Validation[2m > [22m[2mshould format EIN as user types (XX-XXXXXXX)
[22m[39m[IRS Login Modal] Not open, returning null

[90mstdout[2m | components/IRIS1099Wizard.test.tsx[2m > [22m[2mIRIS1099Wizard - Authentication Step[2m > [22m[2mFiler Form Validation[2m > [22m[2mshould reject EIN with fewer than 9 digits
[22m[39m[IRS Login Modal] Not open, returning null

[90mstdout[2m | components/IRIS1099Wizard.test.tsx[2m > [22m[2mIRIS1099Wizard - Authentication Step[2m > [22m[2mFiler Form Validation[2m > [22m[2mshould reject EIN with fewer than 9 digits
[22m[39m[IRS Login Modal] Not open, returning null

[90mstdout[2m | components/IRIS1099Wizard.test.tsx[2m > [22m[2mIRIS1099Wizard - Authentication Step[2m > [22m[2mFiler Form Validation[2m > [22m[2mshould reject EIN with fewer than 9 digits
[22m[39m[IRS Login Modal] Not open, returning null
[IRS Login Modal] Not open, returning null
[Wizard] Authenticating...
[IRS Login Modal] Not open, returning null
[Wizard] Health check: { status: [32m'healthy'[39m, service: [32m'IRS IRIS API Proxy'[39m, version: [32m'1.0.0'[39m }

[90mstdout[2m | components/IRIS1099Wizard.test.tsx[2m > [22m[2mIRIS1099Wizard - Authentication Step[2m > [22m[2mFiler Form Validation[2m > [22m[2mshould reject EIN with fewer than 9 digits
[22m[39m[IRS Login Modal] Not open, returning null

[90mstdout[2m | components/IRIS1099Wizard.test.tsx[2m > [22m[2mIRIS1099Wizard - Authentication Step[2m > [22m[2mFiler Form Validation[2m > [22m[2mshould reject EIN with fewer than 9 digits
[22m[39m[Wizard] Verifying credentials...

[90mstdout[2m | components/IRIS1099Wizard.test.tsx[2m > [22m[2mIRIS1099Wizard - Authentication Step[2m > [22m[2mFiler Form Validation[2m > [22m[2mshould reject EIN with fewer than 9 digits
[22m[39m[Wizard] 2FA required: [33mfalse[39m
[Wizard] Proceeding to Filer step

[90mstdout[2m | components/IRIS1099Wizard.test.tsx[2m > [22m[2mIRIS1099Wizard - Authentication Step[2m > [22m[2mFiler Form Validation[2m > [22m[2mshould reject EIN with fewer than 9 digits
[22m[39m[IRS Login Modal] Not open, returning null

[90mstdout[2m | components/IRIS1099Wizard.test.tsx[2m > [22m[2mIRIS1099Wizard - Authentication Step[2m > [22m[2mFiler Form Validation[2m > [22m[2mshould reject EIN with fewer than 9 digits
[22m[39m[IRS Login Modal] Not open, returning null

[90mstdout[2m | components/IRIS1099Wizard.test.tsx[2m > [22m[2mIRIS1099Wizard - Authentication Step[2m > [22m[2mFiler Form Validation[2m > [22m[2mshould require state abbreviation (2 characters)
[22m[39m[IRS Login Modal] Not open, returning null

[90mstdout[2m | components/IRIS1099Wizard.test.tsx[2m > [22m[2mIRIS1099Wizard - Authentication Step[2m > [22m[2mFiler Form Validation[2m > [22m[2mshould require state abbreviation (2 characters)
[22m[39m[IRS Login Modal] Not open, returning null

[90mstdout[2m | components/IRIS1099Wizard.test.tsx[2m > [22m[2mIRIS1099Wizard - Authentication Step[2m > [22m[2mFiler Form Validation[2m > [22m[2mshould require state abbreviation (2 characters)
[22m[39m[IRS Login Modal] Not open, returning null
[IRS Login Modal] Not open, returning null
[Wizard] Authenticating...
[IRS Login Modal] Not open, returning null
[Wizard] Health check: { status: [32m'healthy'[39m, service: [32m'IRS IRIS API Proxy'[39m, version: [32m'1.0.0'[39m }

[90mstdout[2m | components/IRIS1099Wizard.test.tsx[2m > [22m[2mIRIS1099Wizard - Authentication Step[2m > [22m[2mFiler Form Validation[2m > [22m[2mshould require state abbreviation (2 characters)
[22m[39m[IRS Login Modal] Not open, returning null

[90mstdout[2m | components/IRIS1099Wizard.test.tsx[2m > [22m[2mIRIS1099Wizard - Authentication Step[2m > [22m[2mFiler Form Validation[2m > [22m[2mshould require state abbreviation (2 characters)
[22m[39m[Wizard] Verifying credentials...

[90mstdout[2m | components/IRIS1099Wizard.test.tsx[2m > [22m[2mIRIS1099Wizard - Authentication Step[2m > [22m[2mFiler Form Validation[2m > [22m[2mshould require state abbreviation (2 characters)
[22m[39m[Wizard] 2FA required: [33mfalse[39m
[Wizard] Proceeding to Filer step

[90mstdout[2m | components/IRIS1099Wizard.test.tsx[2m > [22m[2mIRIS1099Wizard - Authentication Step[2m > [22m[2mFiler Form Validation[2m > [22m[2mshould require state abbreviation (2 characters)
[22m[39m[IRS Login Modal] Not open, returning null

[90mstdout[2m | components/IRIS1099Wizard.test.tsx[2m > [22m[2mIRIS1099Wizard - Authentication Step[2m > [22m[2mFiler Form Validation[2m > [22m[2mshould uppercase state abbreviation automatically
[22m[39m[IRS Login Modal] Not open, returning null

[90mstdout[2m | components/IRIS1099Wizard.test.tsx[2m > [22m[2mIRIS1099Wizard - Authentication Step[2m > [22m[2mFiler Form Validation[2m > [22m[2mshould uppercase state abbreviation automatically
[22m[39m[IRS Login Modal] Not open, returning null

[90mstdout[2m | components/IRIS1099Wizard.test.tsx[2m > [22m[2mIRIS1099Wizard - Authentication Step[2m > [22m[2mFiler Form Validation[2m > [22m[2mshould uppercase state abbreviation automatically
[22m[39m[IRS Login Modal] Not open, returning null
[IRS Login Modal] Not open, returning null
[Wizard] Authenticating...
[IRS Login Modal] Not open, returning null
[Wizard] Health check: { status: [32m'healthy'[39m, service: [32m'IRS IRIS API Proxy'[39m, version: [32m'1.0.0'[39m }

[90mstdout[2m | components/IRIS1099Wizard.test.tsx[2m > [22m[2mIRIS1099Wizard - Authentication Step[2m > [22m[2mFiler Form Validation[2m > [22m[2mshould uppercase state abbreviation automatically
[22m[39m[IRS Login Modal] Not open, returning null

[90mstdout[2m | components/IRIS1099Wizard.test.tsx[2m > [22m[2mIRIS1099Wizard - Authentication Step[2m > [22m[2mFiler Form Validation[2m > [22m[2mshould uppercase state abbreviation automatically
[22m[39m[Wizard] Verifying credentials...

[90mstdout[2m | components/IRIS1099Wizard.test.tsx[2m > [22m[2mIRIS1099Wizard - Authentication Step[2m > [22m[2mFiler Form Validation[2m > [22m[2mshould uppercase state abbreviation automatically
[22m[39m[Wizard] 2FA required: [33mfalse[39m
[Wizard] Proceeding to Filer step

[90mstdout[2m | components/IRIS1099Wizard.test.tsx[2m > [22m[2mIRIS1099Wizard - Authentication Step[2m > [22m[2mFiler Form Validation[2m > [22m[2mshould uppercase state abbreviation automatically
[22m[39m[IRS Login Modal] Not open, returning null

[90mstdout[2m | components/IRIS1099Wizard.test.tsx[2m > [22m[2mIRIS1099Wizard - Authentication Step[2m > [22m[2mFiler Form Validation[2m > [22m[2mshould uppercase state abbreviation automatically
[22m[39m[IRS Login Modal] Not open, returning null

[90mstdout[2m | components/IRIS1099Wizard.test.tsx[2m > [22m[2mIRIS1099Wizard - Authentication Step[2m > [22m[2mFiler Form Validation[2m > [22m[2mshould validate ZIP code format
[22m[39m[IRS Login Modal] Not open, returning null

[90mstdout[2m | components/IRIS1099Wizard.test.tsx[2m > [22m[2mIRIS1099Wizard - Authentication Step[2m > [22m[2mFiler Form Validation[2m > [22m[2mshould validate ZIP code format
[22m[39m[IRS Login Modal] Not open, returning null

[90mstdout[2m | components/IRIS1099Wizard.test.tsx[2m > [22m[2mIRIS1099Wizard - Authentication Step[2m > [22m[2mFiler Form Validation[2m > [22m[2mshould validate ZIP code format
[22m[39m[IRS Login Modal] Not open, returning null
[IRS Login Modal] Not open, returning null
[Wizard] Authenticating...
[IRS Login Modal] Not open, returning null
[Wizard] Health check: { status: [32m'healthy'[39m, service: [32m'IRS IRIS API Proxy'[39m, version: [32m'1.0.0'[39m }

[90mstdout[2m | components/IRIS1099Wizard.test.tsx[2m > [22m[2mIRIS1099Wizard - Authentication Step[2m > [22m[2mFiler Form Validation[2m > [22m[2mshould validate ZIP code format
[22m[39m[IRS Login Modal] Not open, returning null

[90mstdout[2m | components/IRIS1099Wizard.test.tsx[2m > [22m[2mIRIS1099Wizard - Authentication Step[2m > [22m[2mFiler Form Validation[2m > [22m[2mshould validate ZIP code format
[22m[39m[Wizard] Verifying credentials...

[90mstdout[2m | components/IRIS1099Wizard.test.tsx[2m > [22m[2mIRIS1099Wizard - Authentication Step[2m > [22m[2mFiler Form Validation[2m > [22m[2mshould validate ZIP code format
[22m[39m[Wizard] 2FA required: [33mfalse[39m
[Wizard] Proceeding to Filer step

[90mstdout[2m | components/IRIS1099Wizard.test.tsx[2m > [22m[2mIRIS1099Wizard - Authentication Step[2m > [22m[2mFiler Form Validation[2m > [22m[2mshould validate ZIP code format
[22m[39m[IRS Login Modal] Not open, returning null

[90mstdout[2m | components/IRIS1099Wizard.test.tsx[2m > [22m[2mIRIS1099Wizard - Authentication Step[2m > [22m[2mFiler Form Validation[2m > [22m[2mshould validate ZIP code format
[22m[39m[IRS Login Modal] Not open, returning null
[IRS Login Modal] Not open, returning null
[IRS Login Modal] Not open, returning null
[IRS Login Modal] Not open, returning null
[IRS Login Modal] Not open, returning null
[IRS Login Modal] Not open, returning null

[90mstdout[2m | components/IRIS1099Wizard.test.tsx[2m > [22m[2mIRIS1099Wizard - Authentication Step[2m > [22m[2mFiler Form Validation[2m > [22m[2mshould accept ZIP+4 format
[22m[39m[IRS Login Modal] Not open, returning null

[90mstdout[2m | components/IRIS1099Wizard.test.tsx[2m > [22m[2mIRIS1099Wizard - Authentication Step[2m > [22m[2mFiler Form Validation[2m > [22m[2mshould accept ZIP+4 format
[22m[39m[IRS Login Modal] Not open, returning null

[90mstdout[2m | components/IRIS1099Wizard.test.tsx[2m > [22m[2mIRIS1099Wizard - Authentication Step[2m > [22m[2mFiler Form Validation[2m > [22m[2mshould accept ZIP+4 format
[22m[39m[IRS Login Modal] Not open, returning null
[IRS Login Modal] Not open, returning null
[Wizard] Authenticating...
[IRS Login Modal] Not open, returning null
[Wizard] Health check: { status: [32m'healthy'[39m, service: [32m'IRS IRIS API Proxy'[39m, version: [32m'1.0.0'[39m }

[90mstdout[2m | components/IRIS1099Wizard.test.tsx[2m > [22m[2mIRIS1099Wizard - Authentication Step[2m > [22m[2mFiler Form Validation[2m > [22m[2mshould accept ZIP+4 format
[22m[39m[IRS Login Modal] Not open, returning null

[90mstdout[2m | components/IRIS1099Wizard.test.tsx[2m > [22m[2mIRIS1099Wizard - Authentication Step[2m > [22m[2mFiler Form Validation[2m > [22m[2mshould accept ZIP+4 format
[22m[39m[Wizard] Verifying credentials...

[90mstdout[2m | components/IRIS1099Wizard.test.tsx[2m > [22m[2mIRIS1099Wizard - Authentication Step[2m > [22m[2mFiler Form Validation[2m > [22m[2mshould accept ZIP+4 format
[22m[39m[Wizard] 2FA required: [33mfalse[39m
[Wizard] Proceeding to Filer step

[90mstdout[2m | components/IRIS1099Wizard.test.tsx[2m > [22m[2mIRIS1099Wizard - Authentication Step[2m > [22m[2mFiler Form Validation[2m > [22m[2mshould accept ZIP+4 format
[22m[39m[IRS Login Modal] Not open, returning null

[90mstdout[2m | components/IRIS1099Wizard.test.tsx[2m > [22m[2mIRIS1099Wizard - Authentication Step[2m > [22m[2mFiler Form Validation[2m > [22m[2mshould accept ZIP+4 format
[22m[39m[IRS Login Modal] Not open, returning null

[90mstdout[2m | components/IRIS1099Wizard.test.tsx[2m > [22m[2mIRIS1099Wizard - Authentication Step[2m > [22m[2mFiler Form Validation[2m > [22m[2mshould uppercase country code automatically
[22m[39m[IRS Login Modal] Not open, returning null

[90mstdout[2m | components/IRIS1099Wizard.test.tsx[2m > [22m[2mIRIS1099Wizard - Authentication Step[2m > [22m[2mFiler Form Validation[2m > [22m[2mshould uppercase country code automatically
[22m[39m[IRS Login Modal] Not open, returning null

[90mstdout[2m | components/IRIS1099Wizard.test.tsx[2m > [22m[2mIRIS1099Wizard - Authentication Step[2m > [22m[2mFiler Form Validation[2m > [22m[2mshould uppercase country code automatically
[22m[39m[IRS Login Modal] Not open, returning null
[IRS Login Modal] Not open, returning null
[Wizard] Authenticating...
[IRS Login Modal] Not open, returning null
[Wizard] Health check: { status: [32m'healthy'[39m, service: [32m'IRS IRIS API Proxy'[39m, version: [32m'1.0.0'[39m }

[90mstdout[2m | components/IRIS1099Wizard.test.tsx[2m > [22m[2mIRIS1099Wizard - Authentication Step[2m > [22m[2mFiler Form Validation[2m > [22m[2mshould uppercase country code automatically
[22m[39m[IRS Login Modal] Not open, returning null

[90mstdout[2m | components/IRIS1099Wizard.test.tsx[2m > [22m[2mIRIS1099Wizard - Authentication Step[2m > [22m[2mFiler Form Validation[2m > [22m[2mshould uppercase country code automatically
[22m[39m[Wizard] Verifying credentials...

[90mstdout[2m | components/IRIS1099Wizard.test.tsx[2m > [22m[2mIRIS1099Wizard - Authentication Step[2m > [22m[2mFiler Form Validation[2m > [22m[2mshould uppercase country code automatically
[22m[39m[Wizard] 2FA required: [33mfalse[39m
[Wizard] Proceeding to Filer step

[90mstdout[2m | components/IRIS1099Wizard.test.tsx[2m > [22m[2mIRIS1099Wizard - Authentication Step[2m > [22m[2mFiler Form Validation[2m > [22m[2mshould uppercase country code automatically
[22m[39m[IRS Login Modal] Not open, returning null

[90mstdout[2m | components/IRIS1099Wizard.test.tsx[2m > [22m[2mIRIS1099Wizard - Authentication Step[2m > [22m[2mFiler Form Validation[2m > [22m[2mshould uppercase country code automatically
[22m[39m[IRS Login Modal] Not open, returning null

[90mstdout[2m | components/IRIS1099Wizard.test.tsx[2m > [22m[2mIRIS1099Wizard - Authentication Step[2m > [22m[2mPayee Management[2m > [22m[2mshould add payee to list when Add Payee to Batch is clicked
[22m[39m[IRS Login Modal] Not open, returning null

[90mstdout[2m | components/IRIS1099Wizard.test.tsx[2m > [22m[2mIRIS1099Wizard - Authentication Step[2m > [22m[2mPayee Management[2m > [22m[2mshould add payee to list when Add Payee to Batch is clicked
[22m[39m[IRS Login Modal] Not open, returning null

[90mstdout[2m | components/IRIS1099Wizard.test.tsx[2m > [22m[2mIRIS1099Wizard - Authentication Step[2m > [22m[2mPayee Management[2m > [22m[2mshould add payee to list when Add Payee to Batch is clicked
[22m[39m[IRS Login Modal] Not open, returning null
[IRS Login Modal] Not open, returning null
[Wizard] Authenticating...
[IRS Login Modal] Not open, returning null
[Wizard] Health check: { status: [32m'healthy'[39m, service: [32m'IRS IRIS API Proxy'[39m, version: [32m'1.0.0'[39m }

[90mstdout[2m | components/IRIS1099Wizard.test.tsx[2m > [22m[2mIRIS1099Wizard - Authentication Step[2m > [22m[2mPayee Management[2m > [22m[2mshould add payee to list when Add Payee to Batch is clicked
[22m[39m[IRS Login Modal] Not open, returning null

[90mstdout[2m | components/IRIS1099Wizard.test.tsx[2m > [22m[2mIRIS1099Wizard - Authentication Step[2m > [22m[2mPayee Management[2m > [22m[2mshould add payee to list when Add Payee to Batch is clicked
[22m[39m[Wizard] Verifying credentials...

[90mstdout[2m | components/IRIS1099Wizard.test.tsx[2m > [22m[2mIRIS1099Wizard - Authentication Step[2m > [22m[2mPayee Management[2m > [22m[2mshould add payee to list when Add Payee to Batch is clicked
[22m[39m[Wizard] 2FA required: [33mfalse[39m
[Wizard] Proceeding to Filer step

[90mstdout[2m | components/IRIS1099Wizard.test.tsx[2m > [22m[2mIRIS1099Wizard - Authentication Step[2m > [22m[2mPayee Management[2m > [22m[2mshould add payee to list when Add Payee to Batch is clicked
[22m[39m[IRS Login Modal] Not open, returning null

[90mstdout[2m | components/IRIS1099Wizard.test.tsx[2m > [22m[2mIRIS1099Wizard - Authentication Step[2m > [22m[2mPayee Management[2m > [22m[2mshould add payee to list when Add Payee to Batch is clicked
[22m[39m[IRS Login Modal] Not open, returning null
[IRS Login Modal] Not open, returning null
[IRS Login Modal] Not open, returning null
[IRS Login Modal] Not open, returning null
[IRS Login Modal] Not open, returning null

[90mstdout[2m | components/IRIS1099Wizard.test.tsx[2m > [22m[2mIRIS1099Wizard - Authentication Step[2m > [22m[2mPayee Management[2m > [22m[2mshould add payee to list when Add Payee to Batch is clicked
[22m[39m[IRS Login Modal] Not open, returning null
[IRS Login Modal] Not open, returning null
[IRS Login Modal] Not open, returning null

[90mstdout[2m | components/IRIS1099Wizard.test.tsx[2m > [22m[2mIRIS1099Wizard - Authentication Step[2m > [22m[2mPayee Management[2m > [22m[2mshould add payee to list when Add Payee to Batch is clicked
[22m[39m[IRS Login Modal] Not open, returning null

[90mstdout[2m | components/IRIS1099Wizard.test.tsx[2m > [22m[2mIRIS1099Wizard - Authentication Step[2m > [22m[2mPayee Management[2m > [22m[2mshould allow adding multiple payees
[22m[39m[IRS Login Modal] Not open, returning null

[90mstdout[2m | components/IRIS1099Wizard.test.tsx[2m > [22m[2mIRIS1099Wizard - Authentication Step[2m > [22m[2mPayee Management[2m > [22m[2mshould allow adding multiple payees
[22m[39m[IRS Login Modal] Not open, returning null

[90mstdout[2m | components/IRIS1099Wizard.test.tsx[2m > [22m[2mIRIS1099Wizard - Authentication Step[2m > [22m[2mPayee Management[2m > [22m[2mshould allow adding multiple payees
[22m[39m[IRS Login Modal] Not open, returning null
[IRS Login Modal] Not open, returning null
[Wizard] Authenticating...
[IRS Login Modal] Not open, returning null
[Wizard] Health check: { status: [32m'healthy'[39m, service: [32m'IRS IRIS API Proxy'[39m, version: [32m'1.0.0'[39m }

[90mstdout[2m | components/IRIS1099Wizard.test.tsx[2m > [22m[2mIRIS1099Wizard - Authentication Step[2m > [22m[2mPayee Management[2m > [22m[2mshould allow adding multiple payees
[22m[39m[IRS Login Modal] Not open, returning null

[90mstdout[2m | components/IRIS1099Wizard.test.tsx[2m > [22m[2mIRIS1099Wizard - Authentication Step[2m > [22m[2mPayee Management[2m > [22m[2mshould allow adding multiple payees
[22m[39m[Wizard] Verifying credentials...

[90mstdout[2m | components/IRIS1099Wizard.test.tsx[2m > [22m[2mIRIS1099Wizard - Authentication Step[2m > [22m[2mPayee Management[2m > [22m[2mshould allow adding multiple payees
[22m[39m[Wizard] 2FA required: [33mfalse[39m
[Wizard] Proceeding to Filer step

[90mstdout[2m | components/IRIS1099Wizard.test.tsx[2m > [22m[2mIRIS1099Wizard - Authentication Step[2m > [22m[2mPayee Management[2m > [22m[2mshould allow adding multiple payees
[22m[39m[IRS Login Modal] Not open, returning null

[90mstdout[2m | components/IRIS1099Wizard.test.tsx[2m > [22m[2mIRIS1099Wizard - Authentication Step[2m > [22m[2mPayee Management[2m > [22m[2mshould allow adding multiple payees
[22m[39m[IRS Login Modal] Not open, returning null
[IRS Login Modal] Not open, returning null
[IRS Login Modal] Not open, returning null
[IRS Login Modal] Not open, returning null
[IRS Login Modal] Not open, returning null

[90mstdout[2m | components/IRIS1099Wizard.test.tsx[2m > [22m[2mIRIS1099Wizard - Authentication Step[2m > [22m[2mPayee Management[2m > [22m[2mshould allow adding multiple payees
[22m[39m[IRS Login Modal] Not open, returning null
[IRS Login Modal] Not open, returning null
[IRS Login Modal] Not open, returning null

[90mstdout[2m | components/IRIS1099Wizard.test.tsx[2m > [22m[2mIRIS1099Wizard - Authentication Step[2m > [22m[2mPayee Management[2m > [22m[2mshould allow adding multiple payees
[22m[39m[IRS Login Modal] Not open, returning null

[90mstdout[2m | components/IRIS1099Wizard.test.tsx[2m > [22m[2mIRIS1099Wizard - Authentication Step[2m > [22m[2mPayee Management[2m > [22m[2mshould allow adding multiple payees
[22m[39m[IRS Login Modal] Not open, returning null
[IRS Login Modal] Not open, returning null
[IRS Login Modal] Not open, returning null

[90mstdout[2m | components/IRIS1099Wizard.test.tsx[2m > [22m[2mIRIS1099Wizard - Authentication Step[2m > [22m[2mPayee Management[2m > [22m[2mshould allow adding multiple payees
[22m[39m[IRS Login Modal] Not open, returning null

[90mstdout[2m | components/IRIS1099Wizard.test.tsx[2m > [22m[2mIRIS1099Wizard - Authentication Step[2m > [22m[2mPayee Management[2m > [22m[2mshould require TIN to add payee
[22m[39m[IRS Login Modal] Not open, returning null

[90mstdout[2m | components/IRIS1099Wizard.test.tsx[2m > [22m[2mIRIS1099Wizard - Authentication Step[2m > [22m[2mPayee Management[2m > [22m[2mshould require TIN to add payee
[22m[39m[IRS Login Modal] Not open, returning null

[90mstdout[2m | components/IRIS1099Wizard.test.tsx[2m > [22m[2mIRIS1099Wizard - Authentication Step[2m > [22m[2mPayee Management[2m > [22m[2mshould require TIN to add payee
[22m[39m[IRS Login Modal] Not open, returning null
[IRS Login Modal] Not open, returning null
[Wizard] Authenticating...
[IRS Login Modal] Not open, returning null
[Wizard] Health check: { status: [32m'healthy'[39m, service: [32m'IRS IRIS API Proxy'[39m, version: [32m'1.0.0'[39m }

[90mstdout[2m | components/IRIS1099Wizard.test.tsx[2m > [22m[2mIRIS1099Wizard - Authentication Step[2m > [22m[2mPayee Management[2m > [22m[2mshould require TIN to add payee
[22m[39m[IRS Login Modal] Not open, returning null

[90mstdout[2m | components/IRIS1099Wizard.test.tsx[2m > [22m[2mIRIS1099Wizard - Authentication Step[2m > [22m[2mPayee Management[2m > [22m[2mshould require TIN to add payee
[22m[39m[Wizard] Verifying credentials...

[90mstdout[2m | components/IRIS1099Wizard.test.tsx[2m > [22m[2mIRIS1099Wizard - Authentication Step[2m > [22m[2mPayee Management[2m > [22m[2mshould require TIN to add payee
[22m[39m[Wizard] 2FA required: [33mfalse[39m
[Wizard] Proceeding to Filer step

[90mstdout[2m | components/IRIS1099Wizard.test.tsx[2m > [22m[2mIRIS1099Wizard - Authentication Step[2m > [22m[2mPayee Management[2m > [22m[2mshould require TIN to add payee
[22m[39m[IRS Login Modal] Not open, returning null

[90mstdout[2m | components/IRIS1099Wizard.test.tsx[2m > [22m[2mIRIS1099Wizard - Authentication Step[2m > [22m[2mPayee Management[2m > [22m[2mshould require TIN to add payee
[22m[39m[IRS Login Modal] Not open, returning null
[IRS Login Modal] Not open, returning null
[IRS Login Modal] Not open, returning null
[IRS Login Modal] Not open, returning null
[IRS Login Modal] Not open, returning null

[90mstdout[2m | components/IRIS1099Wizard.test.tsx[2m > [22m[2mIRIS1099Wizard - Authentication Step[2m > [22m[2mPayee Management[2m > [22m[2mshould require TIN to add payee
[22m[39m[IRS Login Modal] Not open, returning null

[90mstdout[2m | components/IRIS1099Wizard.test.tsx[2m > [22m[2mIRIS1099Wizard - Authentication Step[2m > [22m[2mPayee Management[2m > [22m[2mshould require name to add payee
[22m[39m[IRS Login Modal] Not open, returning null

[90mstdout[2m | components/IRIS1099Wizard.test.tsx[2m > [22m[2mIRIS1099Wizard - Authentication Step[2m > [22m[2mPayee Management[2m > [22m[2mshould require name to add payee
[22m[39m[IRS Login Modal] Not open, returning null

[90mstdout[2m | components/IRIS1099Wizard.test.tsx[2m > [22m[2mIRIS1099Wizard - Authentication Step[2m > [22m[2mPayee Management[2m > [22m[2mshould require name to add payee
[22m[39m[IRS Login Modal] Not open, returning null
[IRS Login Modal] Not open, returning null
[Wizard] Authenticating...
[IRS Login Modal] Not open, returning null
[Wizard] Health check: { status: [32m'healthy'[39m, service: [32m'IRS IRIS API Proxy'[39m, version: [32m'1.0.0'[39m }

[90mstdout[2m | components/IRIS1099Wizard.test.tsx[2m > [22m[2mIRIS1099Wizard - Authentication Step[2m > [22m[2mPayee Management[2m > [22m[2mshould require name to add payee
[22m[39m[IRS Login Modal] Not open, returning null

[90mstdout[2m | components/IRIS1099Wizard.test.tsx[2m > [22m[2mIRIS1099Wizard - Authentication Step[2m > [22m[2mPayee Management[2m > [22m[2mshould require name to add payee
[22m[39m[Wizard] Verifying credentials...

[90mstdout[2m | components/IRIS1099Wizard.test.tsx[2m > [22m[2mIRIS1099Wizard - Authentication Step[2m > [22m[2mPayee Management[2m > [22m[2mshould require name to add payee
[22m[39m[Wizard] 2FA required: [33mfalse[39m
[Wizard] Proceeding to Filer step

[90mstdout[2m | components/IRIS1099Wizard.test.tsx[2m > [22m[2mIRIS1099Wizard - Authentication Step[2m > [22m[2mPayee Management[2m > [22m[2mshould require name to add payee
[22m[39m[IRS Login Modal] Not open, returning null

[90mstdout[2m | components/IRIS1099Wizard.test.tsx[2m > [22m[2mIRIS1099Wizard - Authentication Step[2m > [22m[2mPayee Management[2m > [22m[2mshould require name to add payee
[22m[39m[IRS Login Modal] Not open, returning null
[IRS Login Modal] Not open, returning null
[IRS Login Modal] Not open, returning null
[IRS Login Modal] Not open, returning null
[IRS Login Modal] Not open, returning null

[90mstdout[2m | components/IRIS1099Wizard.test.tsx[2m > [22m[2mIRIS1099Wizard - Authentication Step[2m > [22m[2mPayee Management[2m > [22m[2mshould require name to add payee
[22m[39m[IRS Login Modal] Not open, returning null

[90mstdout[2m | components/IRIS1099Wizard.test.tsx[2m > [22m[2mIRIS1099Wizard - Authentication Step[2m > [22m[2mPayee Management[2m > [22m[2mshould clear form after adding payee
[22m[39m[IRS Login Modal] Not open, returning null

[90mstdout[2m | components/IRIS1099Wizard.test.tsx[2m > [22m[2mIRIS1099Wizard - Authentication Step[2m > [22m[2mPayee Management[2m > [22m[2mshould clear form after adding payee
[22m[39m[IRS Login Modal] Not open, returning null

[90mstdout[2m | components/IRIS1099Wizard.test.tsx[2m > [22m[2mIRIS1099Wizard - Authentication Step[2m > [22m[2mPayee Management[2m > [22m[2mshould clear form after adding payee
[22m[39m[IRS Login Modal] Not open, returning null
[IRS Login Modal] Not open, returning null
[Wizard] Authenticating...
[IRS Login Modal] Not open, returning null
[Wizard] Health check: { status: [32m'healthy'[39m, service: [32m'IRS IRIS API Proxy'[39m, version: [32m'1.0.0'[39m }

[90mstdout[2m | components/IRIS1099Wizard.test.tsx[2m > [22m[2mIRIS1099Wizard - Authentication Step[2m > [22m[2mPayee Management[2m > [22m[2mshould clear form after adding payee
[22m[39m[IRS Login Modal] Not open, returning null

[90mstdout[2m | components/IRIS1099Wizard.test.tsx[2m > [22m[2mIRIS1099Wizard - Authentication Step[2m > [22m[2mPayee Management[2m > [22m[2mshould clear form after adding payee
[22m[39m[Wizard] Verifying credentials...

[90mstdout[2m | components/IRIS1099Wizard.test.tsx[2m > [22m[2mIRIS1099Wizard - Authentication Step[2m > [22m[2mPayee Management[2m > [22m[2mshould clear form after adding payee
[22m[39m[Wizard] 2FA required: [33mfalse[39m
[Wizard] Proceeding to Filer step

[90mstdout[2m | components/IRIS1099Wizard.test.tsx[2m > [22m[2mIRIS1099Wizard - Authentication Step[2m > [22m[2mPayee Management[2m > [22m[2mshould clear form after adding payee
[22m[39m[IRS Login Modal] Not open, returning null

[90mstdout[2m | components/IRIS1099Wizard.test.tsx[2m > [22m[2mIRIS1099Wizard - Authentication Step[2m > [22m[2mPayee Management[2m > [22m[2mshould clear form after adding payee
[22m[39m[IRS Login Modal] Not open, returning null
[IRS Login Modal] Not open, returning null
[IRS Login Modal] Not open, returning null
[IRS Login Modal] Not open, returning null
[IRS Login Modal] Not open, returning null

[90mstdout[2m | components/IRIS1099Wizard.test.tsx[2m > [22m[2mIRIS1099Wizard - Authentication Step[2m > [22m[2mPayee Management[2m > [22m[2mshould clear form after adding payee
[22m[39m[IRS Login Modal] Not open, returning null
[IRS Login Modal] Not open, returning null
[IRS Login Modal] Not open, returning null

[90mstdout[2m | components/IRIS1099Wizard.test.tsx[2m > [22m[2mIRIS1099Wizard - Authentication Step[2m > [22m[2mPayee Management[2m > [22m[2mshould clear form after adding payee
[22m[39m[IRS Login Modal] Not open, returning null

[90mstdout[2m | components/IRIS1099Wizard.test.tsx[2m > [22m[2mIRIS1099Wizard - Authentication Step[2m > [22m[2mPayee Management[2m > [22m[2mshould show payee count in header
[22m[39m[IRS Login Modal] Not open, returning null

[90mstdout[2m | components/IRIS1099Wizard.test.tsx[2m > [22m[2mIRIS1099Wizard - Authentication Step[2m > [22m[2mPayee Management[2m > [22m[2mshould show payee count in header
[22m[39m[IRS Login Modal] Not open, returning null

[90mstdout[2m | components/IRIS1099Wizard.test.tsx[2m > [22m[2mIRIS1099Wizard - Authentication Step[2m > [22m[2mPayee Management[2m > [22m[2mshould show payee count in header
[22m[39m[IRS Login Modal] Not open, returning null
[IRS Login Modal] Not open, returning null
[Wizard] Authenticating...
[IRS Login Modal] Not open, returning null
[Wizard] Health check: { status: [32m'healthy'[39m, service: [32m'IRS IRIS API Proxy'[39m, version: [32m'1.0.0'[39m }

[90mstdout[2m | components/IRIS1099Wizard.test.tsx[2m > [22m[2mIRIS1099Wizard - Authentication Step[2m > [22m[2mPayee Management[2m > [22m[2mshould show payee count in header
[22m[39m[IRS Login Modal] Not open, returning null

[90mstdout[2m | components/IRIS1099Wizard.test.tsx[2m > [22m[2mIRIS1099Wizard - Authentication Step[2m > [22m[2mPayee Management[2m > [22m[2mshould show payee count in header
[22m[39m[Wizard] Verifying credentials...

[90mstdout[2m | components/IRIS1099Wizard.test.tsx[2m > [22m[2mIRIS1099Wizard - Authentication Step[2m > [22m[2mPayee Management[2m > [22m[2mshould show payee count in header
[22m[39m[Wizard] 2FA required: [33mfalse[39m
[Wizard] Proceeding to Filer step

[90mstdout[2m | components/IRIS1099Wizard.test.tsx[2m > [22m[2mIRIS1099Wizard - Authentication Step[2m > [22m[2mPayee Management[2m > [22m[2mshould show payee count in header
[22m[39m[IRS Login Modal] Not open, returning null

[90mstdout[2m | components/IRIS1099Wizard.test.tsx[2m > [22m[2mIRIS1099Wizard - Authentication Step[2m > [22m[2mPayee Management[2m > [22m[2mshould show payee count in header
[22m[39m[IRS Login Modal] Not open, returning null
[IRS Login Modal] Not open, returning null
[IRS Login Modal] Not open, returning null
[IRS Login Modal] Not open, returning null
[IRS Login Modal] Not open, returning null

[90mstdout[2m | components/IRIS1099Wizard.test.tsx[2m > [22m[2mIRIS1099Wizard - Authentication Step[2m > [22m[2mPayee Management[2m > [22m[2mshould show payee count in header
[22m[39m[IRS Login Modal] Not open, returning null
[IRS Login Modal] Not open, returning null
[IRS Login Modal] Not open, returning null

[90mstdout[2m | components/IRIS1099Wizard.test.tsx[2m > [22m[2mIRIS1099Wizard - Authentication Step[2m > [22m[2mPayee Management[2m > [22m[2mshould show payee count in header
[22m[39m[IRS Login Modal] Not open, returning null

[90mstdout[2m | components/IRIS1099Wizard.test.tsx[2m > [22m[2mIRIS1099Wizard - Authentication Step[2m > [22m[2mPayee Management[2m > [22m[2mshould show remove button for each payee
[22m[39m[IRS Login Modal] Not open, returning null

[90mstdout[2m | components/IRIS1099Wizard.test.tsx[2m > [22m[2mIRIS1099Wizard - Authentication Step[2m > [22m[2mPayee Management[2m > [22m[2mshould show remove button for each payee
[22m[39m[IRS Login Modal] Not open, returning null

[90mstdout[2m | components/IRIS1099Wizard.test.tsx[2m > [22m[2mIRIS1099Wizard - Authentication Step[2m > [22m[2mPayee Management[2m > [22m[2mshould show remove button for each payee
[22m[39m[IRS Login Modal] Not open, returning null
[IRS Login Modal] Not open, returning null
[Wizard] Authenticating...
[IRS Login Modal] Not open, returning null
[Wizard] Health check: { status: [32m'healthy'[39m, service: [32m'IRS IRIS API Proxy'[39m, version: [32m'1.0.0'[39m }

[90mstdout[2m | components/IRIS1099Wizard.test.tsx[2m > [22m[2mIRIS1099Wizard - Authentication Step[2m > [22m[2mPayee Management[2m > [22m[2mshould show remove button for each payee
[22m[39m[IRS Login Modal] Not open, returning null

[90mstdout[2m | components/IRIS1099Wizard.test.tsx[2m > [22m[2mIRIS1099Wizard - Authentication Step[2m > [22m[2mPayee Management[2m > [22m[2mshould show remove button for each payee
[22m[39m[Wizard] Verifying credentials...

[90mstdout[2m | components/IRIS1099Wizard.test.tsx[2m > [22m[2mIRIS1099Wizard - Authentication Step[2m > [22m[2mPayee Management[2m > [22m[2mshould show remove button for each payee
[22m[39m[Wizard] 2FA required: [33mfalse[39m
[Wizard] Proceeding to Filer step

[90mstdout[2m | components/IRIS1099Wizard.test.tsx[2m > [22m[2mIRIS1099Wizard - Authentication Step[2m > [22m[2mPayee Management[2m > [22m[2mshould show remove button for each payee
[22m[39m[IRS Login Modal] Not open, returning null

[90mstdout[2m | components/IRIS1099Wizard.test.tsx[2m > [22m[2mIRIS1099Wizard - Authentication Step[2m > [22m[2mPayee Management[2m > [22m[2mshould show remove button for each payee
[22m[39m[IRS Login Modal] Not open, returning null
[IRS Login Modal] Not open, returning null
[IRS Login Modal] Not open, returning null
[IRS Login Modal] Not open, returning null
[IRS Login Modal] Not open, returning null

[90mstdout[2m | components/IRIS1099Wizard.test.tsx[2m > [22m[2mIRIS1099Wizard - Authentication Step[2m > [22m[2mPayee Management[2m > [22m[2mshould show remove button for each payee
[22m[39m[IRS Login Modal] Not open, returning null
[IRS Login Modal] Not open, returning null
[IRS Login Modal] Not open, returning null

[90mstdout[2m | components/IRIS1099Wizard.test.tsx[2m > [22m[2mIRIS1099Wizard - Authentication Step[2m > [22m[2mPayee Management[2m > [22m[2mshould show remove button for each payee
[22m[39m[IRS Login Modal] Not open, returning null

[90mstdout[2m | components/IRIS1099Wizard.test.tsx[2m > [22m[2mIRIS1099Wizard - Authentication Step[2m > [22m[2mPayee Management[2m > [22m[2mshould remove payee when delete button is clicked
[22m[39m[IRS Login Modal] Not open, returning null

[90mstdout[2m | components/IRIS1099Wizard.test.tsx[2m > [22m[2mIRIS1099Wizard - Authentication Step[2m > [22m[2mPayee Management[2m > [22m[2mshould remove payee when delete button is clicked
[22m[39m[IRS Login Modal] Not open, returning null

[90mstdout[2m | components/IRIS1099Wizard.test.tsx[2m > [22m[2mIRIS1099Wizard - Authentication Step[2m > [22m[2mPayee Management[2m > [22m[2mshould remove payee when delete button is clicked
[22m[39m[IRS Login Modal] Not open, returning null
[IRS Login Modal] Not open, returning null
[Wizard] Authenticating...
[IRS Login Modal] Not open, returning null
[Wizard] Health check: { status: [32m'healthy'[39m, service: [32m'IRS IRIS API Proxy'[39m, version: [32m'1.0.0'[39m }

[90mstdout[2m | components/IRIS1099Wizard.test.tsx[2m > [22m[2mIRIS1099Wizard - Authentication Step[2m > [22m[2mPayee Management[2m > [22m[2mshould remove payee when delete button is clicked
[22m[39m[IRS Login Modal] Not open, returning null

[90mstdout[2m | components/IRIS1099Wizard.test.tsx[2m > [22m[2mIRIS1099Wizard - Authentication Step[2m > [22m[2mPayee Management[2m > [22m[2mshould remove payee when delete button is clicked
[22m[39m[Wizard] Verifying credentials...

[90mstdout[2m | components/IRIS1099Wizard.test.tsx[2m > [22m[2mIRIS1099Wizard - Authentication Step[2m > [22m[2mPayee Management[2m > [22m[2mshould remove payee when delete button is clicked
[22m[39m[Wizard] 2FA required: [33mfalse[39m
[Wizard] Proceeding to Filer step

[90mstdout[2m | components/IRIS1099Wizard.test.tsx[2m > [22m[2mIRIS1099Wizard - Authentication Step[2m > [22m[2mPayee Management[2m > [22m[2mshould remove payee when delete button is clicked
[22m[39m[IRS Login Modal] Not open, returning null

[90mstdout[2m | components/IRIS1099Wizard.test.tsx[2m > [22m[2mIRIS1099Wizard - Authentication Step[2m > [22m[2mPayee Management[2m > [22m[2mshould remove payee when delete button is clicked
[22m[39m[IRS Login Modal] Not open, returning null
[IRS Login Modal] Not open, returning null
[IRS Login Modal] Not open, returning null
[IRS Login Modal] Not open, returning null
[IRS Login Modal] Not open, returning null

[90mstdout[2m | components/IRIS1099Wizard.test.tsx[2m > [22m[2mIRIS1099Wizard - Authentication Step[2m > [22m[2mPayee Management[2m > [22m[2mshould remove payee when delete button is clicked
[22m[39m[IRS Login Modal] Not open, returning null
[IRS Login Modal] Not open, returning null
[IRS Login Modal] Not open, returning null

[90mstdout[2m | components/IRIS1099Wizard.test.tsx[2m > [22m[2mIRIS1099Wizard - Authentication Step[2m > [22m[2mPayee Management[2m > [22m[2mshould remove payee when delete button is clicked
[22m[39m[IRS Login Modal] Not open, returning null

[90mstdout[2m | components/IRIS1099Wizard.test.tsx[2m > [22m[2mIRIS1099Wizard - Authentication Step[2m > [22m[2mPayee Management[2m > [22m[2mshould remove payee when delete button is clicked
[22m[39m[IRS Login Modal] Not open, returning null

[90mstdout[2m | components/IRIS1099Wizard.test.tsx[2m > [22m[2mIRIS1099Wizard - Authentication Step[2m > [22m[2mPayee Management[2m > [22m[2mshould update payee count after removal
[22m[39m[IRS Login Modal] Not open, returning null

[90mstdout[2m | components/IRIS1099Wizard.test.tsx[2m > [22m[2mIRIS1099Wizard - Authentication Step[2m > [22m[2mPayee Management[2m > [22m[2mshould update payee count after removal
[22m[39m[IRS Login Modal] Not open, returning null

[90mstdout[2m | components/IRIS1099Wizard.test.tsx[2m > [22m[2mIRIS1099Wizard - Authentication Step[2m > [22m[2mPayee Management[2m > [22m[2mshould update payee count after removal
[22m[39m[IRS Login Modal] Not open, returning null
[IRS Login Modal] Not open, returning null
[Wizard] Authenticating...
[IRS Login Modal] Not open, returning null
[Wizard] Health check: { status: [32m'healthy'[39m, service: [32m'IRS IRIS API Proxy'[39m, version: [32m'1.0.0'[39m }

[90mstdout[2m | components/IRIS1099Wizard.test.tsx[2m > [22m[2mIRIS1099Wizard - Authentication Step[2m > [22m[2mPayee Management[2m > [22m[2mshould update payee count after removal
[22m[39m[IRS Login Modal] Not open, returning null

[90mstdout[2m | components/IRIS1099Wizard.test.tsx[2m > [22m[2mIRIS1099Wizard - Authentication Step[2m > [22m[2mPayee Management[2m > [22m[2mshould update payee count after removal
[22m[39m[Wizard] Verifying credentials...

[90mstdout[2m | components/IRIS1099Wizard.test.tsx[2m > [22m[2mIRIS1099Wizard - Authentication Step[2m > [22m[2mPayee Management[2m > [22m[2mshould update payee count after removal
[22m[39m[Wizard] 2FA required: [33mfalse[39m
[Wizard] Proceeding to Filer step

[90mstdout[2m | components/IRIS1099Wizard.test.tsx[2m > [22m[2mIRIS1099Wizard - Authentication Step[2m > [22m[2mPayee Management[2m > [22m[2mshould update payee count after removal
[22m[39m[IRS Login Modal] Not open, returning null

[90mstdout[2m | components/IRIS1099Wizard.test.tsx[2m > [22m[2mIRIS1099Wizard - Authentication Step[2m > [22m[2mPayee Management[2m > [22m[2mshould update payee count after removal
[22m[39m[IRS Login Modal] Not open, returning null
[IRS Login Modal] Not open, returning null
[IRS Login Modal] Not open, returning null
[IRS Login Modal] Not open, returning null
[IRS Login Modal] Not open, returning null

[90mstdout[2m | components/IRIS1099Wizard.test.tsx[2m > [22m[2mIRIS1099Wizard - Authentication Step[2m > [22m[2mPayee Management[2m > [22m[2mshould update payee count after removal
[22m[39m[IRS Login Modal] Not open, returning null
[IRS Login Modal] Not open, returning null
[IRS Login Modal] Not open, returning null

[90mstdout[2m | components/IRIS1099Wizard.test.tsx[2m > [22m[2mIRIS1099Wizard - Authentication Step[2m > [22m[2mPayee Management[2m > [22m[2mshould update payee count after removal
[22m[39m[IRS Login Modal] Not open, returning null

[90mstdout[2m | components/IRIS1099Wizard.test.tsx[2m > [22m[2mIRIS1099Wizard - Authentication Step[2m > [22m[2mPayee Management[2m > [22m[2mshould update payee count after removal
[22m[39m[IRS Login Modal] Not open, returning null
[IRS Login Modal] Not open, returning null
[IRS Login Modal] Not open, returning null

[90mstdout[2m | components/IRIS1099Wizard.test.tsx[2m > [22m[2mIRIS1099Wizard - Authentication Step[2m > [22m[2mPayee Management[2m > [22m[2mshould update payee count after removal
[22m[39m[IRS Login Modal] Not open, returning null

[90mstdout[2m | components/IRIS1099Wizard.test.tsx[2m > [22m[2mIRIS1099Wizard - Authentication Step[2m > [22m[2mPayee Management[2m > [22m[2mshould update payee count after removal
[22m[39m[IRS Login Modal] Not open, returning null

[90mstdout[2m | components/IRIS1099Wizard.test.tsx[2m > [22m[2mIRIS1099Wizard - Authentication Step[2m > [22m[2mPayee Management[2m > [22m[2mshould disable Continue button after removing all payees
[22m[39m[IRS Login Modal] Not open, returning null

[90mstdout[2m | components/IRIS1099Wizard.test.tsx[2m > [22m[2mIRIS1099Wizard - Authentication Step[2m > [22m[2mPayee Management[2m > [22m[2mshould disable Continue button after removing all payees
[22m[39m[IRS Login Modal] Not open, returning null

[90mstdout[2m | components/IRIS1099Wizard.test.tsx[2m > [22m[2mIRIS1099Wizard - Authentication Step[2m > [22m[2mPayee Management[2m > [22m[2mshould disable Continue button after removing all payees
[22m[39m[IRS Login Modal] Not open, returning null
[IRS Login Modal] Not open, returning null
[Wizard] Authenticating...
[IRS Login Modal] Not open, returning null
[Wizard] Health check: { status: [32m'healthy'[39m, service: [32m'IRS IRIS API Proxy'[39m, version: [32m'1.0.0'[39m }

[90mstdout[2m | components/IRIS1099Wizard.test.tsx[2m > [22m[2mIRIS1099Wizard - Authentication Step[2m > [22m[2mPayee Management[2m > [22m[2mshould disable Continue button after removing all payees
[22m[39m[IRS Login Modal] Not open, returning null

[90mstdout[2m | components/IRIS1099Wizard.test.tsx[2m > [22m[2mIRIS1099Wizard - Authentication Step[2m > [22m[2mPayee Management[2m > [22m[2mshould disable Continue button after removing all payees
[22m[39m[Wizard] Verifying credentials...

[90mstdout[2m | components/IRIS1099Wizard.test.tsx[2m > [22m[2mIRIS1099Wizard - Authentication Step[2m > [22m[2mPayee Management[2m > [22m[2mshould disable Continue button after removing all payees
[22m[39m[Wizard] 2FA required: [33mfalse[39m
[Wizard] Proceeding to Filer step

[90mstdout[2m | components/IRIS1099Wizard.test.tsx[2m > [22m[2mIRIS1099Wizard - Authentication Step[2m > [22m[2mPayee Management[2m > [22m[2mshould disable Continue button after removing all payees
[22m[39m[IRS Login Modal] Not open, returning null

[90mstdout[2m | components/IRIS1099Wizard.test.tsx[2m > [22m[2mIRIS1099Wizard - Authentication Step[2m > [22m[2mPayee Management[2m > [22m[2mshould disable Continue button after removing all payees
[22m[39m[IRS Login Modal] Not open, returning null
[IRS Login Modal] Not open, returning null
[IRS Login Modal] Not open, returning null
[IRS Login Modal] Not open, returning null
[IRS Login Modal] Not open, returning null

[90mstdout[2m | components/IRIS1099Wizard.test.tsx[2m > [22m[2mIRIS1099Wizard - Authentication Step[2m > [22m[2mPayee Management[2m > [22m[2mshould disable Continue button after removing all payees
[22m[39m[IRS Login Modal] Not open, returning null
[IRS Login Modal] Not open, returning null
[IRS Login Modal] Not open, returning null

[90mstdout[2m | components/IRIS1099Wizard.test.tsx[2m > [22m[2mIRIS1099Wizard - Authentication Step[2m > [22m[2mPayee Management[2m > [22m[2mshould disable Continue button after removing all payees
[22m[39m[IRS Login Modal] Not open, returning null

[90mstdout[2m | components/IRIS1099Wizard.test.tsx[2m > [22m[2mIRIS1099Wizard - Authentication Step[2m > [22m[2mPayee Management[2m > [22m[2mshould disable Continue button after removing all payees
[22m[39m[IRS Login Modal] Not open, returning null

[90mstdout[2m | components/IRIS1099Wizard.test.tsx[2m > [22m[2mIRIS1099Wizard - Authentication Step[2m > [22m[2mPayee TIN Validation[2m > [22m[2mshould accept valid EIN format (XX-XXXXXXX)
[22m[39m[IRS Login Modal] Not open, returning null

[90mstdout[2m | components/IRIS1099Wizard.test.tsx[2m > [22m[2mIRIS1099Wizard - Authentication Step[2m > [22m[2mPayee TIN Validation[2m > [22m[2mshould accept valid EIN format (XX-XXXXXXX)
[22m[39m[IRS Login Modal] Not open, returning null

[90mstdout[2m | components/IRIS1099Wizard.test.tsx[2m > [22m[2mIRIS1099Wizard - Authentication Step[2m > [22m[2mPayee TIN Validation[2m > [22m[2mshould accept valid EIN format (XX-XXXXXXX)
[22m[39m[IRS Login Modal] Not open, returning null
[IRS Login Modal] Not open, returning null
[Wizard] Authenticating...
[IRS Login Modal] Not open, returning null
[Wizard] Health check: { status: [32m'healthy'[39m, service: [32m'IRS IRIS API Proxy'[39m, version: [32m'1.0.0'[39m }

[90mstdout[2m | components/IRIS1099Wizard.test.tsx[2m > [22m[2mIRIS1099Wizard - Authentication Step[2m > [22m[2mPayee TIN Validation[2m > [22m[2mshould accept valid EIN format (XX-XXXXXXX)
[22m[39m[IRS Login Modal] Not open, returning null

[90mstdout[2m | components/IRIS1099Wizard.test.tsx[2m > [22m[2mIRIS1099Wizard - Authentication Step[2m > [22m[2mPayee TIN Validation[2m > [22m[2mshould accept valid EIN format (XX-XXXXXXX)
[22m[39m[Wizard] Verifying credentials...

[90mstdout[2m | components/IRIS1099Wizard.test.tsx[2m > [22m[2mIRIS1099Wizard - Authentication Step[2m > [22m[2mPayee TIN Validation[2m > [22m[2mshould accept valid EIN format (XX-XXXXXXX)
[22m[39m[Wizard] 2FA required: [33mfalse[39m
[Wizard] Proceeding to Filer step

[90mstdout[2m | components/IRIS1099Wizard.test.tsx[2m > [22m[2mIRIS1099Wizard - Authentication Step[2m > [22m[2mPayee TIN Validation[2m > [22m[2mshould accept valid EIN format (XX-XXXXXXX)
[22m[39m[IRS Login Modal] Not open, returning null

[90mstdout[2m | components/IRIS1099Wizard.test.tsx[2m > [22m[2mIRIS1099Wizard - Authentication Step[2m > [22m[2mPayee TIN Validation[2m > [22m[2mshould accept valid EIN format (XX-XXXXXXX)
[22m[39m[IRS Login Modal] Not open, returning null
[IRS Login Modal] Not open, returning null
[IRS Login Modal] Not open, returning null
[IRS Login Modal] Not open, returning null
[IRS Login Modal] Not open, returning null

[90mstdout[2m | components/IRIS1099Wizard.test.tsx[2m > [22m[2mIRIS1099Wizard - Authentication Step[2m > [22m[2mPayee TIN Validation[2m > [22m[2mshould accept valid EIN format (XX-XXXXXXX)
[22m[39m[IRS Login Modal] Not open, returning null
[IRS Login Modal] Not open, returning null

[90mstdout[2m | components/IRIS1099Wizard.test.tsx[2m > [22m[2mIRIS1099Wizard - Authentication Step[2m > [22m[2mPayee TIN Validation[2m > [22m[2mshould accept valid SSN format (XXX-XX-XXXX)
[22m[39m[IRS Login Modal] Not open, returning null

[90mstdout[2m | components/IRIS1099Wizard.test.tsx[2m > [22m[2mIRIS1099Wizard - Authentication Step[2m > [22m[2mPayee TIN Validation[2m > [22m[2mshould accept valid SSN format (XXX-XX-XXXX)
[22m[39m[IRS Login Modal] Not open, returning null

[90mstdout[2m | components/IRIS1099Wizard.test.tsx[2m > [22m[2mIRIS1099Wizard - Authentication Step[2m > [22m[2mPayee TIN Validation[2m > [22m[2mshould accept valid SSN format (XXX-XX-XXXX)
[22m[39m[IRS Login Modal] Not open, returning null
[IRS Login Modal] Not open, returning null
[Wizard] Authenticating...
[IRS Login Modal] Not open, returning null
[Wizard] Health check: { status: [32m'healthy'[39m, service: [32m'IRS IRIS API Proxy'[39m, version: [32m'1.0.0'[39m }

[90mstdout[2m | components/IRIS1099Wizard.test.tsx[2m > [22m[2mIRIS1099Wizard - Authentication Step[2m > [22m[2mPayee TIN Validation[2m > [22m[2mshould accept valid SSN format (XXX-XX-XXXX)
[22m[39m[IRS Login Modal] Not open, returning null

[90mstdout[2m | components/IRIS1099Wizard.test.tsx[2m > [22m[2mIRIS1099Wizard - Authentication Step[2m > [22m[2mPayee TIN Validation[2m > [22m[2mshould accept valid SSN format (XXX-XX-XXXX)
[22m[39m[Wizard] Verifying credentials...

[90mstdout[2m | components/IRIS1099Wizard.test.tsx[2m > [22m[2mIRIS1099Wizard - Authentication Step[2m > [22m[2mPayee TIN Validation[2m > [22m[2mshould accept valid SSN format (XXX-XX-XXXX)
[22m[39m[Wizard] 2FA required: [33mfalse[39m
[Wizard] Proceeding to Filer step

[90mstdout[2m | components/IRIS1099Wizard.test.tsx[2m > [22m[2mIRIS1099Wizard - Authentication Step[2m > [22m[2mPayee TIN Validation[2m > [22m[2mshould accept valid SSN format (XXX-XX-XXXX)
[22m[39m[IRS Login Modal] Not open, returning null

[90mstdout[2m | components/IRIS1099Wizard.test.tsx[2m > [22m[2mIRIS1099Wizard - Authentication Step[2m > [22m[2mPayee TIN Validation[2m > [22m[2mshould accept valid SSN format (XXX-XX-XXXX)
[22m[39m[IRS Login Modal] Not open, returning null
[IRS Login Modal] Not open, returning null
[IRS Login Modal] Not open, returning null
[IRS Login Modal] Not open, returning null
[IRS Login Modal] Not open, returning null

[90mstdout[2m | components/IRIS1099Wizard.test.tsx[2m > [22m[2mIRIS1099Wizard - Authentication Step[2m > [22m[2mPayee TIN Validation[2m > [22m[2mshould accept valid SSN format (XXX-XX-XXXX)
[22m[39m[IRS Login Modal] Not open, returning null
[IRS Login Modal] Not open, returning null

[90mstdout[2m | components/IRIS1099Wizard.test.tsx[2m > [22m[2mIRIS1099Wizard - Authentication Step[2m > [22m[2mPayee TIN Validation[2m > [22m[2mshould show error for invalid TIN format
[22m[39m[IRS Login Modal] Not open, returning null

[90mstdout[2m | components/IRIS1099Wizard.test.tsx[2m > [22m[2mIRIS1099Wizard - Authentication Step[2m > [22m[2mPayee TIN Validation[2m > [22m[2mshould show error for invalid TIN format
[22m[39m[IRS Login Modal] Not open, returning null

[90mstdout[2m | components/IRIS1099Wizard.test.tsx[2m > [22m[2mIRIS1099Wizard - Authentication Step[2m > [22m[2mPayee TIN Validation[2m > [22m[2mshould show error for invalid TIN format
[22m[39m[IRS Login Modal] Not open, returning null
[IRS Login Modal] Not open, returning null
[Wizard] Authenticating...
[IRS Login Modal] Not open, returning null
[Wizard] Health check: { status: [32m'healthy'[39m, service: [32m'IRS IRIS API Proxy'[39m, version: [32m'1.0.0'[39m }

[90mstdout[2m | components/IRIS1099Wizard.test.tsx[2m > [22m[2mIRIS1099Wizard - Authentication Step[2m > [22m[2mPayee TIN Validation[2m > [22m[2mshould show error for invalid TIN format
[22m[39m[IRS Login Modal] Not open, returning null

[90mstdout[2m | components/IRIS1099Wizard.test.tsx[2m > [22m[2mIRIS1099Wizard - Authentication Step[2m > [22m[2mPayee TIN Validation[2m > [22m[2mshould show error for invalid TIN format
[22m[39m[Wizard] Verifying credentials...

[90mstdout[2m | components/IRIS1099Wizard.test.tsx[2m > [22m[2mIRIS1099Wizard - Authentication Step[2m > [22m[2mPayee TIN Validation[2m > [22m[2mshould show error for invalid TIN format
[22m[39m[Wizard] 2FA required: [33mfalse[39m
[Wizard] Proceeding to Filer step

[90mstdout[2m | components/IRIS1099Wizard.test.tsx[2m > [22m[2mIRIS1099Wizard - Authentication Step[2m > [22m[2mPayee TIN Validation[2m > [22m[2mshould show error for invalid TIN format
[22m[39m[IRS Login Modal] Not open, returning null

[90mstdout[2m | components/IRIS1099Wizard.test.tsx[2m > [22m[2mIRIS1099Wizard - Authentication Step[2m > [22m[2mPayee TIN Validation[2m > [22m[2mshould show error for invalid TIN format
[22m[39m[IRS Login Modal] Not open, returning null
[IRS Login Modal] Not open, returning null
[IRS Login Modal] Not open, returning null
[IRS Login Modal] Not open, returning null
[IRS Login Modal] Not open, returning null

[90mstdout[2m | components/IRIS1099Wizard.test.tsx[2m > [22m[2mIRIS1099Wizard - Authentication Step[2m > [22m[2mPayee TIN Validation[2m > [22m[2mshould show error for invalid TIN format
[22m[39m[IRS Login Modal] Not open, returning null
[IRS Login Modal] Not open, returning null
[IRS Login Modal] Not open, returning null

[90mstdout[2m | components/IRIS1099Wizard.test.tsx[2m > [22m[2mIRIS1099Wizard - Authentication Step[2m > [22m[2mPayee TIN Validation[2m > [22m[2mshould disable Add button for invalid TIN format
[22m[39m[IRS Login Modal] Not open, returning null

[90mstdout[2m | components/IRIS1099Wizard.test.tsx[2m > [22m[2mIRIS1099Wizard - Authentication Step[2m > [22m[2mPayee TIN Validation[2m > [22m[2mshould disable Add button for invalid TIN format
[22m[39m[IRS Login Modal] Not open, returning null

[90mstdout[2m | components/IRIS1099Wizard.test.tsx[2m > [22m[2mIRIS1099Wizard - Authentication Step[2m > [22m[2mPayee TIN Validation[2m > [22m[2mshould disable Add button for invalid TIN format
[22m[39m[IRS Login Modal] Not open, returning null
[IRS Login Modal] Not open, returning null
[Wizard] Authenticating...
[IRS Login Modal] Not open, returning null
[Wizard] Health check: { status: [32m'healthy'[39m, service: [32m'IRS IRIS API Proxy'[39m, version: [32m'1.0.0'[39m }

[90mstdout[2m | components/IRIS1099Wizard.test.tsx[2m > [22m[2mIRIS1099Wizard - Authentication Step[2m > [22m[2mPayee TIN Validation[2m > [22m[2mshould disable Add button for invalid TIN format
[22m[39m[IRS Login Modal] Not open, returning null

[90mstdout[2m | components/IRIS1099Wizard.test.tsx[2m > [22m[2mIRIS1099Wizard - Authentication Step[2m > [22m[2mPayee TIN Validation[2m > [22m[2mshould disable Add button for invalid TIN format
[22m[39m[Wizard] Verifying credentials...

[90mstdout[2m | components/IRIS1099Wizard.test.tsx[2m > [22m[2mIRIS1099Wizard - Authentication Step[2m > [22m[2mPayee TIN Validation[2m > [22m[2mshould disable Add button for invalid TIN format
[22m[39m[Wizard] 2FA required: [33mfalse[39m
[Wizard] Proceeding to Filer step

[90mstdout[2m | components/IRIS1099Wizard.test.tsx[2m > [22m[2mIRIS1099Wizard - Authentication Step[2m > [22m[2mPayee TIN Validation[2m > [22m[2mshould disable Add button for invalid TIN format
[22m[39m[IRS Login Modal] Not open, returning null

[90mstdout[2m | components/IRIS1099Wizard.test.tsx[2m > [22m[2mIRIS1099Wizard - Authentication Step[2m > [22m[2mPayee TIN Validation[2m > [22m[2mshould disable Add button for invalid TIN format
[22m[39m[IRS Login Modal] Not open, returning null
[IRS Login Modal] Not open, returning null
[IRS Login Modal] Not open, returning null
[IRS Login Modal] Not open, returning null
[IRS Login Modal] Not open, returning null

[90mstdout[2m | components/IRIS1099Wizard.test.tsx[2m > [22m[2mIRIS1099Wizard - Authentication Step[2m > [22m[2mPayee TIN Validation[2m > [22m[2mshould disable Add button for invalid TIN format
[22m[39m[IRS Login Modal] Not open, returning null
[IRS Login Modal] Not open, returning null

[90mstdout[2m | components/IRIS1099Wizard.test.tsx[2m > [22m[2mIRIS1099Wizard - Authentication Step[2m > [22m[2mPayee TIN Validation[2m > [22m[2mshould warn about duplicate TIN
[22m[39m[IRS Login Modal] Not open, returning null

[90mstdout[2m | components/IRIS1099Wizard.test.tsx[2m > [22m[2mIRIS1099Wizard - Authentication Step[2m > [22m[2mPayee TIN Validation[2m > [22m[2mshould warn about duplicate TIN
[22m[39m[IRS Login Modal] Not open, returning null

[90mstdout[2m | components/IRIS1099Wizard.test.tsx[2m > [22m[2mIRIS1099Wizard - Authentication Step[2m > [22m[2mPayee TIN Validation[2m > [22m[2mshould warn about duplicate TIN
[22m[39m[IRS Login Modal] Not open, returning null
[IRS Login Modal] Not open, returning null
[Wizard] Authenticating...
[IRS Login Modal] Not open, returning null
[Wizard] Health check: { status: [32m'healthy'[39m, service: [32m'IRS IRIS API Proxy'[39m, version: [32m'1.0.0'[39m }

[90mstdout[2m | components/IRIS1099Wizard.test.tsx[2m > [22m[2mIRIS1099Wizard - Authentication Step[2m > [22m[2mPayee TIN Validation[2m > [22m[2mshould warn about duplicate TIN
[22m[39m[IRS Login Modal] Not open, returning null

[90mstdout[2m | components/IRIS1099Wizard.test.tsx[2m > [22m[2mIRIS1099Wizard - Authentication Step[2m > [22m[2mPayee TIN Validation[2m > [22m[2mshould warn about duplicate TIN
[22m[39m[Wizard] Verifying credentials...

[90mstdout[2m | components/IRIS1099Wizard.test.tsx[2m > [22m[2mIRIS1099Wizard - Authentication Step[2m > [22m[2mPayee TIN Validation[2m > [22m[2mshould warn about duplicate TIN
[22m[39m[Wizard] 2FA required: [33mfalse[39m
[Wizard] Proceeding to Filer step

[90mstdout[2m | components/IRIS1099Wizard.test.tsx[2m > [22m[2mIRIS1099Wizard - Authentication Step[2m > [22m[2mPayee TIN Validation[2m > [22m[2mshould warn about duplicate TIN
[22m[39m[IRS Login Modal] Not open, returning null

[90mstdout[2m | components/IRIS1099Wizard.test.tsx[2m > [22m[2mIRIS1099Wizard - Authentication Step[2m > [22m[2mPayee TIN Validation[2m > [22m[2mshould warn about duplicate TIN
[22m[39m[IRS Login Modal] Not open, returning null
[IRS Login Modal] Not open, returning null
[IRS Login Modal] Not open, returning null
[IRS Login Modal] Not open, returning null
[IRS Login Modal] Not open, returning null

[90mstdout[2m | components/IRIS1099Wizard.test.tsx[2m > [22m[2mIRIS1099Wizard - Authentication Step[2m > [22m[2mPayee TIN Validation[2m > [22m[2mshould warn about duplicate TIN
[22m[39m[IRS Login Modal] Not open, returning null
[IRS Login Modal] Not open, returning null
[IRS Login Modal] Not open, returning null

[90mstdout[2m | components/IRIS1099Wizard.test.tsx[2m > [22m[2mIRIS1099Wizard - Authentication Step[2m > [22m[2mPayee TIN Validation[2m > [22m[2mshould warn about duplicate TIN
[22m[39m[IRS Login Modal] Not open, returning null

[90mstdout[2m | components/IRIS1099Wizard.test.tsx[2m > [22m[2mIRIS1099Wizard - Authentication Step[2m > [22m[2mPayee TIN Validation[2m > [22m[2mshould warn about duplicate TIN
[22m[39m[IRS Login Modal] Not open, returning null
[IRS Login Modal] Not open, returning null
[IRS Login Modal] Not open, returning null

[90mstdout[2m | components/IRIS1099Wizard.test.tsx[2m > [22m[2mIRIS1099Wizard - Authentication Step[2m > [22m[2mPayee TIN Validation[2m > [22m[2mshould warn about duplicate TIN
[22m[39m[IRS Login Modal] Not open, returning null

[90mstdout[2m | components/IRIS1099Wizard.test.tsx[2m > [22m[2mIRIS1099Wizard - Authentication Step[2m > [22m[2mSubmission Flow[2m > [22m[2mshould call transmissionCheck for pre-validation on submit
[22m[39m[IRS Login Modal] Not open, returning null

[90mstdout[2m | components/IRIS1099Wizard.test.tsx[2m > [22m[2mIRIS1099Wizard - Authentication Step[2m > [22m[2mSubmission Flow[2m > [22m[2mshould call transmissionCheck for pre-validation on submit
[22m[39m[IRS Login Modal] Not open, returning null

[90mstdout[2m | components/IRIS1099Wizard.test.tsx[2m > [22m[2mIRIS1099Wizard - Authentication Step[2m > [22m[2mSubmission Flow[2m > [22m[2mshould call transmissionCheck for pre-validation on submit
[22m[39m[IRS Login Modal] Not open, returning null
[IRS Login Modal] Not open, returning null
[Wizard] Authenticating...
[IRS Login Modal] Not open, returning null
[Wizard] Health check: { status: [32m'healthy'[39m, service: [32m'IRS IRIS API Proxy'[39m, version: [32m'1.0.0'[39m }

[90mstdout[2m | components/IRIS1099Wizard.test.tsx[2m > [22m[2mIRIS1099Wizard - Authentication Step[2m > [22m[2mSubmission Flow[2m > [22m[2mshould call transmissionCheck for pre-validation on submit
[22m[39m[IRS Login Modal] Not open, returning null

[90mstdout[2m | components/IRIS1099Wizard.test.tsx[2m > [22m[2mIRIS1099Wizard - Authentication Step[2m > [22m[2mSubmission Flow[2m > [22m[2mshould call transmissionCheck for pre-validation on submit
[22m[39m[Wizard] Verifying credentials...

[90mstdout[2m | components/IRIS1099Wizard.test.tsx[2m > [22m[2mIRIS1099Wizard - Authentication Step[2m > [22m[2mSubmission Flow[2m > [22m[2mshould call transmissionCheck for pre-validation on submit
[22m[39m[Wizard] 2FA required: [33mfalse[39m
[Wizard] Proceeding to Filer step

[90mstdout[2m | components/IRIS1099Wizard.test.tsx[2m > [22m[2mIRIS1099Wizard - Authentication Step[2m > [22m[2mSubmission Flow[2m > [22m[2mshould call transmissionCheck for pre-validation on submit
[22m[39m[IRS Login Modal] Not open, returning null

[90mstdout[2m | components/IRIS1099Wizard.test.tsx[2m > [22m[2mIRIS1099Wizard - Authentication Step[2m > [22m[2mSubmission Flow[2m > [22m[2mshould call transmissionCheck for pre-validation on submit
[22m[39m[IRS Login Modal] Not open, returning null
[IRS Login Modal] Not open, returning null
[IRS Login Modal] Not open, returning null
[IRS Login Modal] Not open, returning null

[90mstdout[2m | components/IRIS1099Wizard.test.tsx[2m > [22m[2mIRIS1099Wizard - Authentication Step[2m > [22m[2mSubmission Flow[2m > [22m[2mshould call transmissionCheck for pre-validation on submit
[22m[39m[IRS Login Modal] Not open, returning null

[90mstdout[2m | components/IRIS1099Wizard.test.tsx[2m > [22m[2mIRIS1099Wizard - Authentication Step[2m > [22m[2mSubmission Flow[2m > [22m[2mshould call transmissionCheck for pre-validation on submit
[22m[39m[IRS Login Modal] Not open, returning null
[IRS Login Modal] Not open, returning null
[IRS Login Modal] Not open, returning null

[90mstdout[2m | components/IRIS1099Wizard.test.tsx[2m > [22m[2mIRIS1099Wizard - Authentication Step[2m > [22m[2mSubmission Flow[2m > [22m[2mshould call transmissionCheck for pre-validation on submit
[22m[39m[IRS Login Modal] Not open, returning null

[90mstdout[2m | components/IRIS1099Wizard.test.tsx[2m > [22m[2mIRIS1099Wizard - Authentication Step[2m > [22m[2mSubmission Flow[2m > [22m[2mshould call transmissionCheck for pre-validation on submit
[22m[39m[IRS Login Modal] Not open, returning null

[90mstdout[2m | components/IRIS1099Wizard.test.tsx[2m > [22m[2mIRIS1099Wizard - Authentication Step[2m > [22m[2mSubmission Flow[2m > [22m[2mshould call transmissionCheck for pre-validation on submit
[22m[39m[IRS Login Modal] Not open, returning null

[90mstdout[2m | components/IRIS1099Wizard.test.tsx[2m > [22m[2mIRIS1099Wizard - Authentication Step[2m > [22m[2mSubmission Flow[2m > [22m[2mshould call transmissionCheck for pre-validation on submit
[22m[39m[IRS Login Modal] Not open, returning null

[90mstdout[2m | components/IRIS1099Wizard.test.tsx[2m > [22m[2mIRIS1099Wizard - Authentication Step[2m > [22m[2mSubmission Flow[2m > [22m[2mshould show validating status when pre-validation starts
[22m[39m[IRS Login Modal] Not open, returning null

[90mstdout[2m | components/IRIS1099Wizard.test.tsx[2m > [22m[2mIRIS1099Wizard - Authentication Step[2m > [22m[2mSubmission Flow[2m > [22m[2mshould show validating status when pre-validation starts
[22m[39m[IRS Login Modal] Not open, returning null

[90mstdout[2m | components/IRIS1099Wizard.test.tsx[2m > [22m[2mIRIS1099Wizard - Authentication Step[2m > [22m[2mSubmission Flow[2m > [22m[2mshould show validating status when pre-validation starts
[22m[39m[IRS Login Modal] Not open, returning null
[IRS Login Modal] Not open, returning null
[Wizard] Authenticating...
[IRS Login Modal] Not open, returning null
[Wizard] Health check: { status: [32m'healthy'[39m, service: [32m'IRS IRIS API Proxy'[39m, version: [32m'1.0.0'[39m }

[90mstdout[2m | components/IRIS1099Wizard.test.tsx[2m > [22m[2mIRIS1099Wizard - Authentication Step[2m > [22m[2mSubmission Flow[2m > [22m[2mshould show validating status when pre-validation starts
[22m[39m[IRS Login Modal] Not open, returning null

[90mstdout[2m | components/IRIS1099Wizard.test.tsx[2m > [22m[2mIRIS1099Wizard - Authentication Step[2m > [22m[2mSubmission Flow[2m > [22m[2mshould show validating status when pre-validation starts
[22m[39m[Wizard] Verifying credentials...

[90mstdout[2m | components/IRIS1099Wizard.test.tsx[2m > [22m[2mIRIS1099Wizard - Authentication Step[2m > [22m[2mSubmission Flow[2m > [22m[2mshould show validating status when pre-validation starts
[22m[39m[Wizard] 2FA required: [33mfalse[39m
[Wizard] Proceeding to Filer step

[90mstdout[2m | components/IRIS1099Wizard.test.tsx[2m > [22m[2mIRIS1099Wizard - Authentication Step[2m > [22m[2mSubmission Flow[2m > [22m[2mshould show validating status when pre-validation starts
[22m[39m[IRS Login Modal] Not open, returning null

[90mstdout[2m | components/IRIS1099Wizard.test.tsx[2m > [22m[2mIRIS1099Wizard - Authentication Step[2m > [22m[2mSubmission Flow[2m > [22m[2mshould show validating status when pre-validation starts
[22m[39m[IRS Login Modal] Not open, returning null
[IRS Login Modal] Not open, returning null
[IRS Login Modal] Not open, returning null
[IRS Login Modal] Not open, returning null

[90mstdout[2m | components/IRIS1099Wizard.test.tsx[2m > [22m[2mIRIS1099Wizard - Authentication Step[2m > [22m[2mSubmission Flow[2m > [22m[2mshould show validating status when pre-validation starts
[22m[39m[IRS Login Modal] Not open, returning null

[90mstdout[2m | components/IRIS1099Wizard.test.tsx[2m > [22m[2mIRIS1099Wizard - Authentication Step[2m > [22m[2mSubmission Flow[2m > [22m[2mshould show validating status when pre-validation starts
[22m[39m[IRS Login Modal] Not open, returning null
[IRS Login Modal] Not open, returning null
[IRS Login Modal] Not open, returning null

[90mstdout[2m | components/IRIS1099Wizard.test.tsx[2m > [22m[2mIRIS1099Wizard - Authentication Step[2m > [22m[2mSubmission Flow[2m > [22m[2mshould show validating status when pre-validation starts
[22m[39m[IRS Login Modal] Not open, returning null

[90mstdout[2m | components/IRIS1099Wizard.test.tsx[2m > [22m[2mIRIS1099Wizard - Authentication Step[2m > [22m[2mSubmission Flow[2m > [22m[2mshould show validating status when pre-validation starts
[22m[39m[IRS Login Modal] Not open, returning null

[90mstdout[2m | components/IRIS1099Wizard.test.tsx[2m > [22m[2mIRIS1099Wizard - Authentication Step[2m > [22m[2mSubmission Flow[2m > [22m[2mshould show validating status when pre-validation starts
[22m[39m[IRS Login Modal] Not open, returning null

[90mstdout[2m | components/IRIS1099Wizard.test.tsx[2m > [22m[2mIRIS1099Wizard - Authentication Step[2m > [22m[2mSubmission Flow[2m > [22m[2mshould display validation errors when pre-validation fails
[22m[39m[IRS Login Modal] Not open, returning null

[90mstdout[2m | components/IRIS1099Wizard.test.tsx[2m > [22m[2mIRIS1099Wizard - Authentication Step[2m > [22m[2mSubmission Flow[2m > [22m[2mshould display validation errors when pre-validation fails
[22m[39m[IRS Login Modal] Not open, returning null

[90mstdout[2m | components/IRIS1099Wizard.test.tsx[2m > [22m[2mIRIS1099Wizard - Authentication Step[2m > [22m[2mSubmission Flow[2m > [22m[2mshould display validation errors when pre-validation fails
[22m[39m[IRS Login Modal] Not open, returning null
[IRS Login Modal] Not open, returning null
[Wizard] Authenticating...
[IRS Login Modal] Not open, returning null
[Wizard] Health check: { status: [32m'healthy'[39m, service: [32m'IRS IRIS API Proxy'[39m, version: [32m'1.0.0'[39m }

[90mstdout[2m | components/IRIS1099Wizard.test.tsx[2m > [22m[2mIRIS1099Wizard - Authentication Step[2m > [22m[2mSubmission Flow[2m > [22m[2mshould display validation errors when pre-validation fails
[22m[39m[IRS Login Modal] Not open, returning null

[90mstdout[2m | components/IRIS1099Wizard.test.tsx[2m > [22m[2mIRIS1099Wizard - Authentication Step[2m > [22m[2mSubmission Flow[2m > [22m[2mshould display validation errors when pre-validation fails
[22m[39m[Wizard] Verifying credentials...

[90mstdout[2m | components/IRIS1099Wizard.test.tsx[2m > [22m[2mIRIS1099Wizard - Authentication Step[2m > [22m[2mSubmission Flow[2m > [22m[2mshould display validation errors when pre-validation fails
[22m[39m[Wizard] 2FA required: [33mfalse[39m
[Wizard] Proceeding to Filer step

[90mstdout[2m | components/IRIS1099Wizard.test.tsx[2m > [22m[2mIRIS1099Wizard - Authentication Step[2m > [22m[2mSubmission Flow[2m > [22m[2mshould display validation errors when pre-validation fails
[22m[39m[IRS Login Modal] Not open, returning null

[90mstdout[2m | components/IRIS1099Wizard.test.tsx[2m > [22m[2mIRIS1099Wizard - Authentication Step[2m > [22m[2mSubmission Flow[2m > [22m[2mshould display validation errors when pre-validation fails
[22m[39m[IRS Login Modal] Not open, returning null
[IRS Login Modal] Not open, returning null
[IRS Login Modal] Not open, returning null
[IRS Login Modal] Not open, returning null

[90mstdout[2m | components/IRIS1099Wizard.test.tsx[2m > [22m[2mIRIS1099Wizard - Authentication Step[2m > [22m[2mSubmission Flow[2m > [22m[2mshould display validation errors when pre-validation fails
[22m[39m[IRS Login Modal] Not open, returning null

[90mstdout[2m | components/IRIS1099Wizard.test.tsx[2m > [22m[2mIRIS1099Wizard - Authentication Step[2m > [22m[2mSubmission Flow[2m > [22m[2mshould display validation errors when pre-validation fails
[22m[39m[IRS Login Modal] Not open, returning null
[IRS Login Modal] Not open, returning null
[IRS Login Modal] Not open, returning null

[90mstdout[2m | components/IRIS1099Wizard.test.tsx[2m > [22m[2mIRIS1099Wizard - Authentication Step[2m > [22m[2mSubmission Flow[2m > [22m[2mshould display validation errors when pre-validation fails
[22m[39m[IRS Login Modal] Not open, returning null

[90mstdout[2m | components/IRIS1099Wizard.test.tsx[2m > [22m[2mIRIS1099Wizard - Authentication Step[2m > [22m[2mSubmission Flow[2m > [22m[2mshould display validation errors when pre-validation fails
[22m[39m[IRS Login Modal] Not open, returning null

[90mstdout[2m | components/IRIS1099Wizard.test.tsx[2m > [22m[2mIRIS1099Wizard - Authentication Step[2m > [22m[2mSubmission Flow[2m > [22m[2mshould display validation errors when pre-validation fails
[22m[39m[IRS Login Modal] Not open, returning null

[90mstdout[2m | components/IRIS1099Wizard.test.tsx[2m > [22m[2mIRIS1099Wizard - Authentication Step[2m > [22m[2mSubmission Flow[2m > [22m[2mshould display validation errors when pre-validation fails
[22m[39m[IRS Login Modal] Not open, returning null

[90mstdout[2m | components/IRIS1099Wizard.test.tsx[2m > [22m[2mIRIS1099Wizard - Authentication Step[2m > [22m[2mSubmission Flow[2m > [22m[2mshould not call submitBatch when validation fails
[22m[39m[IRS Login Modal] Not open, returning null

[90mstdout[2m | components/IRIS1099Wizard.test.tsx[2m > [22m[2mIRIS1099Wizard - Authentication Step[2m > [22m[2mSubmission Flow[2m > [22m[2mshould not call submitBatch when validation fails
[22m[39m[IRS Login Modal] Not open, returning null

[90mstdout[2m | components/IRIS1099Wizard.test.tsx[2m > [22m[2mIRIS1099Wizard - Authentication Step[2m > [22m[2mSubmission Flow[2m > [22m[2mshould not call submitBatch when validation fails
[22m[39m[IRS Login Modal] Not open, returning null
[IRS Login Modal] Not open, returning null
[Wizard] Authenticating...
[IRS Login Modal] Not open, returning null
[Wizard] Health check: { status: [32m'healthy'[39m, service: [32m'IRS IRIS API Proxy'[39m, version: [32m'1.0.0'[39m }

[90mstdout[2m | components/IRIS1099Wizard.test.tsx[2m > [22m[2mIRIS1099Wizard - Authentication Step[2m > [22m[2mSubmission Flow[2m > [22m[2mshould not call submitBatch when validation fails
[22m[39m[IRS Login Modal] Not open, returning null

[90mstdout[2m | components/IRIS1099Wizard.test.tsx[2m > [22m[2mIRIS1099Wizard - Authentication Step[2m > [22m[2mSubmission Flow[2m > [22m[2mshould not call submitBatch when validation fails
[22m[39m[Wizard] Verifying credentials...

[90mstdout[2m | components/IRIS1099Wizard.test.tsx[2m > [22m[2mIRIS1099Wizard - Authentication Step[2m > [22m[2mSubmission Flow[2m > [22m[2mshould not call submitBatch when validation fails
[22m[39m[Wizard] 2FA required: [33mfalse[39m
[Wizard] Proceeding to Filer step

[90mstdout[2m | components/IRIS1099Wizard.test.tsx[2m > [22m[2mIRIS1099Wizard - Authentication Step[2m > [22m[2mSubmission Flow[2m > [22m[2mshould not call submitBatch when validation fails
[22m[39m[IRS Login Modal] Not open, returning null

[90mstdout[2m | components/IRIS1099Wizard.test.tsx[2m > [22m[2mIRIS1099Wizard - Authentication Step[2m > [22m[2mSubmission Flow[2m > [22m[2mshould not call submitBatch when validation fails
[22m[39m[IRS Login Modal] Not open, returning null
[IRS Login Modal] Not open, returning null
[IRS Login Modal] Not open, returning null
[IRS Login Modal] Not open, returning null

[90mstdout[2m | components/IRIS1099Wizard.test.tsx[2m > [22m[2mIRIS1099Wizard - Authentication Step[2m > [22m[2mSubmission Flow[2m > [22m[2mshould not call submitBatch when validation fails
[22m[39m[IRS Login Modal] Not open, returning null

[90mstdout[2m | components/IRIS1099Wizard.test.tsx[2m > [22m[2mIRIS1099Wizard - Authentication Step[2m > [22m[2mSubmission Flow[2m > [22m[2mshould not call submitBatch when validation fails
[22m[39m[IRS Login Modal] Not open, returning null
[IRS Login Modal] Not open, returning null
[IRS Login Modal] Not open, returning null

[90mstdout[2m | components/IRIS1099Wizard.test.tsx[2m > [22m[2mIRIS1099Wizard - Authentication Step[2m > [22m[2mSubmission Flow[2m > [22m[2mshould not call submitBatch when validation fails
[22m[39m[IRS Login Modal] Not open, returning null

[90mstdout[2m | components/IRIS1099Wizard.test.tsx[2m > [22m[2mIRIS1099Wizard - Authentication Step[2m > [22m[2mSubmission Flow[2m > [22m[2mshould not call submitBatch when validation fails
[22m[39m[IRS Login Modal] Not open, returning null

[90mstdout[2m | components/IRIS1099Wizard.test.tsx[2m > [22m[2mIRIS1099Wizard - Authentication Step[2m > [22m[2mSubmission Flow[2m > [22m[2mshould not call submitBatch when validation fails
[22m[39m[IRS Login Modal] Not open, returning null

[90mstdout[2m | components/IRIS1099Wizard.test.tsx[2m > [22m[2mIRIS1099Wizard - Authentication Step[2m > [22m[2mSubmission Flow[2m > [22m[2mshould not call submitBatch when validation fails
[22m[39m[IRS Login Modal] Not open, returning null

[90mstdout[2m | components/IRIS1099Wizard.test.tsx[2m > [22m[2mIRIS1099Wizard - Authentication Step[2m > [22m[2mSubmission Flow[2m > [22m[2mshould call submitBatch when validation passes
[22m[39m[IRS Login Modal] Not open, returning null

[90mstdout[2m | components/IRIS1099Wizard.test.tsx[2m > [22m[2mIRIS1099Wizard - Authentication Step[2m > [22m[2mSubmission Flow[2m > [22m[2mshould call submitBatch when validation passes
[22m[39m[IRS Login Modal] Not open, returning null

[90mstdout[2m | components/IRIS1099Wizard.test.tsx[2m > [22m[2mIRIS1099Wizard - Authentication Step[2m > [22m[2mSubmission Flow[2m > [22m[2mshould call submitBatch when validation passes
[22m[39m[IRS Login Modal] Not open, returning null
[IRS Login Modal] Not open, returning null
[Wizard] Authenticating...
[IRS Login Modal] Not open, returning null
[Wizard] Health check: { status: [32m'healthy'[39m, service: [32m'IRS IRIS API Proxy'[39m, version: [32m'1.0.0'[39m }

[90mstdout[2m | components/IRIS1099Wizard.test.tsx[2m > [22m[2mIRIS1099Wizard - Authentication Step[2m > [22m[2mSubmission Flow[2m > [22m[2mshould call submitBatch when validation passes
[22m[39m[IRS Login Modal] Not open, returning null

[90mstdout[2m | components/IRIS1099Wizard.test.tsx[2m > [22m[2mIRIS1099Wizard - Authentication Step[2m > [22m[2mSubmission Flow[2m > [22m[2mshould call submitBatch when validation passes
[22m[39m[Wizard] Verifying credentials...

[90mstdout[2m | components/IRIS1099Wizard.test.tsx[2m > [22m[2mIRIS1099Wizard - Authentication Step[2m > [22m[2mSubmission Flow[2m > [22m[2mshould call submitBatch when validation passes
[22m[39m[Wizard] 2FA required: [33mfalse[39m
[Wizard] Proceeding to Filer step

[90mstdout[2m | components/IRIS1099Wizard.test.tsx[2m > [22m[2mIRIS1099Wizard - Authentication Step[2m > [22m[2mSubmission Flow[2m > [22m[2mshould call submitBatch when validation passes
[22m[39m[IRS Login Modal] Not open, returning null

[90mstdout[2m | components/IRIS1099Wizard.test.tsx[2m > [22m[2mIRIS1099Wizard - Authentication Step[2m > [22m[2mSubmission Flow[2m > [22m[2mshould call submitBatch when validation passes
[22m[39m[IRS Login Modal] Not open, returning null
[IRS Login Modal] Not open, returning null
[IRS Login Modal] Not open, returning null
[IRS Login Modal] Not open, returning null

[90mstdout[2m | components/IRIS1099Wizard.test.tsx[2m > [22m[2mIRIS1099Wizard - Authentication Step[2m > [22m[2mSubmission Flow[2m > [22m[2mshould call submitBatch when validation passes
[22m[39m[IRS Login Modal] Not open, returning null

[90mstdout[2m | components/IRIS1099Wizard.test.tsx[2m > [22m[2mIRIS1099Wizard - Authentication Step[2m > [22m[2mSubmission Flow[2m > [22m[2mshould call submitBatch when validation passes
[22m[39m[IRS Login Modal] Not open, returning null
[IRS Login Modal] Not open, returning null
[IRS Login Modal] Not open, returning null

[90mstdout[2m | components/IRIS1099Wizard.test.tsx[2m > [22m[2mIRIS1099Wizard - Authentication Step[2m > [22m[2mSubmission Flow[2m > [22m[2mshould call submitBatch when validation passes
[22m[39m[IRS Login Modal] Not open, returning null

[90mstdout[2m | components/IRIS1099Wizard.test.tsx[2m > [22m[2mIRIS1099Wizard - Authentication Step[2m > [22m[2mSubmission Flow[2m > [22m[2mshould call submitBatch when validation passes
[22m[39m[IRS Login Modal] Not open, returning null

[90mstdout[2m | components/IRIS1099Wizard.test.tsx[2m > [22m[2mIRIS1099Wizard - Authentication Step[2m > [22m[2mSubmission Flow[2m > [22m[2mshould call submitBatch when validation passes
[22m[39m[IRS Login Modal] Not open, returning null

[90mstdout[2m | components/IRIS1099Wizard.test.tsx[2m > [22m[2mIRIS1099Wizard - Authentication Step[2m > [22m[2mSubmission Flow[2m > [22m[2mshould call submitBatch when validation passes
[22m[39m[IRS Login Modal] Not open, returning null

[90mstdout[2m | components/IRIS1099Wizard.test.tsx[2m > [22m[2mIRIS1099Wizard - Authentication Step[2m > [22m[2mSubmission Flow[2m > [22m[2mshould show transmitting status during submission
[22m[39m[IRS Login Modal] Not open, returning null

[90mstdout[2m | components/IRIS1099Wizard.test.tsx[2m > [22m[2mIRIS1099Wizard - Authentication Step[2m > [22m[2mSubmission Flow[2m > [22m[2mshould show transmitting status during submission
[22m[39m[IRS Login Modal] Not open, returning null

[90mstdout[2m | components/IRIS1099Wizard.test.tsx[2m > [22m[2mIRIS1099Wizard - Authentication Step[2m > [22m[2mSubmission Flow[2m > [22m[2mshould show transmitting status during submission
[22m[39m[IRS Login Modal] Not open, returning null
[IRS Login Modal] Not open, returning null
[Wizard] Authenticating...
[IRS Login Modal] Not open, returning null
[Wizard] Health check: { status: [32m'healthy'[39m, service: [32m'IRS IRIS API Proxy'[39m, version: [32m'1.0.0'[39m }

[90mstdout[2m | components/IRIS1099Wizard.test.tsx[2m > [22m[2mIRIS1099Wizard - Authentication Step[2m > [22m[2mSubmission Flow[2m > [22m[2mshould show transmitting status during submission
[22m[39m[IRS Login Modal] Not open, returning null

[90mstdout[2m | components/IRIS1099Wizard.test.tsx[2m > [22m[2mIRIS1099Wizard - Authentication Step[2m > [22m[2mSubmission Flow[2m > [22m[2mshould show transmitting status during submission
[22m[39m[Wizard] Verifying credentials...

[90mstdout[2m | components/IRIS1099Wizard.test.tsx[2m > [22m[2mIRIS1099Wizard - Authentication Step[2m > [22m[2mSubmission Flow[2m > [22m[2mshould show transmitting status during submission
[22m[39m[Wizard] 2FA required: [33mfalse[39m
[Wizard] Proceeding to Filer step

[90mstdout[2m | components/IRIS1099Wizard.test.tsx[2m > [22m[2mIRIS1099Wizard - Authentication Step[2m > [22m[2mSubmission Flow[2m > [22m[2mshould show transmitting status during submission
[22m[39m[IRS Login Modal] Not open, returning null

[90mstdout[2m | components/IRIS1099Wizard.test.tsx[2m > [22m[2mIRIS1099Wizard - Authentication Step[2m > [22m[2mSubmission Flow[2m > [22m[2mshould show transmitting status during submission
[22m[39m[IRS Login Modal] Not open, returning null
[IRS Login Modal] Not open, returning null
[IRS Login Modal] Not open, returning null
[IRS Login Modal] Not open, returning null

[90mstdout[2m | components/IRIS1099Wizard.test.tsx[2m > [22m[2mIRIS1099Wizard - Authentication Step[2m > [22m[2mSubmission Flow[2m > [22m[2mshould show transmitting status during submission
[22m[39m[IRS Login Modal] Not open, returning null

[90mstdout[2m | components/IRIS1099Wizard.test.tsx[2m > [22m[2mIRIS1099Wizard - Authentication Step[2m > [22m[2mSubmission Flow[2m > [22m[2mshould show transmitting status during submission
[22m[39m[IRS Login Modal] Not open, returning null
[IRS Login Modal] Not open, returning null
[IRS Login Modal] Not open, returning null

[90mstdout[2m | components/IRIS1099Wizard.test.tsx[2m > [22m[2mIRIS1099Wizard - Authentication Step[2m > [22m[2mSubmission Flow[2m > [22m[2mshould show transmitting status during submission
[22m[39m[IRS Login Modal] Not open, returning null

[90mstdout[2m | components/IRIS1099Wizard.test.tsx[2m > [22m[2mIRIS1099Wizard - Authentication Step[2m > [22m[2mSubmission Flow[2m > [22m[2mshould show transmitting status during submission
[22m[39m[IRS Login Modal] Not open, returning null

[90mstdout[2m | components/IRIS1099Wizard.test.tsx[2m > [22m[2mIRIS1099Wizard - Authentication Step[2m > [22m[2mSubmission Flow[2m > [22m[2mshould show transmitting status during submission
[22m[39m[IRS Login Modal] Not open, returning null

[90mstdout[2m | components/IRIS1099Wizard.test.tsx[2m > [22m[2mIRIS1099Wizard - Authentication Step[2m > [22m[2mSubmission Flow[2m > [22m[2mshould show transmitting status during submission
[22m[39m[IRS Login Modal] Not open, returning null

[90mstdout[2m | components/IRIS1099Wizard.test.tsx[2m > [22m[2mIRIS1099Wizard - Authentication Step[2m > [22m[2mSubmission Flow[2m > [22m[2mshould display receipt ID after successful submission
[22m[39m[IRS Login Modal] Not open, returning null

[90mstdout[2m | components/IRIS1099Wizard.test.tsx[2m > [22m[2mIRIS1099Wizard - Authentication Step[2m > [22m[2mSubmission Flow[2m > [22m[2mshould display receipt ID after successful submission
[22m[39m[IRS Login Modal] Not open, returning null

[90mstdout[2m | components/IRIS1099Wizard.test.tsx[2m > [22m[2mIRIS1099Wizard - Authentication Step[2m > [22m[2mSubmission Flow[2m > [22m[2mshould display receipt ID after successful submission
[22m[39m[IRS Login Modal] Not open, returning null
[IRS Login Modal] Not open, returning null
[Wizard] Authenticating...
[IRS Login Modal] Not open, returning null
[Wizard] Health check: { status: [32m'healthy'[39m, service: [32m'IRS IRIS API Proxy'[39m, version: [32m'1.0.0'[39m }

[90mstdout[2m | components/IRIS1099Wizard.test.tsx[2m > [22m[2mIRIS1099Wizard - Authentication Step[2m > [22m[2mSubmission Flow[2m > [22m[2mshould display receipt ID after successful submission
[22m[39m[IRS Login Modal] Not open, returning null

[90mstdout[2m | components/IRIS1099Wizard.test.tsx[2m > [22m[2mIRIS1099Wizard - Authentication Step[2m > [22m[2mSubmission Flow[2m > [22m[2mshould display receipt ID after successful submission
[22m[39m[Wizard] Verifying credentials...

[90mstdout[2m | components/IRIS1099Wizard.test.tsx[2m > [22m[2mIRIS1099Wizard - Authentication Step[2m > [22m[2mSubmission Flow[2m > [22m[2mshould display receipt ID after successful submission
[22m[39m[Wizard] 2FA required: [33mfalse[39m
[Wizard] Proceeding to Filer step

[90mstdout[2m | components/IRIS1099Wizard.test.tsx[2m > [22m[2mIRIS1099Wizard - Authentication Step[2m > [22m[2mSubmission Flow[2m > [22m[2mshould display receipt ID after successful submission
[22m[39m[IRS Login Modal] Not open, returning null

[90mstdout[2m | components/IRIS1099Wizard.test.tsx[2m > [22m[2mIRIS1099Wizard - Authentication Step[2m > [22m[2mSubmission Flow[2m > [22m[2mshould display receipt ID after successful submission
[22m[39m[IRS Login Modal] Not open, returning null
[IRS Login Modal] Not open, returning null
[IRS Login Modal] Not open, returning null
[IRS Login Modal] Not open, returning null

[90mstdout[2m | components/IRIS1099Wizard.test.tsx[2m > [22m[2mIRIS1099Wizard - Authentication Step[2m > [22m[2mSubmission Flow[2m > [22m[2mshould display receipt ID after successful submission
[22m[39m[IRS Login Modal] Not open, returning null

[90mstdout[2m | components/IRIS1099Wizard.test.tsx[2m > [22m[2mIRIS1099Wizard - Authentication Step[2m > [22m[2mSubmission Flow[2m > [22m[2mshould display receipt ID after successful submission
[22m[39m[IRS Login Modal] Not open, returning null
[IRS Login Modal] Not open, returning null
[IRS Login Modal] Not open, returning null

[90mstdout[2m | components/IRIS1099Wizard.test.tsx[2m > [22m[2mIRIS1099Wizard - Authentication Step[2m > [22m[2mSubmission Flow[2m > [22m[2mshould display receipt ID after successful submission
[22m[39m[IRS Login Modal] Not open, returning null

[90mstdout[2m | components/IRIS1099Wizard.test.tsx[2m > [22m[2mIRIS1099Wizard - Authentication Step[2m > [22m[2mSubmission Flow[2m > [22m[2mshould display receipt ID after successful submission
[22m[39m[IRS Login Modal] Not open, returning null

[90mstdout[2m | components/IRIS1099Wizard.test.tsx[2m > [22m[2mIRIS1099Wizard - Authentication Step[2m > [22m[2mSubmission Flow[2m > [22m[2mshould display receipt ID after successful submission
[22m[39m[IRS Login Modal] Not open, returning null

[90mstdout[2m | components/IRIS1099Wizard.test.tsx[2m > [22m[2mIRIS1099Wizard - Authentication Step[2m > [22m[2mSubmission Flow[2m > [22m[2mshould display receipt ID after successful submission
[22m[39m[IRS Login Modal] Not open, returning null

[90mstdout[2m | components/IRIS1099Wizard.test.tsx[2m > [22m[2mIRIS1099Wizard - Authentication Step[2m > [22m[2mSubmission Flow[2m > [22m[2mshould handle submission API error
[22m[39m[IRS Login Modal] Not open, returning null

[90mstdout[2m | components/IRIS1099Wizard.test.tsx[2m > [22m[2mIRIS1099Wizard - Authentication Step[2m > [22m[2mSubmission Flow[2m > [22m[2mshould handle submission API error
[22m[39m[IRS Login Modal] Not open, returning null

[90mstdout[2m | components/IRIS1099Wizard.test.tsx[2m > [22m[2mIRIS1099Wizard - Authentication Step[2m > [22m[2mSubmission Flow[2m > [22m[2mshould handle submission API error
[22m[39m[IRS Login Modal] Not open, returning null
[IRS Login Modal] Not open, returning null
[Wizard] Authenticating...
[IRS Login Modal] Not open, returning null
[Wizard] Health check: { status: [32m'healthy'[39m, service: [32m'IRS IRIS API Proxy'[39m, version: [32m'1.0.0'[39m }

[90mstdout[2m | components/IRIS1099Wizard.test.tsx[2m > [22m[2mIRIS1099Wizard - Authentication Step[2m > [22m[2mSubmission Flow[2m > [22m[2mshould handle submission API error
[22m[39m[IRS Login Modal] Not open, returning null

[90mstdout[2m | components/IRIS1099Wizard.test.tsx[2m > [22m[2mIRIS1099Wizard - Authentication Step[2m > [22m[2mSubmission Flow[2m > [22m[2mshould handle submission API error
[22m[39m[Wizard] Verifying credentials...

[90mstdout[2m | components/IRIS1099Wizard.test.tsx[2m > [22m[2mIRIS1099Wizard - Authentication Step[2m > [22m[2mSubmission Flow[2m > [22m[2mshould handle submission API error
[22m[39m[Wizard] 2FA required: [33mfalse[39m
[Wizard] Proceeding to Filer step

[90mstdout[2m | components/IRIS1099Wizard.test.tsx[2m > [22m[2mIRIS1099Wizard - Authentication Step[2m > [22m[2mSubmission Flow[2m > [22m[2mshould handle submission API error
[22m[39m[IRS Login Modal] Not open, returning null

[90mstdout[2m | components/IRIS1099Wizard.test.tsx[2m > [22m[2mIRIS1099Wizard - Authentication Step[2m > [22m[2mSubmission Flow[2m > [22m[2mshould handle submission API error
[22m[39m[IRS Login Modal] Not open, returning null
[IRS Login Modal] Not open, returning null
[IRS Login Modal] Not open, returning null
[IRS Login Modal] Not open, returning null

[90mstdout[2m | components/IRIS1099Wizard.test.tsx[2m > [22m[2mIRIS1099Wizard - Authentication Step[2m > [22m[2mSubmission Flow[2m > [22m[2mshould handle submission API error
[22m[39m[IRS Login Modal] Not open, returning null

[90mstdout[2m | components/IRIS1099Wizard.test.tsx[2m > [22m[2mIRIS1099Wizard - Authentication Step[2m > [22m[2mSubmission Flow[2m > [22m[2mshould handle submission API error
[22m[39m[IRS Login Modal] Not open, returning null
[IRS Login Modal] Not open, returning null
[IRS Login Modal] Not open, returning null

[90mstdout[2m | components/IRIS1099Wizard.test.tsx[2m > [22m[2mIRIS1099Wizard - Authentication Step[2m > [22m[2mSubmission Flow[2m > [22m[2mshould handle submission API error
[22m[39m[IRS Login Modal] Not open, returning null

[90mstdout[2m | components/IRIS1099Wizard.test.tsx[2m > [22m[2mIRIS1099Wizard - Authentication Step[2m > [22m[2mSubmission Flow[2m > [22m[2mshould handle submission API error
[22m[39m[IRS Login Modal] Not open, returning null

[90mstdout[2m | components/IRIS1099Wizard.test.tsx[2m > [22m[2mIRIS1099Wizard - Authentication Step[2m > [22m[2mSubmission Flow[2m > [22m[2mshould handle submission API error
[22m[39m[IRS Login Modal] Not open, returning null

[90mstdout[2m | components/IRIS1099Wizard.test.tsx[2m > [22m[2mIRIS1099Wizard - Authentication Step[2m > [22m[2mSubmission Flow[2m > [22m[2mshould handle submission API error
[22m[39m[IRS Login Modal] Not open, returning null

[90mstdout[2m | components/IRIS1099Wizard.test.tsx[2m > [22m[2mIRIS1099Wizard - Authentication Step[2m > [22m[2mSubmission Flow[2m > [22m[2mshould poll for status after submission
[22m[39m[IRS Login Modal] Not open, returning null

[90mstdout[2m | components/IRIS1099Wizard.test.tsx[2m > [22m[2mIRIS1099Wizard - Authentication Step[2m > [22m[2mSubmission Flow[2m > [22m[2mshould poll for status after submission
[22m[39m[IRS Login Modal] Not open, returning null

[90mstdout[2m | components/IRIS1099Wizard.test.tsx[2m > [22m[2mIRIS1099Wizard - Authentication Step[2m > [22m[2mSubmission Flow[2m > [22m[2mshould poll for status after submission
[22m[39m[IRS Login Modal] Not open, returning null
[IRS Login Modal] Not open, returning null
[Wizard] Authenticating...
[IRS Login Modal] Not open, returning null
[Wizard] Health check: { status: [32m'healthy'[39m, service: [32m'IRS IRIS API Proxy'[39m, version: [32m'1.0.0'[39m }

[90mstdout[2m | components/IRIS1099Wizard.test.tsx[2m > [22m[2mIRIS1099Wizard - Authentication Step[2m > [22m[2mSubmission Flow[2m > [22m[2mshould poll for status after submission
[22m[39m[IRS Login Modal] Not open, returning null

[90mstdout[2m | components/IRIS1099Wizard.test.tsx[2m > [22m[2mIRIS1099Wizard - Authentication Step[2m > [22m[2mSubmission Flow[2m > [22m[2mshould poll for status after submission
[22m[39m[Wizard] Verifying credentials...

[90mstdout[2m | components/IRIS1099Wizard.test.tsx[2m > [22m[2mIRIS1099Wizard - Authentication Step[2m > [22m[2mSubmission Flow[2m > [22m[2mshould poll for status after submission
[22m[39m[Wizard] 2FA required: [33mfalse[39m
[Wizard] Proceeding to Filer step

[90mstdout[2m | components/IRIS1099Wizard.test.tsx[2m > [22m[2mIRIS1099Wizard - Authentication Step[2m > [22m[2mSubmission Flow[2m > [22m[2mshould poll for status after submission
[22m[39m[IRS Login Modal] Not open, returning null

[90mstdout[2m | components/IRIS1099Wizard.test.tsx[2m > [22m[2mIRIS1099Wizard - Authentication Step[2m > [22m[2mSubmission Flow[2m > [22m[2mshould poll for status after submission
[22m[39m[IRS Login Modal] Not open, returning null
[IRS Login Modal] Not open, returning null
[IRS Login Modal] Not open, returning null
[IRS Login Modal] Not open, returning null

[90mstdout[2m | components/IRIS1099Wizard.test.tsx[2m > [22m[2mIRIS1099Wizard - Authentication Step[2m > [22m[2mSubmission Flow[2m > [22m[2mshould poll for status after submission
[22m[39m[IRS Login Modal] Not open, returning null

[90mstdout[2m | components/IRIS1099Wizard.test.tsx[2m > [22m[2mIRIS1099Wizard - Authentication Step[2m > [22m[2mSubmission Flow[2m > [22m[2mshould poll for status after submission
[22m[39m[IRS Login Modal] Not open, returning null
[IRS Login Modal] Not open, returning null
[IRS Login Modal] Not open, returning null

[90mstdout[2m | components/IRIS1099Wizard.test.tsx[2m > [22m[2mIRIS1099Wizard - Authentication Step[2m > [22m[2mSubmission Flow[2m > [22m[2mshould poll for status after submission
[22m[39m[IRS Login Modal] Not open, returning null

[90mstdout[2m | components/IRIS1099Wizard.test.tsx[2m > [22m[2mIRIS1099Wizard - Authentication Step[2m > [22m[2mSubmission Flow[2m > [22m[2mshould poll for status after submission
[22m[39m[IRS Login Modal] Not open, returning null

[90mstdout[2m | components/IRIS1099Wizard.test.tsx[2m > [22m[2mIRIS1099Wizard - Authentication Step[2m > [22m[2mSubmission Flow[2m > [22m[2mshould poll for status after submission
[22m[39m[IRS Login Modal] Not open, returning null

[90mstdout[2m | components/IRIS1099Wizard.test.tsx[2m > [22m[2mIRIS1099Wizard - Authentication Step[2m > [22m[2mSubmission Flow[2m > [22m[2mshould poll for status after submission
[22m[39m[IRS Login Modal] Not open, returning null

[90mstdout[2m | components/IRIS1099Wizard.test.tsx[2m > [22m[2mIRIS1099Wizard - Authentication Step[2m > [22m[2mSubmission Flow[2m > [22m[2mshould display final status results
[22m[39m[IRS Login Modal] Not open, returning null

[90mstdout[2m | components/IRIS1099Wizard.test.tsx[2m > [22m[2mIRIS1099Wizard - Authentication Step[2m > [22m[2mSubmission Flow[2m > [22m[2mshould display final status results
[22m[39m[IRS Login Modal] Not open, returning null

[90mstdout[2m | components/IRIS1099Wizard.test.tsx[2m > [22m[2mIRIS1099Wizard - Authentication Step[2m > [22m[2mSubmission Flow[2m > [22m[2mshould display final status results
[22m[39m[IRS Login Modal] Not open, returning null
[IRS Login Modal] Not open, returning null
[Wizard] Authenticating...
[IRS Login Modal] Not open, returning null
[Wizard] Health check: { status: [32m'healthy'[39m, service: [32m'IRS IRIS API Proxy'[39m, version: [32m'1.0.0'[39m }

[90mstdout[2m | components/IRIS1099Wizard.test.tsx[2m > [22m[2mIRIS1099Wizard - Authentication Step[2m > [22m[2mSubmission Flow[2m > [22m[2mshould display final status results
[22m[39m[IRS Login Modal] Not open, returning null

[90mstdout[2m | components/IRIS1099Wizard.test.tsx[2m > [22m[2mIRIS1099Wizard - Authentication Step[2m > [22m[2mSubmission Flow[2m > [22m[2mshould display final status results
[22m[39m[Wizard] Verifying credentials...

[90mstdout[2m | components/IRIS1099Wizard.test.tsx[2m > [22m[2mIRIS1099Wizard - Authentication Step[2m > [22m[2mSubmission Flow[2m > [22m[2mshould display final status results
[22m[39m[Wizard] 2FA required: [33mfalse[39m
[Wizard] Proceeding to Filer step

[90mstdout[2m | components/IRIS1099Wizard.test.tsx[2m > [22m[2mIRIS1099Wizard - Authentication Step[2m > [22m[2mSubmission Flow[2m > [22m[2mshould display final status results
[22m[39m[IRS Login Modal] Not open, returning null

[90mstdout[2m | components/IRIS1099Wizard.test.tsx[2m > [22m[2mIRIS1099Wizard - Authentication Step[2m > [22m[2mSubmission Flow[2m > [22m[2mshould display final status results
[22m[39m[IRS Login Modal] Not open, returning null
[IRS Login Modal] Not open, returning null
[IRS Login Modal] Not open, returning null
[IRS Login Modal] Not open, returning null

[90mstdout[2m | components/IRIS1099Wizard.test.tsx[2m > [22m[2mIRIS1099Wizard - Authentication Step[2m > [22m[2mSubmission Flow[2m > [22m[2mshould display final status results
[22m[39m[IRS Login Modal] Not open, returning null

[90mstdout[2m | components/IRIS1099Wizard.test.tsx[2m > [22m[2mIRIS1099Wizard - Authentication Step[2m > [22m[2mSubmission Flow[2m > [22m[2mshould display final status results
[22m[39m[IRS Login Modal] Not open, returning null
[IRS Login Modal] Not open, returning null
[IRS Login Modal] Not open, returning null

[90mstdout[2m | components/IRIS1099Wizard.test.tsx[2m > [22m[2mIRIS1099Wizard - Authentication Step[2m > [22m[2mSubmission Flow[2m > [22m[2mshould display final status results
[22m[39m[IRS Login Modal] Not open, returning null

[90mstdout[2m | components/IRIS1099Wizard.test.tsx[2m > [22m[2mIRIS1099Wizard - Authentication Step[2m > [22m[2mSubmission Flow[2m > [22m[2mshould display final status results
[22m[39m[IRS Login Modal] Not open, returning null

[90mstdout[2m | components/IRIS1099Wizard.test.tsx[2m > [22m[2mIRIS1099Wizard - Authentication Step[2m > [22m[2mSubmission Flow[2m > [22m[2mshould display final status results
[22m[39m[IRS Login Modal] Not open, returning null

[90mstdout[2m | components/IRIS1099Wizard.test.tsx[2m > [22m[2mIRIS1099Wizard - Authentication Step[2m > [22m[2mSubmission Flow[2m > [22m[2mshould display final status results
[22m[39m[IRS Login Modal] Not open, returning null

[90mstdout[2m | components/IRIS1099Wizard.test.tsx[2m > [22m[2mIRIS1099Wizard - Authentication Step[2m > [22m[2mSubmission Flow[2m > [22m[2mshould show processing status during polling
[22m[39m[IRS Login Modal] Not open, returning null

[90mstdout[2m | components/IRIS1099Wizard.test.tsx[2m > [22m[2mIRIS1099Wizard - Authentication Step[2m > [22m[2mSubmission Flow[2m > [22m[2mshould show processing status during polling
[22m[39m[IRS Login Modal] Not open, returning null

[90mstdout[2m | components/IRIS1099Wizard.test.tsx[2m > [22m[2mIRIS1099Wizard - Authentication Step[2m > [22m[2mSubmission Flow[2m > [22m[2mshould show processing status during polling
[22m[39m[IRS Login Modal] Not open, returning null
[IRS Login Modal] Not open, returning null
[Wizard] Authenticating...
[IRS Login Modal] Not open, returning null
[Wizard] Health check: { status: [32m'healthy'[39m, service: [32m'IRS IRIS API Proxy'[39m, version: [32m'1.0.0'[39m }

[90mstdout[2m | components/IRIS1099Wizard.test.tsx[2m > [22m[2mIRIS1099Wizard - Authentication Step[2m > [22m[2mSubmission Flow[2m > [22m[2mshould show processing status during polling
[22m[39m[IRS Login Modal] Not open, returning null

[90mstdout[2m | components/IRIS1099Wizard.test.tsx[2m > [22m[2mIRIS1099Wizard - Authentication Step[2m > [22m[2mSubmission Flow[2m > [22m[2mshould show processing status during polling
[22m[39m[Wizard] Verifying credentials...

[90mstdout[2m | components/IRIS1099Wizard.test.tsx[2m > [22m[2mIRIS1099Wizard - Authentication Step[2m > [22m[2mSubmission Flow[2m > [22m[2mshould show processing status during polling
[22m[39m[Wizard] 2FA required: [33mfalse[39m
[Wizard] Proceeding to Filer step

[90mstdout[2m | components/IRIS1099Wizard.test.tsx[2m > [22m[2mIRIS1099Wizard - Authentication Step[2m > [22m[2mSubmission Flow[2m > [22m[2mshould show processing status during polling
[22m[39m[IRS Login Modal] Not open, returning null

[90mstdout[2m | components/IRIS1099Wizard.test.tsx[2m > [22m[2mIRIS1099Wizard - Authentication Step[2m > [22m[2mSubmission Flow[2m > [22m[2mshould show processing status during polling
[22m[39m[IRS Login Modal] Not open, returning null
[IRS Login Modal] Not open, returning null
[IRS Login Modal] Not open, returning null
[IRS Login Modal] Not open, returning null

[90mstdout[2m | components/IRIS1099Wizard.test.tsx[2m > [22m[2mIRIS1099Wizard - Authentication Step[2m > [22m[2mSubmission Flow[2m > [22m[2mshould show processing status during polling
[22m[39m[IRS Login Modal] Not open, returning null

[90mstdout[2m | components/IRIS1099Wizard.test.tsx[2m > [22m[2mIRIS1099Wizard - Authentication Step[2m > [22m[2mSubmission Flow[2m > [22m[2mshould show processing status during polling
[22m[39m[IRS Login Modal] Not open, returning null
[IRS Login Modal] Not open, returning null
[IRS Login Modal] Not open, returning null

[90mstdout[2m | components/IRIS1099Wizard.test.tsx[2m > [22m[2mIRIS1099Wizard - Authentication Step[2m > [22m[2mSubmission Flow[2m > [22m[2mshould show processing status during polling
[22m[39m[IRS Login Modal] Not open, returning null

[90mstdout[2m | components/IRIS1099Wizard.test.tsx[2m > [22m[2mIRIS1099Wizard - Authentication Step[2m > [22m[2mSubmission Flow[2m > [22m[2mshould show processing status during polling
[22m[39m[IRS Login Modal] Not open, returning null

[90mstdout[2m | components/IRIS1099Wizard.test.tsx[2m > [22m[2mIRIS1099Wizard - Authentication Step[2m > [22m[2mSubmission Flow[2m > [22m[2mshould show processing status during polling
[22m[39m[IRS Login Modal] Not open, returning null

[90mstdout[2m | components/IRIS1099Wizard.test.tsx[2m > [22m[2mIRIS1099Wizard - Authentication Step[2m > [22m[2mSubmission Flow[2m > [22m[2mshould show processing status during polling
[22m[39m[IRS Login Modal] Not open, returning null

[90mstdout[2m | components/IRIS1099Wizard.test.tsx[2m > [22m[2mIRIS1099Wizard - Authentication Step[2m > [22m[2mSubmission Flow[2m > [22m[2mshould display batch status counts during polling
[22m[39m[IRS Login Modal] Not open, returning null

[90mstdout[2m | components/IRIS1099Wizard.test.tsx[2m > [22m[2mIRIS1099Wizard - Authentication Step[2m > [22m[2mSubmission Flow[2m > [22m[2mshould display batch status counts during polling
[22m[39m[IRS Login Modal] Not open, returning null

[90mstdout[2m | components/IRIS1099Wizard.test.tsx[2m > [22m[2mIRIS1099Wizard - Authentication Step[2m > [22m[2mSubmission Flow[2m > [22m[2mshould display batch status counts during polling
[22m[39m[IRS Login Modal] Not open, returning null
[IRS Login Modal] Not open, returning null
[Wizard] Authenticating...
[IRS Login Modal] Not open, returning null
[Wizard] Health check: { status: [32m'healthy'[39m, service: [32m'IRS IRIS API Proxy'[39m, version: [32m'1.0.0'[39m }

[90mstdout[2m | components/IRIS1099Wizard.test.tsx[2m > [22m[2mIRIS1099Wizard - Authentication Step[2m > [22m[2mSubmission Flow[2m > [22m[2mshould display batch status counts during polling
[22m[39m[IRS Login Modal] Not open, returning null

[90mstdout[2m | components/IRIS1099Wizard.test.tsx[2m > [22m[2mIRIS1099Wizard - Authentication Step[2m > [22m[2mSubmission Flow[2m > [22m[2mshould display batch status counts during polling
[22m[39m[Wizard] Verifying credentials...

[90mstdout[2m | components/IRIS1099Wizard.test.tsx[2m > [22m[2mIRIS1099Wizard - Authentication Step[2m > [22m[2mSubmission Flow[2m > [22m[2mshould display batch status counts during polling
[22m[39m[Wizard] 2FA required: [33mfalse[39m
[Wizard] Proceeding to Filer step

[90mstdout[2m | components/IRIS1099Wizard.test.tsx[2m > [22m[2mIRIS1099Wizard - Authentication Step[2m > [22m[2mSubmission Flow[2m > [22m[2mshould display batch status counts during polling
[22m[39m[IRS Login Modal] Not open, returning null

[90mstdout[2m | components/IRIS1099Wizard.test.tsx[2m > [22m[2mIRIS1099Wizard - Authentication Step[2m > [22m[2mSubmission Flow[2m > [22m[2mshould display batch status counts during polling
[22m[39m[IRS Login Modal] Not open, returning null
[IRS Login Modal] Not open, returning null
[IRS Login Modal] Not open, returning null
[IRS Login Modal] Not open, returning null

[90mstdout[2m | components/IRIS1099Wizard.test.tsx[2m > [22m[2mIRIS1099Wizard - Authentication Step[2m > [22m[2mSubmission Flow[2m > [22m[2mshould display batch status counts during polling
[22m[39m[IRS Login Modal] Not open, returning null

[90mstdout[2m | components/IRIS1099Wizard.test.tsx[2m > [22m[2mIRIS1099Wizard - Authentication Step[2m > [22m[2mSubmission Flow[2m > [22m[2mshould display batch status counts during polling
[22m[39m[IRS Login Modal] Not open, returning null
[IRS Login Modal] Not open, returning null
[IRS Login Modal] Not open, returning null

[90mstdout[2m | components/IRIS1099Wizard.test.tsx[2m > [22m[2mIRIS1099Wizard - Authentication Step[2m > [22m[2mSubmission Flow[2m > [22m[2mshould display batch status counts during polling
[22m[39m[IRS Login Modal] Not open, returning null

[90mstdout[2m | components/IRIS1099Wizard.test.tsx[2m > [22m[2mIRIS1099Wizard - Authentication Step[2m > [22m[2mSubmission Flow[2m > [22m[2mshould display batch status counts during polling
[22m[39m[IRS Login Modal] Not open, returning null

[90mstdout[2m | components/IRIS1099Wizard.test.tsx[2m > [22m[2mIRIS1099Wizard - Authentication Step[2m > [22m[2mSubmission Flow[2m > [22m[2mshould display batch status counts during polling
[22m[39m[IRS Login Modal] Not open, returning null

[90mstdout[2m | components/IRIS1099Wizard.test.tsx[2m > [22m[2mIRIS1099Wizard - Authentication Step[2m > [22m[2mSubmission Flow[2m > [22m[2mshould display batch status counts during polling
[22m[39m[IRS Login Modal] Not open, returning null

[90mstdout[2m | components/IRIS1099Wizard.test.tsx[2m > [22m[2mIRIS1099Wizard - Authentication Step[2m > [22m[2mSubmission Flow[2m > [22m[2mshould display all accepted message on full success
[22m[39m[IRS Login Modal] Not open, returning null

[90mstdout[2m | components/IRIS1099Wizard.test.tsx[2m > [22m[2mIRIS1099Wizard - Authentication Step[2m > [22m[2mSubmission Flow[2m > [22m[2mshould display all accepted message on full success
[22m[39m[IRS Login Modal] Not open, returning null

[90mstdout[2m | components/IRIS1099Wizard.test.tsx[2m > [22m[2mIRIS1099Wizard - Authentication Step[2m > [22m[2mSubmission Flow[2m > [22m[2mshould display all accepted message on full success
[22m[39m[IRS Login Modal] Not open, returning null
[IRS Login Modal] Not open, returning null
[Wizard] Authenticating...
[IRS Login Modal] Not open, returning null
[Wizard] Health check: { status: [32m'healthy'[39m, service: [32m'IRS IRIS API Proxy'[39m, version: [32m'1.0.0'[39m }

[90mstdout[2m | components/IRIS1099Wizard.test.tsx[2m > [22m[2mIRIS1099Wizard - Authentication Step[2m > [22m[2mSubmission Flow[2m > [22m[2mshould display all accepted message on full success
[22m[39m[IRS Login Modal] Not open, returning null

[90mstdout[2m | components/IRIS1099Wizard.test.tsx[2m > [22m[2mIRIS1099Wizard - Authentication Step[2m > [22m[2mSubmission Flow[2m > [22m[2mshould display all accepted message on full success
[22m[39m[Wizard] Verifying credentials...

[90mstdout[2m | components/IRIS1099Wizard.test.tsx[2m > [22m[2mIRIS1099Wizard - Authentication Step[2m > [22m[2mSubmission Flow[2m > [22m[2mshould display all accepted message on full success
[22m[39m[Wizard] 2FA required: [33mfalse[39m
[Wizard] Proceeding to Filer step

[90mstdout[2m | components/IRIS1099Wizard.test.tsx[2m > [22m[2mIRIS1099Wizard - Authentication Step[2m > [22m[2mSubmission Flow[2m > [22m[2mshould display all accepted message on full success
[22m[39m[IRS Login Modal] Not open, returning null

[90mstdout[2m | components/IRIS1099Wizard.test.tsx[2m > [22m[2mIRIS1099Wizard - Authentication Step[2m > [22m[2mSubmission Flow[2m > [22m[2mshould display all accepted message on full success
[22m[39m[IRS Login Modal] Not open, returning null
[IRS Login Modal] Not open, returning null
[IRS Login Modal] Not open, returning null
[IRS Login Modal] Not open, returning null

[90mstdout[2m | components/IRIS1099Wizard.test.tsx[2m > [22m[2mIRIS1099Wizard - Authentication Step[2m > [22m[2mSubmission Flow[2m > [22m[2mshould display all accepted message on full success
[22m[39m[IRS Login Modal] Not open, returning null

[90mstdout[2m | components/IRIS1099Wizard.test.tsx[2m > [22m[2mIRIS1099Wizard - Authentication Step[2m > [22m[2mSubmission Flow[2m > [22m[2mshould display all accepted message on full success
[22m[39m[IRS Login Modal] Not open, returning null
[IRS Login Modal] Not open, returning null
[IRS Login Modal] Not open, returning null

[90mstdout[2m | components/IRIS1099Wizard.test.tsx[2m > [22m[2mIRIS1099Wizard - Authentication Step[2m > [22m[2mSubmission Flow[2m > [22m[2mshould display all accepted message on full success
[22m[39m[IRS Login Modal] Not open, returning null

[90mstdout[2m | components/IRIS1099Wizard.test.tsx[2m > [22m[2mIRIS1099Wizard - Authentication Step[2m > [22m[2mSubmission Flow[2m > [22m[2mshould display all accepted message on full success
[22m[39m[IRS Login Modal] Not open, returning null

[90mstdout[2m | components/IRIS1099Wizard.test.tsx[2m > [22m[2mIRIS1099Wizard - Authentication Step[2m > [22m[2mSubmission Flow[2m > [22m[2mshould display all accepted message on full success
[22m[39m[IRS Login Modal] Not open, returning null

[90mstdout[2m | components/IRIS1099Wizard.test.tsx[2m > [22m[2mIRIS1099Wizard - Authentication Step[2m > [22m[2mSubmission Flow[2m > [22m[2mshould display all accepted message on full success
[22m[39m[IRS Login Modal] Not open, returning null

[90mstdout[2m | components/IRIS1099Wizard.test.tsx[2m > [22m[2mIRIS1099Wizard - Authentication Step[2m > [22m[2mSubmission Flow[2m > [22m[2mshould show New Submission button after completion
[22m[39m[IRS Login Modal] Not open, returning null

[90mstdout[2m | components/IRIS1099Wizard.test.tsx[2m > [22m[2mIRIS1099Wizard - Authentication Step[2m > [22m[2mSubmission Flow[2m > [22m[2mshould show New Submission button after completion
[22m[39m[IRS Login Modal] Not open, returning null

[90mstdout[2m | components/IRIS1099Wizard.test.tsx[2m > [22m[2mIRIS1099Wizard - Authentication Step[2m > [22m[2mSubmission Flow[2m > [22m[2mshould show New Submission button after completion
[22m[39m[IRS Login Modal] Not open, returning null
[IRS Login Modal] Not open, returning null
[Wizard] Authenticating...
[IRS Login Modal] Not open, returning null
[Wizard] Health check: { status: [32m'healthy'[39m, service: [32m'IRS IRIS API Proxy'[39m, version: [32m'1.0.0'[39m }

[90mstdout[2m | components/IRIS1099Wizard.test.tsx[2m > [22m[2mIRIS1099Wizard - Authentication Step[2m > [22m[2mSubmission Flow[2m > [22m[2mshould show New Submission button after completion
[22m[39m[IRS Login Modal] Not open, returning null

[90mstdout[2m | components/IRIS1099Wizard.test.tsx[2m > [22m[2mIRIS1099Wizard - Authentication Step[2m > [22m[2mSubmission Flow[2m > [22m[2mshould show New Submission button after completion
[22m[39m[Wizard] Verifying credentials...

[90mstdout[2m | components/IRIS1099Wizard.test.tsx[2m > [22m[2mIRIS1099Wizard - Authentication Step[2m > [22m[2mSubmission Flow[2m > [22m[2mshould show New Submission button after completion
[22m[39m[Wizard] 2FA required: [33mfalse[39m
[Wizard] Proceeding to Filer step

[90mstdout[2m | components/IRIS1099Wizard.test.tsx[2m > [22m[2mIRIS1099Wizard - Authentication Step[2m > [22m[2mSubmission Flow[2m > [22m[2mshould show New Submission button after completion
[22m[39m[IRS Login Modal] Not open, returning null

[90mstdout[2m | components/IRIS1099Wizard.test.tsx[2m > [22m[2mIRIS1099Wizard - Authentication Step[2m > [22m[2mSubmission Flow[2m > [22m[2mshould show New Submission button after completion
[22m[39m[IRS Login Modal] Not open, returning null
[IRS Login Modal] Not open, returning null
[IRS Login Modal] Not open, returning null
[IRS Login Modal] Not open, returning null

[90mstdout[2m | components/IRIS1099Wizard.test.tsx[2m > [22m[2mIRIS1099Wizard - Authentication Step[2m > [22m[2mSubmission Flow[2m > [22m[2mshould show New Submission button after completion
[22m[39m[IRS Login Modal] Not open, returning null

[90mstdout[2m | components/IRIS1099Wizard.test.tsx[2m > [22m[2mIRIS1099Wizard - Authentication Step[2m > [22m[2mSubmission Flow[2m > [22m[2mshould show New Submission button after completion
[22m[39m[IRS Login Modal] Not open, returning null
[IRS Login Modal] Not open, returning null
[IRS Login Modal] Not open, returning null

[90mstdout[2m | components/IRIS1099Wizard.test.tsx[2m > [22m[2mIRIS1099Wizard - Authentication Step[2m > [22m[2mSubmission Flow[2m > [22m[2mshould show New Submission button after completion
[22m[39m[IRS Login Modal] Not open, returning null

[90mstdout[2m | components/IRIS1099Wizard.test.tsx[2m > [22m[2mIRIS1099Wizard - Authentication Step[2m > [22m[2mSubmission Flow[2m > [22m[2mshould show New Submission button after completion
[22m[39m[IRS Login Modal] Not open, returning null

[90mstdout[2m | components/IRIS1099Wizard.test.tsx[2m > [22m[2mIRIS1099Wizard - Authentication Step[2m > [22m[2mSubmission Flow[2m > [22m[2mshould show New Submission button after completion
[22m[39m[IRS Login Modal] Not open, returning null

[90mstdout[2m | components/IRIS1099Wizard.test.tsx[2m > [22m[2mIRIS1099Wizard - Authentication Step[2m > [22m[2mSubmission Flow[2m > [22m[2mshould show New Submission button after completion
[22m[39m[IRS Login Modal] Not open, returning null

[90mstdout[2m | components/IRIS1099Wizard.test.tsx[2m > [22m[2mIRIS1099Wizard - Authentication Step[2m > [22m[2mSubmission Flow[2m > [22m[2mshould show Close button after completion
[22m[39m[IRS Login Modal] Not open, returning null

[90mstdout[2m | components/IRIS1099Wizard.test.tsx[2m > [22m[2mIRIS1099Wizard - Authentication Step[2m > [22m[2mSubmission Flow[2m > [22m[2mshould show Close button after completion
[22m[39m[IRS Login Modal] Not open, returning null

[90mstdout[2m | components/IRIS1099Wizard.test.tsx[2m > [22m[2mIRIS1099Wizard - Authentication Step[2m > [22m[2mSubmission Flow[2m > [22m[2mshould show Close button after completion
[22m[39m[IRS Login Modal] Not open, returning null
[IRS Login Modal] Not open, returning null
[Wizard] Authenticating...
[IRS Login Modal] Not open, returning null
[Wizard] Health check: { status: [32m'healthy'[39m, service: [32m'IRS IRIS API Proxy'[39m, version: [32m'1.0.0'[39m }

[90mstdout[2m | components/IRIS1099Wizard.test.tsx[2m > [22m[2mIRIS1099Wizard - Authentication Step[2m > [22m[2mSubmission Flow[2m > [22m[2mshould show Close button after completion
[22m[39m[IRS Login Modal] Not open, returning null

[90mstdout[2m | components/IRIS1099Wizard.test.tsx[2m > [22m[2mIRIS1099Wizard - Authentication Step[2m > [22m[2mSubmission Flow[2m > [22m[2mshould show Close button after completion
[22m[39m[Wizard] Verifying credentials...

[90mstdout[2m | components/IRIS1099Wizard.test.tsx[2m > [22m[2mIRIS1099Wizard - Authentication Step[2m > [22m[2mSubmission Flow[2m > [22m[2mshould show Close button after completion
[22m[39m[Wizard] 2FA required: [33mfalse[39m
[Wizard] Proceeding to Filer step

[90mstdout[2m | components/IRIS1099Wizard.test.tsx[2m > [22m[2mIRIS1099Wizard - Authentication Step[2m > [22m[2mSubmission Flow[2m > [22m[2mshould show Close button after completion
[22m[39m[IRS Login Modal] Not open, returning null

[90mstdout[2m | components/IRIS1099Wizard.test.tsx[2m > [22m[2mIRIS1099Wizard - Authentication Step[2m > [22m[2mSubmission Flow[2m > [22m[2mshould show Close button after completion
[22m[39m[IRS Login Modal] Not open, returning null
[IRS Login Modal] Not open, returning null
[IRS Login Modal] Not open, returning null
[IRS Login Modal] Not open, returning null

[90mstdout[2m | components/IRIS1099Wizard.test.tsx[2m > [22m[2mIRIS1099Wizard - Authentication Step[2m > [22m[2mSubmission Flow[2m > [22m[2mshould show Close button after completion
[22m[39m[IRS Login Modal] Not open, returning null

[90mstdout[2m | components/IRIS1099Wizard.test.tsx[2m > [22m[2mIRIS1099Wizard - Authentication Step[2m > [22m[2mSubmission Flow[2m > [22m[2mshould show Close button after completion
[22m[39m[IRS Login Modal] Not open, returning null
[IRS Login Modal] Not open, returning null
[IRS Login Modal] Not open, returning null

[90mstdout[2m | components/IRIS1099Wizard.test.tsx[2m > [22m[2mIRIS1099Wizard - Authentication Step[2m > [22m[2mSubmission Flow[2m > [22m[2mshould show Close button after completion
[22m[39m[IRS Login Modal] Not open, returning null

[90mstdout[2m | components/IRIS1099Wizard.test.tsx[2m > [22m[2mIRIS1099Wizard - Authentication Step[2m > [22m[2mSubmission Flow[2m > [22m[2mshould show Close button after completion
[22m[39m[IRS Login Modal] Not open, returning null

[90mstdout[2m | components/IRIS1099Wizard.test.tsx[2m > [22m[2mIRIS1099Wizard - Authentication Step[2m > [22m[2mSubmission Flow[2m > [22m[2mshould show Close button after completion
[22m[39m[IRS Login Modal] Not open, returning null

[90mstdout[2m | components/IRIS1099Wizard.test.tsx[2m > [22m[2mIRIS1099Wizard - Authentication Step[2m > [22m[2mSubmission Flow[2m > [22m[2mshould show Close button after completion
[22m[39m[IRS Login Modal] Not open, returning null

[90mstdout[2m | components/IRIS1099Wizard.test.tsx[2m > [22m[2mIRIS1099Wizard - Authentication Step[2m > [22m[2mSubmission Flow[2m > [22m[2mshould display warning count in results
[22m[39m[IRS Login Modal] Not open, returning null

[90mstdout[2m | components/IRIS1099Wizard.test.tsx[2m > [22m[2mIRIS1099Wizard - Authentication Step[2m > [22m[2mSubmission Flow[2m > [22m[2mshould display warning count in results
[22m[39m[IRS Login Modal] Not open, returning null

[90mstdout[2m | components/IRIS1099Wizard.test.tsx[2m > [22m[2mIRIS1099Wizard - Authentication Step[2m > [22m[2mSubmission Flow[2m > [22m[2mshould display warning count in results
[22m[39m[IRS Login Modal] Not open, returning null
[IRS Login Modal] Not open, returning null
[Wizard] Authenticating...
[IRS Login Modal] Not open, returning null
[Wizard] Health check: { status: [32m'healthy'[39m, service: [32m'IRS IRIS API Proxy'[39m, version: [32m'1.0.0'[39m }

[90mstdout[2m | components/IRIS1099Wizard.test.tsx[2m > [22m[2mIRIS1099Wizard - Authentication Step[2m > [22m[2mSubmission Flow[2m > [22m[2mshould display warning count in results
[22m[39m[IRS Login Modal] Not open, returning null

[90mstdout[2m | components/IRIS1099Wizard.test.tsx[2m > [22m[2mIRIS1099Wizard - Authentication Step[2m > [22m[2mSubmission Flow[2m > [22m[2mshould display warning count in results
[22m[39m[Wizard] Verifying credentials...

[90mstdout[2m | components/IRIS1099Wizard.test.tsx[2m > [22m[2mIRIS1099Wizard - Authentication Step[2m > [22m[2mSubmission Flow[2m > [22m[2mshould display warning count in results
[22m[39m[Wizard] 2FA required: [33mfalse[39m
[Wizard] Proceeding to Filer step

[90mstdout[2m | components/IRIS1099Wizard.test.tsx[2m > [22m[2mIRIS1099Wizard - Authentication Step[2m > [22m[2mSubmission Flow[2m > [22m[2mshould display warning count in results
[22m[39m[IRS Login Modal] Not open, returning null

[90mstdout[2m | components/IRIS1099Wizard.test.tsx[2m > [22m[2mIRIS1099Wizard - Authentication Step[2m > [22m[2mSubmission Flow[2m > [22m[2mshould display warning count in results
[22m[39m[IRS Login Modal] Not open, returning null
[IRS Login Modal] Not open, returning null
[IRS Login Modal] Not open, returning null
[IRS Login Modal] Not open, returning null

[90mstdout[2m | components/IRIS1099Wizard.test.tsx[2m > [22m[2mIRIS1099Wizard - Authentication Step[2m > [22m[2mSubmission Flow[2m > [22m[2mshould display warning count in results
[22m[39m[IRS Login Modal] Not open, returning null

[90mstdout[2m | components/IRIS1099Wizard.test.tsx[2m > [22m[2mIRIS1099Wizard - Authentication Step[2m > [22m[2mSubmission Flow[2m > [22m[2mshould display warning count in results
[22m[39m[IRS Login Modal] Not open, returning null
[IRS Login Modal] Not open, returning null
[IRS Login Modal] Not open, returning null

[90mstdout[2m | components/IRIS1099Wizard.test.tsx[2m > [22m[2mIRIS1099Wizard - Authentication Step[2m > [22m[2mSubmission Flow[2m > [22m[2mshould display warning count in results
[22m[39m[IRS Login Modal] Not open, returning null

[90mstdout[2m | components/IRIS1099Wizard.test.tsx[2m > [22m[2mIRIS1099Wizard - Authentication Step[2m > [22m[2mSubmission Flow[2m > [22m[2mshould display warning count in results
[22m[39m[IRS Login Modal] Not open, returning null

[90mstdout[2m | components/IRIS1099Wizard.test.tsx[2m > [22m[2mIRIS1099Wizard - Authentication Step[2m > [22m[2mSubmission Flow[2m > [22m[2mshould display warning count in results
[22m[39m[IRS Login Modal] Not open, returning null

[90mstdout[2m | components/IRIS1099Wizard.test.tsx[2m > [22m[2mIRIS1099Wizard - Authentication Step[2m > [22m[2mSubmission Flow[2m > [22m[2mshould display warning count in results
[22m[39m[IRS Login Modal] Not open, returning null

[90mstdout[2m | components/IRIS1099Wizard.test.tsx[2m > [22m[2mIRIS1099Wizard - Authentication Step[2m > [22m[2mSubmission Flow[2m > [22m[2mshould display error list when errors exist in batch status
[22m[39m[IRS Login Modal] Not open, returning null

[90mstdout[2m | components/IRIS1099Wizard.test.tsx[2m > [22m[2mIRIS1099Wizard - Authentication Step[2m > [22m[2mSubmission Flow[2m > [22m[2mshould display error list when errors exist in batch status
[22m[39m[IRS Login Modal] Not open, returning null

[90mstdout[2m | components/IRIS1099Wizard.test.tsx[2m > [22m[2mIRIS1099Wizard - Authentication Step[2m > [22m[2mSubmission Flow[2m > [22m[2mshould display error list when errors exist in batch status
[22m[39m[IRS Login Modal] Not open, returning null
[IRS Login Modal] Not open, returning null
[Wizard] Authenticating...
[IRS Login Modal] Not open, returning null
[Wizard] Health check: { status: [32m'healthy'[39m, service: [32m'IRS IRIS API Proxy'[39m, version: [32m'1.0.0'[39m }

[90mstdout[2m | components/IRIS1099Wizard.test.tsx[2m > [22m[2mIRIS1099Wizard - Authentication Step[2m > [22m[2mSubmission Flow[2m > [22m[2mshould display error list when errors exist in batch status
[22m[39m[IRS Login Modal] Not open, returning null

[90mstdout[2m | components/IRIS1099Wizard.test.tsx[2m > [22m[2mIRIS1099Wizard - Authentication Step[2m > [22m[2mSubmission Flow[2m > [22m[2mshould display error list when errors exist in batch status
[22m[39m[Wizard] Verifying credentials...

[90mstdout[2m | components/IRIS1099Wizard.test.tsx[2m > [22m[2mIRIS1099Wizard - Authentication Step[2m > [22m[2mSubmission Flow[2m > [22m[2mshould display error list when errors exist in batch status
[22m[39m[Wizard] 2FA required: [33mfalse[39m
[Wizard] Proceeding to Filer step

[90mstdout[2m | components/IRIS1099Wizard.test.tsx[2m > [22m[2mIRIS1099Wizard - Authentication Step[2m > [22m[2mSubmission Flow[2m > [22m[2mshould display error list when errors exist in batch status
[22m[39m[IRS Login Modal] Not open, returning null

[90mstdout[2m | components/IRIS1099Wizard.test.tsx[2m > [22m[2mIRIS1099Wizard - Authentication Step[2m > [22m[2mSubmission Flow[2m > [22m[2mshould display error list when errors exist in batch status
[22m[39m[IRS Login Modal] Not open, returning null
[IRS Login Modal] Not open, returning null
[IRS Login Modal] Not open, returning null
[IRS Login Modal] Not open, returning null

[90mstdout[2m | components/IRIS1099Wizard.test.tsx[2m > [22m[2mIRIS1099Wizard - Authentication Step[2m > [22m[2mSubmission Flow[2m > [22m[2mshould display error list when errors exist in batch status
[22m[39m[IRS Login Modal] Not open, returning null

[90mstdout[2m | components/IRIS1099Wizard.test.tsx[2m > [22m[2mIRIS1099Wizard - Authentication Step[2m > [22m[2mSubmission Flow[2m > [22m[2mshould display error list when errors exist in batch status
[22m[39m[IRS Login Modal] Not open, returning null
[IRS Login Modal] Not open, returning null
[IRS Login Modal] Not open, returning null

[90mstdout[2m | components/IRIS1099Wizard.test.tsx[2m > [22m[2mIRIS1099Wizard - Authentication Step[2m > [22m[2mSubmission Flow[2m > [22m[2mshould display error list when errors exist in batch status
[22m[39m[IRS Login Modal] Not open, returning null

[90mstdout[2m | components/IRIS1099Wizard.test.tsx[2m > [22m[2mIRIS1099Wizard - Authentication Step[2m > [22m[2mSubmission Flow[2m > [22m[2mshould display error list when errors exist in batch status
[22m[39m[IRS Login Modal] Not open, returning null

[90mstdout[2m | components/IRIS1099Wizard.test.tsx[2m > [22m[2mIRIS1099Wizard - Authentication Step[2m > [22m[2mSubmission Flow[2m > [22m[2mshould display error list when errors exist in batch status
[22m[39m[IRS Login Modal] Not open, returning null

[90mstdout[2m | components/IRIS1099Wizard.test.tsx[2m > [22m[2mIRIS1099Wizard - Authentication Step[2m > [22m[2mSubmission Flow[2m > [22m[2mshould display error list when errors exist in batch status
[22m[39m[IRS Login Modal] Not open, returning null

 [32m✓[39m components/IRIS1099Wizard.test.tsx [2m([22m[2m76 tests[22m[2m)[22m[33m 117003[2mms[22m[39m
       [33m[2m✓[22m[39m should call irsApi.setAuth with TCC on authenticate [33m 2055[2mms[22m[39m
       [33m[2m✓[22m[39m should call storeTCC when saveCredentials is checked [33m 2068[2mms[22m[39m
       [33m[2m✓[22m[39m should call irsApi.setAuth with bearer token [33m 2045[2mms[22m[39m
       [33m[2m✓[22m[39m should call storeBearerToken when saveCredentials is checked [33m 2066[2mms[22m[39m
       [33m[2m✓[22m[39m should not store credentials when unchecked [33m 2049[2mms[22m[39m
       [33m[2m✓[22m[39m should progress from Auth to Filer step on authentication [33m 2067[2mms[22m[39m
       [33m[2m✓[22m[39m should show Back button after Auth step [33m 2061[2mms[22m[39m
       [33m[2m✓[22m[39m should disable Continue button on Filer step when EIN is missing [33m 2082[2mms[22m[39m
       [33m[2m✓[22m[39m should disable Continue button on Filer step when Legal Name is missing [33m 2058[2mms[22m[39m
       [33m[2m✓[22m[39m should enable Continue button on Filer step when all required fields are filled [33m 2069[2mms[22m[39m
       [33m[2m✓[22m[39m should progress from Filer to FormType step on Continue [33m 2076[2mms[22m[39m
       [33m[2m✓[22m[39m should disable Continue button on Payees step when no payees added [33m 2093[2mms[22m[39m
       [33m[2m✓[22m[39m should enable Continue button on Payees step when payees are added [33m 2099[2mms[22m[39m
       [33m[2m✓[22m[39m should show Validate & Submit button on Review step [33m 2102[2mms[22m[39m
       [33m[2m✓[22m[39m should navigate back from Filer to Auth step [33m 2063[2mms[22m[39m
       [33m[2m✓[22m[39m should preserve filer state when navigating back to Auth and returning to Filer [33m 4118[2mms[22m[39m
       [33m[2m✓[22m[39m should format EIN as user types (XX-XXXXXXX) [33m 2055[2mms[22m[39m
       [33m[2m✓[22m[39m should reject EIN with fewer than 9 digits [33m 2058[2mms[22m[39m
       [33m[2m✓[22m[39m should require state abbreviation (2 characters) [33m 2061[2mms[22m[39m
       [33m[2m✓[22m[39m should uppercase state abbreviation automatically [33m 2071[2mms[22m[39m
       [33m[2m✓[22m[39m should validate ZIP code format [33m 2084[2mms[22m[39m
       [33m[2m✓[22m[39m should accept ZIP+4 format [33m 2047[2mms[22m[39m
       [33m[2m✓[22m[39m should uppercase country code automatically [33m 2057[2mms[22m[39m
       [33m[2m✓[22m[39m should add payee to list when Add Payee to Batch is clicked [33m 2104[2mms[22m[39m
       [33m[2m✓[22m[39m should allow adding multiple payees [33m 2098[2mms[22m[39m
       [33m[2m✓[22m[39m should require TIN to add payee [33m 2062[2mms[22m[39m
       [33m[2m✓[22m[39m should require name to add payee [33m 2062[2mms[22m[39m
       [33m[2m✓[22m[39m should clear form after adding payee [33m 2076[2mms[22m[39m
       [33m[2m✓[22m[39m should show payee count in header [33m 2074[2mms[22m[39m
       [33m[2m✓[22m[39m should show remove button for each payee [33m 2084[2mms[22m[39m
       [33m[2m✓[22m[39m should remove payee when delete button is clicked [33m 2085[2mms[22m[39m
       [33m[2m✓[22m[39m should update payee count after removal [33m 2106[2mms[22m[39m
       [33m[2m✓[22m[39m should disable Continue button after removing all payees [33m 2083[2mms[22m[39m
       [33m[2m✓[22m[39m should accept valid EIN format (XX-XXXXXXX) [33m 2069[2mms[22m[39m
       [33m[2m✓[22m[39m should accept valid SSN format (XXX-XX-XXXX) [33m 2068[2mms[22m[39m
       [33m[2m✓[22m[39m should show error for invalid TIN format [33m 2069[2mms[22m[39m
       [33m[2m✓[22m[39m should disable Add button for invalid TIN format [33m 2069[2mms[22m[39m
       [33m[2m✓[22m[39m should warn about duplicate TIN [33m 2102[2mms[22m[39m
       [33m[2m✓[22m[39m should call transmissionCheck for pre-validation on submit [33m 2116[2mms[22m[39m
       [33m[2m✓[22m[39m should show validating status when pre-validation starts [33m 2094[2mms[22m[39m
       [33m[2m✓[22m[39m should display validation errors when pre-validation fails [33m 2099[2mms[22m[39m
       [33m[2m✓[22m[39m should not call submitBatch when validation fails [33m 2093[2mms[22m[39m
       [33m[2m✓[22m[39m should call submitBatch when validation passes [33m 2099[2mms[22m[39m
       [33m[2m✓[22m[39m should show transmitting status during submission [33m 2095[2mms[22m[39m
       [33m[2m✓[22m[39m should display receipt ID after successful submission [33m 2098[2mms[22m[39m
       [33m[2m✓[22m[39m should handle submission API error [33m 2096[2mms[22m[39m
       [33m[2m✓[22m[39m should poll for status after submission [33m 2091[2mms[22m[39m
       [33m[2m✓[22m[39m should display final status results [33m 2097[2mms[22m[39m
       [33m[2m✓[22m[39m should show processing status during polling [33m 2119[2mms[22m[39m
       [33m[2m✓[22m[39m should display batch status counts during polling [33m 2098[2mms[22m[39m
       [33m[2m✓[22m[39m should display all accepted message on full success [33m 2093[2mms[22m[39m
       [33m[2m✓[22m[39m should show New Submission button after completion [33m 2098[2mms[22m[39m
       [33m[2m✓[22m[39m should show Close button after completion [33m 2093[2mms[22m[39m
       [33m[2m✓[22m[39m should display warning count in results [33m 2108[2mms[22m[39m
       [33m[2m✓[22m[39m should display error list when errors exist in batch status [33m 2104[2mms[22m[39m

[2m Test Files [22m [1m[32m1 passed[39m[22m[90m (1)[39m
[2m      Tests [22m [1m[32m76 passed[39m[22m[90m (76)[39m
[2m   Start at [22m 20:56:35
[2m   Duration [22m 117.73s[2m (transform 171ms, setup 88ms, import 205ms, tests 117.00s, environment 328ms)[22m

[1m[42m PASS [49m[22m [32mWaiting for file changes...[39m
       [2mpress [22m[1mh[22m[2m to show help[22m[2m, [22m[2mpress [22m[1mq[22m[2m to quit[22m
c[3J[1m[44m RERUN [49m[22m [34m[2mcomponents/IRIS1099Wizard.test.tsx [22m[34mx1 [34m[39m
       [2m Filename pattern: [22m[34mcomponents/IRIS1099Wizard.test.tsx[39m

[90mstdout[2m | components/IRIS1099Wizard.test.tsx[2m > [22m[2mIRIS1099Wizard - Authentication Step[2m > [22m[2mTCC Input Validation[2m > [22m[2mshould call irsApi.setAuth with TCC on authenticate
[22m[39m[Wizard] Authenticating...

[90mstdout[2m | components/IRIS1099Wizard.test.tsx[2m > [22m[2mIRIS1099Wizard - Authentication Step[2m > [22m[2mTCC Input Validation[2m > [22m[2mshould call irsApi.setAuth with TCC on authenticate
[22m[39m[Wizard] Health check: { status: [32m'healthy'[39m, service: [32m'IRS IRIS API Proxy'[39m, version: [32m'1.0.0'[39m }

[90mstdout[2m | components/IRIS1099Wizard.test.tsx[2m > [22m[2mIRIS1099Wizard - Authentication Step[2m > [22m[2mTCC Input Validation[2m > [22m[2mshould call irsApi.setAuth with TCC on authenticate
[22m[39m[Wizard] Verifying credentials...

[90mstdout[2m | components/IRIS1099Wizard.test.tsx[2m > [22m[2mIRIS1099Wizard - Authentication Step[2m > [22m[2mTCC Input Validation[2m > [22m[2mshould call irsApi.setAuth with TCC on authenticate
[22m[39m[Wizard] 2FA required: [33mfalse[39m
[Wizard] Proceeding to Filer step

[90mstdout[2m | components/IRIS1099Wizard.test.tsx[2m > [22m[2mIRIS1099Wizard - Authentication Step[2m > [22m[2mTCC Input Validation[2m > [22m[2mshould call storeTCC when saveCredentials is checked
[22m[39m[Wizard] Authenticating...

[90mstdout[2m | components/IRIS1099Wizard.test.tsx[2m > [22m[2mIRIS1099Wizard - Authentication Step[2m > [22m[2mTCC Input Validation[2m > [22m[2mshould call storeTCC when saveCredentials is checked
[22m[39m[Wizard] Health check: { status: [32m'healthy'[39m, service: [32m'IRS IRIS API Proxy'[39m, version: [32m'1.0.0'[39m }

[90mstdout[2m | components/IRIS1099Wizard.test.tsx[2m > [22m[2mIRIS1099Wizard - Authentication Step[2m > [22m[2mTCC Input Validation[2m > [22m[2mshould call storeTCC when saveCredentials is checked
[22m[39m[Wizard] Verifying credentials...

[90mstdout[2m | components/IRIS1099Wizard.test.tsx[2m > [22m[2mIRIS1099Wizard - Authentication Step[2m > [22m[2mTCC Input Validation[2m > [22m[2mshould call storeTCC when saveCredentials is checked
[22m[39m[Wizard] 2FA required: [33mfalse[39m
[Wizard] Proceeding to Filer step

[90mstdout[2m | components/IRIS1099Wizard.test.tsx[2m > [22m[2mIRIS1099Wizard - Authentication Step[2m > [22m[2mBearer Token Input[2m > [22m[2mshould call irsApi.setAuth with bearer token
[22m[39m[Wizard] Authenticating...

[90mstdout[2m | components/IRIS1099Wizard.test.tsx[2m > [22m[2mIRIS1099Wizard - Authentication Step[2m > [22m[2mBearer Token Input[2m > [22m[2mshould call irsApi.setAuth with bearer token
[22m[39m[Wizard] Health check: { status: [32m'healthy'[39m, service: [32m'IRS IRIS API Proxy'[39m, version: [32m'1.0.0'[39m }

[90mstdout[2m | components/IRIS1099Wizard.test.tsx[2m > [22m[2mIRIS1099Wizard - Authentication Step[2m > [22m[2mBearer Token Input[2m > [22m[2mshould call irsApi.setAuth with bearer token
[22m[39m[Wizard] Verifying credentials...

[90mstdout[2m | components/IRIS1099Wizard.test.tsx[2m > [22m[2mIRIS1099Wizard - Authentication Step[2m > [22m[2mBearer Token Input[2m > [22m[2mshould call irsApi.setAuth with bearer token
[22m[39m[Wizard] 2FA required: [33mfalse[39m
[Wizard] Proceeding to Filer step

[90mstdout[2m | components/IRIS1099Wizard.test.tsx[2m > [22m[2mIRIS1099Wizard - Authentication Step[2m > [22m[2mBearer Token Input[2m > [22m[2mshould call storeBearerToken when saveCredentials is checked
[22m[39m[Wizard] Authenticating...

[90mstdout[2m | components/IRIS1099Wizard.test.tsx[2m > [22m[2mIRIS1099Wizard - Authentication Step[2m > [22m[2mBearer Token Input[2m > [22m[2mshould call storeBearerToken when saveCredentials is checked
[22m[39m[Wizard] Health check: { status: [32m'healthy'[39m, service: [32m'IRS IRIS API Proxy'[39m, version: [32m'1.0.0'[39m }

[90mstdout[2m | components/IRIS1099Wizard.test.tsx[2m > [22m[2mIRIS1099Wizard - Authentication Step[2m > [22m[2mBearer Token Input[2m > [22m[2mshould call storeBearerToken when saveCredentials is checked
[22m[39m[Wizard] Verifying credentials...

[90mstdout[2m | components/IRIS1099Wizard.test.tsx[2m > [22m[2mIRIS1099Wizard - Authentication Step[2m > [22m[2mBearer Token Input[2m > [22m[2mshould call storeBearerToken when saveCredentials is checked
[22m[39m[Wizard] 2FA required: [33mfalse[39m
[Wizard] Proceeding to Filer step

[90mstdout[2m | components/IRIS1099Wizard.test.tsx[2m > [22m[2mIRIS1099Wizard - Authentication Step[2m > [22m[2mSave Credentials Toggle[2m > [22m[2mshould not store credentials when unchecked
[22m[39m[Wizard] Authenticating...

[90mstdout[2m | components/IRIS1099Wizard.test.tsx[2m > [22m[2mIRIS1099Wizard - Authentication Step[2m > [22m[2mSave Credentials Toggle[2m > [22m[2mshould not store credentials when unchecked
[22m[39m[Wizard] Health check: { status: [32m'healthy'[39m, service: [32m'IRS IRIS API Proxy'[39m, version: [32m'1.0.0'[39m }

[90mstdout[2m | components/IRIS1099Wizard.test.tsx[2m > [22m[2mIRIS1099Wizard - Authentication Step[2m > [22m[2mSave Credentials Toggle[2m > [22m[2mshould not store credentials when unchecked
[22m[39m[Wizard] Verifying credentials...

[90mstdout[2m | components/IRIS1099Wizard.test.tsx[2m > [22m[2mIRIS1099Wizard - Authentication Step[2m > [22m[2mSave Credentials Toggle[2m > [22m[2mshould not store credentials when unchecked
[22m[39m[Wizard] 2FA required: [33mfalse[39m
[Wizard] Proceeding to Filer step

[90mstdout[2m | components/IRIS1099Wizard.test.tsx[2m > [22m[2mIRIS1099Wizard - Authentication Step[2m > [22m[2mWizard Step Navigation[2m > [22m[2mshould progress from Auth to Filer step on authentication
[22m[39m[Wizard] Authenticating...

[90mstdout[2m | components/IRIS1099Wizard.test.tsx[2m > [22m[2mIRIS1099Wizard - Authentication Step[2m > [22m[2mWizard Step Navigation[2m > [22m[2mshould progress from Auth to Filer step on authentication
[22m[39m[Wizard] Health check: { status: [32m'healthy'[39m, service: [32m'IRS IRIS API Proxy'[39m, version: [32m'1.0.0'[39m }

[90mstdout[2m | components/IRIS1099Wizard.test.tsx[2m > [22m[2mIRIS1099Wizard - Authentication Step[2m > [22m[2mWizard Step Navigation[2m > [22m[2mshould progress from Auth to Filer step on authentication
[22m[39m[Wizard] Verifying credentials...

[90mstdout[2m | components/IRIS1099Wizard.test.tsx[2m > [22m[2mIRIS1099Wizard - Authentication Step[2m > [22m[2mWizard Step Navigation[2m > [22m[2mshould progress from Auth to Filer step on authentication
[22m[39m[Wizard] 2FA required: [33mfalse[39m
[Wizard] Proceeding to Filer step

[90mstdout[2m | components/IRIS1099Wizard.test.tsx[2m > [22m[2mIRIS1099Wizard - Authentication Step[2m > [22m[2mWizard Step Navigation[2m > [22m[2mshould show Back button after Auth step
[22m[39m[Wizard] Authenticating...

[90mstdout[2m | components/IRIS1099Wizard.test.tsx[2m > [22m[2mIRIS1099Wizard - Authentication Step[2m > [22m[2mWizard Step Navigation[2m > [22m[2mshould show Back button after Auth step
[22m[39m[Wizard] Health check: { status: [32m'healthy'[39m, service: [32m'IRS IRIS API Proxy'[39m, version: [32m'1.0.0'[39m }

[90mstdout[2m | components/IRIS1099Wizard.test.tsx[2m > [22m[2mIRIS1099Wizard - Authentication Step[2m > [22m[2mWizard Step Navigation[2m > [22m[2mshould show Back button after Auth step
[22m[39m[Wizard] Verifying credentials...

[90mstdout[2m | components/IRIS1099Wizard.test.tsx[2m > [22m[2mIRIS1099Wizard - Authentication Step[2m > [22m[2mWizard Step Navigation[2m > [22m[2mshould show Back button after Auth step
[22m[39m[Wizard] 2FA required: [33mfalse[39m
[Wizard] Proceeding to Filer step

[90mstdout[2m | components/IRIS1099Wizard.test.tsx[2m > [22m[2mIRIS1099Wizard - Authentication Step[2m > [22m[2mWizard Step Navigation[2m > [22m[2mshould disable Continue button on Filer step when EIN is missing
[22m[39m[Wizard] Authenticating...

[90mstdout[2m | components/IRIS1099Wizard.test.tsx[2m > [22m[2mIRIS1099Wizard - Authentication Step[2m > [22m[2mWizard Step Navigation[2m > [22m[2mshould disable Continue button on Filer step when EIN is missing
[22m[39m[Wizard] Health check: { status: [32m'healthy'[39m, service: [32m'IRS IRIS API Proxy'[39m, version: [32m'1.0.0'[39m }

[90mstdout[2m | components/IRIS1099Wizard.test.tsx[2m > [22m[2mIRIS1099Wizard - Authentication Step[2m > [22m[2mWizard Step Navigation[2m > [22m[2mshould disable Continue button on Filer step when EIN is missing
[22m[39m[Wizard] Verifying credentials...

[90mstdout[2m | components/IRIS1099Wizard.test.tsx[2m > [22m[2mIRIS1099Wizard - Authentication Step[2m > [22m[2mWizard Step Navigation[2m > [22m[2mshould disable Continue button on Filer step when EIN is missing
[22m[39m[Wizard] 2FA required: [33mfalse[39m
[Wizard] Proceeding to Filer step

[90mstdout[2m | components/IRIS1099Wizard.test.tsx[2m > [22m[2mIRIS1099Wizard - Authentication Step[2m > [22m[2mWizard Step Navigation[2m > [22m[2mshould disable Continue button on Filer step when Legal Name is missing
[22m[39m[Wizard] Authenticating...

[90mstdout[2m | components/IRIS1099Wizard.test.tsx[2m > [22m[2mIRIS1099Wizard - Authentication Step[2m > [22m[2mWizard Step Navigation[2m > [22m[2mshould disable Continue button on Filer step when Legal Name is missing
[22m[39m[Wizard] Health check: { status: [32m'healthy'[39m, service: [32m'IRS IRIS API Proxy'[39m, version: [32m'1.0.0'[39m }

[90mstdout[2m | components/IRIS1099Wizard.test.tsx[2m > [22m[2mIRIS1099Wizard - Authentication Step[2m > [22m[2mWizard Step Navigation[2m > [22m[2mshould disable Continue button on Filer step when Legal Name is missing
[22m[39m[Wizard] Verifying credentials...

[90mstdout[2m | components/IRIS1099Wizard.test.tsx[2m > [22m[2mIRIS1099Wizard - Authentication Step[2m > [22m[2mWizard Step Navigation[2m > [22m[2mshould disable Continue button on Filer step when Legal Name is missing
[22m[39m[Wizard] 2FA required: [33mfalse[39m
[Wizard] Proceeding to Filer step

[90mstdout[2m | components/IRIS1099Wizard.test.tsx[2m > [22m[2mIRIS1099Wizard - Authentication Step[2m > [22m[2mWizard Step Navigation[2m > [22m[2mshould enable Continue button on Filer step when all required fields are filled
[22m[39m[Wizard] Authenticating...

[90mstdout[2m | components/IRIS1099Wizard.test.tsx[2m > [22m[2mIRIS1099Wizard - Authentication Step[2m > [22m[2mWizard Step Navigation[2m > [22m[2mshould enable Continue button on Filer step when all required fields are filled
[22m[39m[Wizard] Health check: { status: [32m'healthy'[39m, service: [32m'IRS IRIS API Proxy'[39m, version: [32m'1.0.0'[39m }

[90mstdout[2m | components/IRIS1099Wizard.test.tsx[2m > [22m[2mIRIS1099Wizard - Authentication Step[2m > [22m[2mWizard Step Navigation[2m > [22m[2mshould enable Continue button on Filer step when all required fields are filled
[22m[39m[Wizard] Verifying credentials...

[90mstdout[2m | components/IRIS1099Wizard.test.tsx[2m > [22m[2mIRIS1099Wizard - Authentication Step[2m > [22m[2mWizard Step Navigation[2m > [22m[2mshould enable Continue button on Filer step when all required fields are filled
[22m[39m[Wizard] 2FA required: [33mfalse[39m
[Wizard] Proceeding to Filer step

[90mstdout[2m | components/IRIS1099Wizard.test.tsx[2m > [22m[2mIRIS1099Wizard - Authentication Step[2m > [22m[2mWizard Step Navigation[2m > [22m[2mshould progress from Filer to FormType step on Continue
[22m[39m[Wizard] Authenticating...

[90mstdout[2m | components/IRIS1099Wizard.test.tsx[2m > [22m[2mIRIS1099Wizard - Authentication Step[2m > [22m[2mWizard Step Navigation[2m > [22m[2mshould progress from Filer to FormType step on Continue
[22m[39m[Wizard] Health check: { status: [32m'healthy'[39m, service: [32m'IRS IRIS API Proxy'[39m, version: [32m'1.0.0'[39m }

[90mstdout[2m | components/IRIS1099Wizard.test.tsx[2m > [22m[2mIRIS1099Wizard - Authentication Step[2m > [22m[2mWizard Step Navigation[2m > [22m[2mshould progress from Filer to FormType step on Continue
[22m[39m[Wizard] Verifying credentials...

[90mstdout[2m | components/IRIS1099Wizard.test.tsx[2m > [22m[2mIRIS1099Wizard - Authentication Step[2m > [22m[2mWizard Step Navigation[2m > [22m[2mshould progress from Filer to FormType step on Continue
[22m[39m[Wizard] 2FA required: [33mfalse[39m
[Wizard] Proceeding to Filer step

[90mstdout[2m | components/IRIS1099Wizard.test.tsx[2m > [22m[2mIRIS1099Wizard - Authentication Step[2m > [22m[2mWizard Step Navigation[2m > [22m[2mshould disable Continue button on Payees step when no payees added
[22m[39m[Wizard] Authenticating...

[90mstdout[2m | components/IRIS1099Wizard.test.tsx[2m > [22m[2mIRIS1099Wizard - Authentication Step[2m > [22m[2mWizard Step Navigation[2m > [22m[2mshould disable Continue button on Payees step when no payees added
[22m[39m[Wizard] Health check: { status: [32m'healthy'[39m, service: [32m'IRS IRIS API Proxy'[39m, version: [32m'1.0.0'[39m }

[90mstdout[2m | components/IRIS1099Wizard.test.tsx[2m > [22m[2mIRIS1099Wizard - Authentication Step[2m > [22m[2mWizard Step Navigation[2m > [22m[2mshould disable Continue button on Payees step when no payees added
[22m[39m[Wizard] Verifying credentials...

[90mstdout[2m | components/IRIS1099Wizard.test.tsx[2m > [22m[2mIRIS1099Wizard - Authentication Step[2m > [22m[2mWizard Step Navigation[2m > [22m[2mshould disable Continue button on Payees step when no payees added
[22m[39m[Wizard] 2FA required: [33mfalse[39m
[Wizard] Proceeding to Filer step

[90mstdout[2m | components/IRIS1099Wizard.test.tsx[2m > [22m[2mIRIS1099Wizard - Authentication Step[2m > [22m[2mWizard Step Navigation[2m > [22m[2mshould enable Continue button on Payees step when payees are added
[22m[39m[Wizard] Authenticating...

[90mstdout[2m | components/IRIS1099Wizard.test.tsx[2m > [22m[2mIRIS1099Wizard - Authentication Step[2m > [22m[2mWizard Step Navigation[2m > [22m[2mshould enable Continue button on Payees step when payees are added
[22m[39m[Wizard] Health check: { status: [32m'healthy'[39m, service: [32m'IRS IRIS API Proxy'[39m, version: [32m'1.0.0'[39m }

[90mstdout[2m | components/IRIS1099Wizard.test.tsx[2m > [22m[2mIRIS1099Wizard - Authentication Step[2m > [22m[2mWizard Step Navigation[2m > [22m[2mshould enable Continue button on Payees step when payees are added
[22m[39m[Wizard] Verifying credentials...

[90mstdout[2m | components/IRIS1099Wizard.test.tsx[2m > [22m[2mIRIS1099Wizard - Authentication Step[2m > [22m[2mWizard Step Navigation[2m > [22m[2mshould enable Continue button on Payees step when payees are added
[22m[39m[Wizard] 2FA required: [33mfalse[39m
[Wizard] Proceeding to Filer step

[90mstdout[2m | components/IRIS1099Wizard.test.tsx[2m > [22m[2mIRIS1099Wizard - Authentication Step[2m > [22m[2mWizard Step Navigation[2m > [22m[2mshould show Validate & Submit button on Review step
[22m[39m[Wizard] Authenticating...

[90mstdout[2m | components/IRIS1099Wizard.test.tsx[2m > [22m[2mIRIS1099Wizard - Authentication Step[2m > [22m[2mWizard Step Navigation[2m > [22m[2mshould show Validate & Submit button on Review step
[22m[39m[Wizard] Health check: { status: [32m'healthy'[39m, service: [32m'IRS IRIS API Proxy'[39m, version: [32m'1.0.0'[39m }

[90mstdout[2m | components/IRIS1099Wizard.test.tsx[2m > [22m[2mIRIS1099Wizard - Authentication Step[2m > [22m[2mWizard Step Navigation[2m > [22m[2mshould show Validate & Submit button on Review step
[22m[39m[Wizard] Verifying credentials...

[90mstdout[2m | components/IRIS1099Wizard.test.tsx[2m > [22m[2mIRIS1099Wizard - Authentication Step[2m > [22m[2mWizard Step Navigation[2m > [22m[2mshould show Validate & Submit button on Review step
[22m[39m[Wizard] 2FA required: [33mfalse[39m
[Wizard] Proceeding to Filer step

[90mstdout[2m | components/IRIS1099Wizard.test.tsx[2m > [22m[2mIRIS1099Wizard - Authentication Step[2m > [22m[2mWizard Step Navigation[2m > [22m[2mshould navigate back from Filer to Auth step
[22m[39m[Wizard] Authenticating...

[90mstdout[2m | components/IRIS1099Wizard.test.tsx[2m > [22m[2mIRIS1099Wizard - Authentication Step[2m > [22m[2mWizard Step Navigation[2m > [22m[2mshould navigate back from Filer to Auth step
[22m[39m[Wizard] Health check: { status: [32m'healthy'[39m, service: [32m'IRS IRIS API Proxy'[39m, version: [32m'1.0.0'[39m }

[90mstdout[2m | components/IRIS1099Wizard.test.tsx[2m > [22m[2mIRIS1099Wizard - Authentication Step[2m > [22m[2mWizard Step Navigation[2m > [22m[2mshould navigate back from Filer to Auth step
[22m[39m[Wizard] Verifying credentials...

[90mstdout[2m | components/IRIS1099Wizard.test.tsx[2m > [22m[2mIRIS1099Wizard - Authentication Step[2m > [22m[2mWizard Step Navigation[2m > [22m[2mshould navigate back from Filer to Auth step
[22m[39m[Wizard] 2FA required: [33mfalse[39m
[Wizard] Proceeding to Filer step

[90mstdout[2m | components/IRIS1099Wizard.test.tsx[2m > [22m[2mIRIS1099Wizard - Authentication Step[2m > [22m[2mWizard Step Navigation[2m > [22m[2mshould preserve filer state when navigating back to Auth and returning to Filer
[22m[39m[Wizard] Authenticating...

[90mstdout[2m | components/IRIS1099Wizard.test.tsx[2m > [22m[2mIRIS1099Wizard - Authentication Step[2m > [22m[2mWizard Step Navigation[2m > [22m[2mshould preserve filer state when navigating back to Auth and returning to Filer
[22m[39m[Wizard] Health check: { status: [32m'healthy'[39m, service: [32m'IRS IRIS API Proxy'[39m, version: [32m'1.0.0'[39m }

[90mstdout[2m | components/IRIS1099Wizard.test.tsx[2m > [22m[2mIRIS1099Wizard - Authentication Step[2m > [22m[2mWizard Step Navigation[2m > [22m[2mshould preserve filer state when navigating back to Auth and returning to Filer
[22m[39m[Wizard] Verifying credentials...

[90mstdout[2m | components/IRIS1099Wizard.test.tsx[2m > [22m[2mIRIS1099Wizard - Authentication Step[2m > [22m[2mWizard Step Navigation[2m > [22m[2mshould preserve filer state when navigating back to Auth and returning to Filer
[22m[39m[Wizard] 2FA required: [33mfalse[39m
[Wizard] Proceeding to Filer step

[90mstdout[2m | components/IRIS1099Wizard.test.tsx[2m > [22m[2mIRIS1099Wizard - Authentication Step[2m > [22m[2mWizard Step Navigation[2m > [22m[2mshould preserve filer state when navigating back to Auth and returning to Filer
[22m[39m[Wizard] Authenticating...

[90mstdout[2m | components/IRIS1099Wizard.test.tsx[2m > [22m[2mIRIS1099Wizard - Authentication Step[2m > [22m[2mWizard Step Navigation[2m > [22m[2mshould preserve filer state when navigating back to Auth and returning to Filer
[22m[39m[Wizard] Health check: { status: [32m'healthy'[39m, service: [32m'IRS IRIS API Proxy'[39m, version: [32m'1.0.0'[39m }

[90mstdout[2m | components/IRIS1099Wizard.test.tsx[2m > [22m[2mIRIS1099Wizard - Authentication Step[2m > [22m[2mWizard Step Navigation[2m > [22m[2mshould preserve filer state when navigating back to Auth and returning to Filer
[22m[39m[Wizard] Verifying credentials...

[90mstdout[2m | components/IRIS1099Wizard.test.tsx[2m > [22m[2mIRIS1099Wizard - Authentication Step[2m > [22m[2mWizard Step Navigation[2m > [22m[2mshould preserve filer state when navigating back to Auth and returning to Filer
[22m[39m[Wizard] 2FA required: [33mfalse[39m
[Wizard] Proceeding to Filer step

[90mstdout[2m | components/IRIS1099Wizard.test.tsx[2m > [22m[2mIRIS1099Wizard - Authentication Step[2m > [22m[2mFiler Form Validation[2m > [22m[2mshould format EIN as user types (XX-XXXXXXX)
[22m[39m[Wizard] Authenticating...

[90mstdout[2m | components/IRIS1099Wizard.test.tsx[2m > [22m[2mIRIS1099Wizard - Authentication Step[2m > [22m[2mFiler Form Validation[2m > [22m[2mshould format EIN as user types (XX-XXXXXXX)
[22m[39m[Wizard] Health check: { status: [32m'healthy'[39m, service: [32m'IRS IRIS API Proxy'[39m, version: [32m'1.0.0'[39m }

[90mstdout[2m | components/IRIS1099Wizard.test.tsx[2m > [22m[2mIRIS1099Wizard - Authentication Step[2m > [22m[2mFiler Form Validation[2m > [22m[2mshould format EIN as user types (XX-XXXXXXX)
[22m[39m[Wizard] Verifying credentials...

[90mstdout[2m | components/IRIS1099Wizard.test.tsx[2m > [22m[2mIRIS1099Wizard - Authentication Step[2m > [22m[2mFiler Form Validation[2m > [22m[2mshould format EIN as user types (XX-XXXXXXX)
[22m[39m[Wizard] 2FA required: [33mfalse[39m
[Wizard] Proceeding to Filer step

[90mstdout[2m | components/IRIS1099Wizard.test.tsx[2m > [22m[2mIRIS1099Wizard - Authentication Step[2m > [22m[2mFiler Form Validation[2m > [22m[2mshould reject EIN with fewer than 9 digits
[22m[39m[Wizard] Authenticating...

[90mstdout[2m | components/IRIS1099Wizard.test.tsx[2m > [22m[2mIRIS1099Wizard - Authentication Step[2m > [22m[2mFiler Form Validation[2m > [22m[2mshould reject EIN with fewer than 9 digits
[22m[39m[Wizard] Health check: { status: [32m'healthy'[39m, service: [32m'IRS IRIS API Proxy'[39m, version: [32m'1.0.0'[39m }

[90mstdout[2m | components/IRIS1099Wizard.test.tsx[2m > [22m[2mIRIS1099Wizard - Authentication Step[2m > [22m[2mFiler Form Validation[2m > [22m[2mshould reject EIN with fewer than 9 digits
[22m[39m[Wizard] Verifying credentials...

[90mstdout[2m | components/IRIS1099Wizard.test.tsx[2m > [22m[2mIRIS1099Wizard - Authentication Step[2m > [22m[2mFiler Form Validation[2m > [22m[2mshould reject EIN with fewer than 9 digits
[22m[39m[Wizard] 2FA required: [33mfalse[39m
[Wizard] Proceeding to Filer step

[90mstdout[2m | components/IRIS1099Wizard.test.tsx[2m > [22m[2mIRIS1099Wizard - Authentication Step[2m > [22m[2mFiler Form Validation[2m > [22m[2mshould require state abbreviation (2 characters)
[22m[39m[Wizard] Authenticating...

[90mstdout[2m | components/IRIS1099Wizard.test.tsx[2m > [22m[2mIRIS1099Wizard - Authentication Step[2m > [22m[2mFiler Form Validation[2m > [22m[2mshould require state abbreviation (2 characters)
[22m[39m[Wizard] Health check: { status: [32m'healthy'[39m, service: [32m'IRS IRIS API Proxy'[39m, version: [32m'1.0.0'[39m }

[90mstdout[2m | components/IRIS1099Wizard.test.tsx[2m > [22m[2mIRIS1099Wizard - Authentication Step[2m > [22m[2mFiler Form Validation[2m > [22m[2mshould require state abbreviation (2 characters)
[22m[39m[Wizard] Verifying credentials...

[90mstdout[2m | components/IRIS1099Wizard.test.tsx[2m > [22m[2mIRIS1099Wizard - Authentication Step[2m > [22m[2mFiler Form Validation[2m > [22m[2mshould require state abbreviation (2 characters)
[22m[39m[Wizard] 2FA required: [33mfalse[39m
[Wizard] Proceeding to Filer step

[90mstdout[2m | components/IRIS1099Wizard.test.tsx[2m > [22m[2mIRIS1099Wizard - Authentication Step[2m > [22m[2mFiler Form Validation[2m > [22m[2mshould uppercase state abbreviation automatically
[22m[39m[Wizard] Authenticating...

[90mstdout[2m | components/IRIS1099Wizard.test.tsx[2m > [22m[2mIRIS1099Wizard - Authentication Step[2m > [22m[2mFiler Form Validation[2m > [22m[2mshould uppercase state abbreviation automatically
[22m[39m[Wizard] Health check: { status: [32m'healthy'[39m, service: [32m'IRS IRIS API Proxy'[39m, version: [32m'1.0.0'[39m }

[90mstdout[2m | components/IRIS1099Wizard.test.tsx[2m > [22m[2mIRIS1099Wizard - Authentication Step[2m > [22m[2mFiler Form Validation[2m > [22m[2mshould uppercase state abbreviation automatically
[22m[39m[Wizard] Verifying credentials...

[90mstdout[2m | components/IRIS1099Wizard.test.tsx[2m > [22m[2mIRIS1099Wizard - Authentication Step[2m > [22m[2mFiler Form Validation[2m > [22m[2mshould uppercase state abbreviation automatically
[22m[39m[Wizard] 2FA required: [33mfalse[39m
[Wizard] Proceeding to Filer step

[90mstdout[2m | components/IRIS1099Wizard.test.tsx[2m > [22m[2mIRIS1099Wizard - Authentication Step[2m > [22m[2mFiler Form Validation[2m > [22m[2mshould validate ZIP code format
[22m[39m[Wizard] Authenticating...

[90mstdout[2m | components/IRIS1099Wizard.test.tsx[2m > [22m[2mIRIS1099Wizard - Authentication Step[2m > [22m[2mFiler Form Validation[2m > [22m[2mshould validate ZIP code format
[22m[39m[Wizard] Health check: { status: [32m'healthy'[39m, service: [32m'IRS IRIS API Proxy'[39m, version: [32m'1.0.0'[39m }

[90mstdout[2m | components/IRIS1099Wizard.test.tsx[2m > [22m[2mIRIS1099Wizard - Authentication Step[2m > [22m[2mFiler Form Validation[2m > [22m[2mshould validate ZIP code format
[22m[39m[Wizard] Verifying credentials...

[90mstdout[2m | components/IRIS1099Wizard.test.tsx[2m > [22m[2mIRIS1099Wizard - Authentication Step[2m > [22m[2mFiler Form Validation[2m > [22m[2mshould validate ZIP code format
[22m[39m[Wizard] 2FA required: [33mfalse[39m
[Wizard] Proceeding to Filer step

[90mstdout[2m | components/IRIS1099Wizard.test.tsx[2m > [22m[2mIRIS1099Wizard - Authentication Step[2m > [22m[2mFiler Form Validation[2m > [22m[2mshould accept ZIP+4 format
[22m[39m[Wizard] Authenticating...

[90mstdout[2m | components/IRIS1099Wizard.test.tsx[2m > [22m[2mIRIS1099Wizard - Authentication Step[2m > [22m[2mFiler Form Validation[2m > [22m[2mshould accept ZIP+4 format
[22m[39m[Wizard] Health check: { status: [32m'healthy'[39m, service: [32m'IRS IRIS API Proxy'[39m, version: [32m'1.0.0'[39m }

[90mstdout[2m | components/IRIS1099Wizard.test.tsx[2m > [22m[2mIRIS1099Wizard - Authentication Step[2m > [22m[2mFiler Form Validation[2m > [22m[2mshould accept ZIP+4 format
[22m[39m[Wizard] Verifying credentials...

[90mstdout[2m | components/IRIS1099Wizard.test.tsx[2m > [22m[2mIRIS1099Wizard - Authentication Step[2m > [22m[2mFiler Form Validation[2m > [22m[2mshould accept ZIP+4 format
[22m[39m[Wizard] 2FA required: [33mfalse[39m
[Wizard] Proceeding to Filer step

[90mstdout[2m | components/IRIS1099Wizard.test.tsx[2m > [22m[2mIRIS1099Wizard - Authentication Step[2m > [22m[2mFiler Form Validation[2m > [22m[2mshould uppercase country code automatically
[22m[39m[Wizard] Authenticating...

[90mstdout[2m | components/IRIS1099Wizard.test.tsx[2m > [22m[2mIRIS1099Wizard - Authentication Step[2m > [22m[2mFiler Form Validation[2m > [22m[2mshould uppercase country code automatically
[22m[39m[Wizard] Health check: { status: [32m'healthy'[39m, service: [32m'IRS IRIS API Proxy'[39m, version: [32m'1.0.0'[39m }

[90mstdout[2m | components/IRIS1099Wizard.test.tsx[2m > [22m[2mIRIS1099Wizard - Authentication Step[2m > [22m[2mFiler Form Validation[2m > [22m[2mshould uppercase country code automatically
[22m[39m[Wizard] Verifying credentials...

[90mstdout[2m | components/IRIS1099Wizard.test.tsx[2m > [22m[2mIRIS1099Wizard - Authentication Step[2m > [22m[2mFiler Form Validation[2m > [22m[2mshould uppercase country code automatically
[22m[39m[Wizard] 2FA required: [33mfalse[39m
[Wizard] Proceeding to Filer step

[90mstdout[2m | components/IRIS1099Wizard.test.tsx[2m > [22m[2mIRIS1099Wizard - Authentication Step[2m > [22m[2mPayee Management[2m > [22m[2mshould add payee to list when Add Payee to Batch is clicked
[22m[39m[Wizard] Authenticating...

[90mstdout[2m | components/IRIS1099Wizard.test.tsx[2m > [22m[2mIRIS1099Wizard - Authentication Step[2m > [22m[2mPayee Management[2m > [22m[2mshould add payee to list when Add Payee to Batch is clicked
[22m[39m[Wizard] Health check: { status: [32m'healthy'[39m, service: [32m'IRS IRIS API Proxy'[39m, version: [32m'1.0.0'[39m }

[90mstdout[2m | components/IRIS1099Wizard.test.tsx[2m > [22m[2mIRIS1099Wizard - Authentication Step[2m > [22m[2mPayee Management[2m > [22m[2mshould add payee to list when Add Payee to Batch is clicked
[22m[39m[Wizard] Verifying credentials...

[90mstdout[2m | components/IRIS1099Wizard.test.tsx[2m > [22m[2mIRIS1099Wizard - Authentication Step[2m > [22m[2mPayee Management[2m > [22m[2mshould add payee to list when Add Payee to Batch is clicked
[22m[39m[Wizard] 2FA required: [33mfalse[39m
[Wizard] Proceeding to Filer step

[90mstdout[2m | components/IRIS1099Wizard.test.tsx[2m > [22m[2mIRIS1099Wizard - Authentication Step[2m > [22m[2mPayee Management[2m > [22m[2mshould allow adding multiple payees
[22m[39m[Wizard] Authenticating...

[90mstdout[2m | components/IRIS1099Wizard.test.tsx[2m > [22m[2mIRIS1099Wizard - Authentication Step[2m > [22m[2mPayee Management[2m > [22m[2mshould allow adding multiple payees
[22m[39m[Wizard] Health check: { status: [32m'healthy'[39m, service: [32m'IRS IRIS API Proxy'[39m, version: [32m'1.0.0'[39m }

[90mstdout[2m | components/IRIS1099Wizard.test.tsx[2m > [22m[2mIRIS1099Wizard - Authentication Step[2m > [22m[2mPayee Management[2m > [22m[2mshould allow adding multiple payees
[22m[39m[Wizard] Verifying credentials...

[90mstdout[2m | components/IRIS1099Wizard.test.tsx[2m > [22m[2mIRIS1099Wizard - Authentication Step[2m > [22m[2mPayee Management[2m > [22m[2mshould allow adding multiple payees
[22m[39m[Wizard] 2FA required: [33mfalse[39m
[Wizard] Proceeding to Filer step

[90mstdout[2m | components/IRIS1099Wizard.test.tsx[2m > [22m[2mIRIS1099Wizard - Authentication Step[2m > [22m[2mPayee Management[2m > [22m[2mshould require TIN to add payee
[22m[39m[Wizard] Authenticating...

[90mstdout[2m | components/IRIS1099Wizard.test.tsx[2m > [22m[2mIRIS1099Wizard - Authentication Step[2m > [22m[2mPayee Management[2m > [22m[2mshould require TIN to add payee
[22m[39m[Wizard] Health check: { status: [32m'healthy'[39m, service: [32m'IRS IRIS API Proxy'[39m, version: [32m'1.0.0'[39m }

[90mstdout[2m | components/IRIS1099Wizard.test.tsx[2m > [22m[2mIRIS1099Wizard - Authentication Step[2m > [22m[2mPayee Management[2m > [22m[2mshould require TIN to add payee
[22m[39m[Wizard] Verifying credentials...

[90mstdout[2m | components/IRIS1099Wizard.test.tsx[2m > [22m[2mIRIS1099Wizard - Authentication Step[2m > [22m[2mPayee Management[2m > [22m[2mshould require TIN to add payee
[22m[39m[Wizard] 2FA required: [33mfalse[39m
[Wizard] Proceeding to Filer step

[90mstdout[2m | components/IRIS1099Wizard.test.tsx[2m > [22m[2mIRIS1099Wizard - Authentication Step[2m > [22m[2mPayee Management[2m > [22m[2mshould require name to add payee
[22m[39m[Wizard] Authenticating...

[90mstdout[2m | components/IRIS1099Wizard.test.tsx[2m > [22m[2mIRIS1099Wizard - Authentication Step[2m > [22m[2mPayee Management[2m > [22m[2mshould require name to add payee
[22m[39m[Wizard] Health check: { status: [32m'healthy'[39m, service: [32m'IRS IRIS API Proxy'[39m, version: [32m'1.0.0'[39m }

[90mstdout[2m | components/IRIS1099Wizard.test.tsx[2m > [22m[2mIRIS1099Wizard - Authentication Step[2m > [22m[2mPayee Management[2m > [22m[2mshould require name to add payee
[22m[39m[Wizard] Verifying credentials...

[90mstdout[2m | components/IRIS1099Wizard.test.tsx[2m > [22m[2mIRIS1099Wizard - Authentication Step[2m > [22m[2mPayee Management[2m > [22m[2mshould require name to add payee
[22m[39m[Wizard] 2FA required: [33mfalse[39m
[Wizard] Proceeding to Filer step

[90mstdout[2m | components/IRIS1099Wizard.test.tsx[2m > [22m[2mIRIS1099Wizard - Authentication Step[2m > [22m[2mPayee Management[2m > [22m[2mshould clear form after adding payee
[22m[39m[Wizard] Authenticating...

[90mstdout[2m | components/IRIS1099Wizard.test.tsx[2m > [22m[2mIRIS1099Wizard - Authentication Step[2m > [22m[2mPayee Management[2m > [22m[2mshould clear form after adding payee
[22m[39m[Wizard] Health check: { status: [32m'healthy'[39m, service: [32m'IRS IRIS API Proxy'[39m, version: [32m'1.0.0'[39m }

[90mstdout[2m | components/IRIS1099Wizard.test.tsx[2m > [22m[2mIRIS1099Wizard - Authentication Step[2m > [22m[2mPayee Management[2m > [22m[2mshould clear form after adding payee
[22m[39m[Wizard] Verifying credentials...

[90mstdout[2m | components/IRIS1099Wizard.test.tsx[2m > [22m[2mIRIS1099Wizard - Authentication Step[2m > [22m[2mPayee Management[2m > [22m[2mshould clear form after adding payee
[22m[39m[Wizard] 2FA required: [33mfalse[39m
[Wizard] Proceeding to Filer step

[90mstdout[2m | components/IRIS1099Wizard.test.tsx[2m > [22m[2mIRIS1099Wizard - Authentication Step[2m > [22m[2mPayee Management[2m > [22m[2mshould show payee count in header
[22m[39m[Wizard] Authenticating...

[90mstdout[2m | components/IRIS1099Wizard.test.tsx[2m > [22m[2mIRIS1099Wizard - Authentication Step[2m > [22m[2mPayee Management[2m > [22m[2mshould show payee count in header
[22m[39m[Wizard] Health check: { status: [32m'healthy'[39m, service: [32m'IRS IRIS API Proxy'[39m, version: [32m'1.0.0'[39m }

[90mstdout[2m | components/IRIS1099Wizard.test.tsx[2m > [22m[2mIRIS1099Wizard - Authentication Step[2m > [22m[2mPayee Management[2m > [22m[2mshould show payee count in header
[22m[39m[Wizard] Verifying credentials...

[90mstdout[2m | components/IRIS1099Wizard.test.tsx[2m > [22m[2mIRIS1099Wizard - Authentication Step[2m > [22m[2mPayee Management[2m > [22m[2mshould show payee count in header
[22m[39m[Wizard] 2FA required: [33mfalse[39m
[Wizard] Proceeding to Filer step

[90mstdout[2m | components/IRIS1099Wizard.test.tsx[2m > [22m[2mIRIS1099Wizard - Authentication Step[2m > [22m[2mPayee Management[2m > [22m[2mshould show remove button for each payee
[22m[39m[Wizard] Authenticating...

[90mstdout[2m | components/IRIS1099Wizard.test.tsx[2m > [22m[2mIRIS1099Wizard - Authentication Step[2m > [22m[2mPayee Management[2m > [22m[2mshould show remove button for each payee
[22m[39m[Wizard] Health check: { status: [32m'healthy'[39m, service: [32m'IRS IRIS API Proxy'[39m, version: [32m'1.0.0'[39m }

[90mstdout[2m | components/IRIS1099Wizard.test.tsx[2m > [22m[2mIRIS1099Wizard - Authentication Step[2m > [22m[2mPayee Management[2m > [22m[2mshould show remove button for each payee
[22m[39m[Wizard] Verifying credentials...

[90mstdout[2m | components/IRIS1099Wizard.test.tsx[2m > [22m[2mIRIS1099Wizard - Authentication Step[2m > [22m[2mPayee Management[2m > [22m[2mshould show remove button for each payee
[22m[39m[Wizard] 2FA required: [33mfalse[39m
[Wizard] Proceeding to Filer step

[90mstdout[2m | components/IRIS1099Wizard.test.tsx[2m > [22m[2mIRIS1099Wizard - Authentication Step[2m > [22m[2mPayee Management[2m > [22m[2mshould remove payee when delete button is clicked
[22m[39m[Wizard] Authenticating...

[90mstdout[2m | components/IRIS1099Wizard.test.tsx[2m > [22m[2mIRIS1099Wizard - Authentication Step[2m > [22m[2mPayee Management[2m > [22m[2mshould remove payee when delete button is clicked
[22m[39m[Wizard] Health check: { status: [32m'healthy'[39m, service: [32m'IRS IRIS API Proxy'[39m, version: [32m'1.0.0'[39m }

[90mstdout[2m | components/IRIS1099Wizard.test.tsx[2m > [22m[2mIRIS1099Wizard - Authentication Step[2m > [22m[2mPayee Management[2m > [22m[2mshould remove payee when delete button is clicked
[22m[39m[Wizard] Verifying credentials...

[90mstdout[2m | components/IRIS1099Wizard.test.tsx[2m > [22m[2mIRIS1099Wizard - Authentication Step[2m > [22m[2mPayee Management[2m > [22m[2mshould remove payee when delete button is clicked
[22m[39m[Wizard] 2FA required: [33mfalse[39m
[Wizard] Proceeding to Filer step

[90mstdout[2m | components/IRIS1099Wizard.test.tsx[2m > [22m[2mIRIS1099Wizard - Authentication Step[2m > [22m[2mPayee Management[2m > [22m[2mshould update payee count after removal
[22m[39m[Wizard] Authenticating...

[90mstdout[2m | components/IRIS1099Wizard.test.tsx[2m > [22m[2mIRIS1099Wizard - Authentication Step[2m > [22m[2mPayee Management[2m > [22m[2mshould update payee count after removal
[22m[39m[Wizard] Health check: { status: [32m'healthy'[39m, service: [32m'IRS IRIS API Proxy'[39m, version: [32m'1.0.0'[39m }

[90mstdout[2m | components/IRIS1099Wizard.test.tsx[2m > [22m[2mIRIS1099Wizard - Authentication Step[2m > [22m[2mPayee Management[2m > [22m[2mshould update payee count after removal
[22m[39m[Wizard] Verifying credentials...

[90mstdout[2m | components/IRIS1099Wizard.test.tsx[2m > [22m[2mIRIS1099Wizard - Authentication Step[2m > [22m[2mPayee Management[2m > [22m[2mshould update payee count after removal
[22m[39m[Wizard] 2FA required: [33mfalse[39m
[Wizard] Proceeding to Filer step

[90mstdout[2m | components/IRIS1099Wizard.test.tsx[2m > [22m[2mIRIS1099Wizard - Authentication Step[2m > [22m[2mPayee Management[2m > [22m[2mshould disable Continue button after removing all payees
[22m[39m[Wizard] Authenticating...

[90mstdout[2m | components/IRIS1099Wizard.test.tsx[2m > [22m[2mIRIS1099Wizard - Authentication Step[2m > [22m[2mPayee Management[2m > [22m[2mshould disable Continue button after removing all payees
[22m[39m[Wizard] Health check: { status: [32m'healthy'[39m, service: [32m'IRS IRIS API Proxy'[39m, version: [32m'1.0.0'[39m }

[90mstdout[2m | components/IRIS1099Wizard.test.tsx[2m > [22m[2mIRIS1099Wizard - Authentication Step[2m > [22m[2mPayee Management[2m > [22m[2mshould disable Continue button after removing all payees
[22m[39m[Wizard] Verifying credentials...

[90mstdout[2m | components/IRIS1099Wizard.test.tsx[2m > [22m[2mIRIS1099Wizard - Authentication Step[2m > [22m[2mPayee Management[2m > [22m[2mshould disable Continue button after removing all payees
[22m[39m[Wizard] 2FA required: [33mfalse[39m
[Wizard] Proceeding to Filer step

[90mstdout[2m | components/IRIS1099Wizard.test.tsx[2m > [22m[2mIRIS1099Wizard - Authentication Step[2m > [22m[2mPayee TIN Validation[2m > [22m[2mshould accept valid EIN format (XX-XXXXXXX)
[22m[39m[Wizard] Authenticating...

[90mstdout[2m | components/IRIS1099Wizard.test.tsx[2m > [22m[2mIRIS1099Wizard - Authentication Step[2m > [22m[2mPayee TIN Validation[2m > [22m[2mshould accept valid EIN format (XX-XXXXXXX)
[22m[39m[Wizard] Health check: { status: [32m'healthy'[39m, service: [32m'IRS IRIS API Proxy'[39m, version: [32m'1.0.0'[39m }

[90mstdout[2m | components/IRIS1099Wizard.test.tsx[2m > [22m[2mIRIS1099Wizard - Authentication Step[2m > [22m[2mPayee TIN Validation[2m > [22m[2mshould accept valid EIN format (XX-XXXXXXX)
[22m[39m[Wizard] Verifying credentials...

[90mstdout[2m | components/IRIS1099Wizard.test.tsx[2m > [22m[2mIRIS1099Wizard - Authentication Step[2m > [22m[2mPayee TIN Validation[2m > [22m[2mshould accept valid EIN format (XX-XXXXXXX)
[22m[39m[Wizard] 2FA required: [33mfalse[39m
[Wizard] Proceeding to Filer step

[90mstdout[2m | components/IRIS1099Wizard.test.tsx[2m > [22m[2mIRIS1099Wizard - Authentication Step[2m > [22m[2mPayee TIN Validation[2m > [22m[2mshould accept valid SSN format (XXX-XX-XXXX)
[22m[39m[Wizard] Authenticating...

[90mstdout[2m | components/IRIS1099Wizard.test.tsx[2m > [22m[2mIRIS1099Wizard - Authentication Step[2m > [22m[2mPayee TIN Validation[2m > [22m[2mshould accept valid SSN format (XXX-XX-XXXX)
[22m[39m[Wizard] Health check: { status: [32m'healthy'[39m, service: [32m'IRS IRIS API Proxy'[39m, version: [32m'1.0.0'[39m }

[90mstdout[2m | components/IRIS1099Wizard.test.tsx[2m > [22m[2mIRIS1099Wizard - Authentication Step[2m > [22m[2mPayee TIN Validation[2m > [22m[2mshould accept valid SSN format (XXX-XX-XXXX)
[22m[39m[Wizard] Verifying credentials...

[90mstdout[2m | components/IRIS1099Wizard.test.tsx[2m > [22m[2mIRIS1099Wizard - Authentication Step[2m > [22m[2mPayee TIN Validation[2m > [22m[2mshould accept valid SSN format (XXX-XX-XXXX)
[22m[39m[Wizard] 2FA required: [33mfalse[39m
[Wizard] Proceeding to Filer step

[90mstdout[2m | components/IRIS1099Wizard.test.tsx[2m > [22m[2mIRIS1099Wizard - Authentication Step[2m > [22m[2mPayee TIN Validation[2m > [22m[2mshould show error for invalid TIN format
[22m[39m[Wizard] Authenticating...

[90mstdout[2m | components/IRIS1099Wizard.test.tsx[2m > [22m[2mIRIS1099Wizard - Authentication Step[2m > [22m[2mPayee TIN Validation[2m > [22m[2mshould show error for invalid TIN format
[22m[39m[Wizard] Health check: { status: [32m'healthy'[39m, service: [32m'IRS IRIS API Proxy'[39m, version: [32m'1.0.0'[39m }

[90mstdout[2m | components/IRIS1099Wizard.test.tsx[2m > [22m[2mIRIS1099Wizard - Authentication Step[2m > [22m[2mPayee TIN Validation[2m > [22m[2mshould show error for invalid TIN format
[22m[39m[Wizard] Verifying credentials...

[90mstdout[2m | components/IRIS1099Wizard.test.tsx[2m > [22m[2mIRIS1099Wizard - Authentication Step[2m > [22m[2mPayee TIN Validation[2m > [22m[2mshould show error for invalid TIN format
[22m[39m[Wizard] 2FA required: [33mfalse[39m
[Wizard] Proceeding to Filer step

[90mstdout[2m | components/IRIS1099Wizard.test.tsx[2m > [22m[2mIRIS1099Wizard - Authentication Step[2m > [22m[2mPayee TIN Validation[2m > [22m[2mshould disable Add button for invalid TIN format
[22m[39m[Wizard] Authenticating...

[90mstdout[2m | components/IRIS1099Wizard.test.tsx[2m > [22m[2mIRIS1099Wizard - Authentication Step[2m > [22m[2mPayee TIN Validation[2m > [22m[2mshould disable Add button for invalid TIN format
[22m[39m[Wizard] Health check: { status: [32m'healthy'[39m, service: [32m'IRS IRIS API Proxy'[39m, version: [32m'1.0.0'[39m }

[90mstdout[2m | components/IRIS1099Wizard.test.tsx[2m > [22m[2mIRIS1099Wizard - Authentication Step[2m > [22m[2mPayee TIN Validation[2m > [22m[2mshould disable Add button for invalid TIN format
[22m[39m[Wizard] Verifying credentials...

[90mstdout[2m | components/IRIS1099Wizard.test.tsx[2m > [22m[2mIRIS1099Wizard - Authentication Step[2m > [22m[2mPayee TIN Validation[2m > [22m[2mshould disable Add button for invalid TIN format
[22m[39m[Wizard] 2FA required: [33mfalse[39m
[Wizard] Proceeding to Filer step

[90mstdout[2m | components/IRIS1099Wizard.test.tsx[2m > [22m[2mIRIS1099Wizard - Authentication Step[2m > [22m[2mPayee TIN Validation[2m > [22m[2mshould warn about duplicate TIN
[22m[39m[Wizard] Authenticating...

[90mstdout[2m | components/IRIS1099Wizard.test.tsx[2m > [22m[2mIRIS1099Wizard - Authentication Step[2m > [22m[2mPayee TIN Validation[2m > [22m[2mshould warn about duplicate TIN
[22m[39m[Wizard] Health check: { status: [32m'healthy'[39m, service: [32m'IRS IRIS API Proxy'[39m, version: [32m'1.0.0'[39m }

[90mstdout[2m | components/IRIS1099Wizard.test.tsx[2m > [22m[2mIRIS1099Wizard - Authentication Step[2m > [22m[2mPayee TIN Validation[2m > [22m[2mshould warn about duplicate TIN
[22m[39m[Wizard] Verifying credentials...

[90mstdout[2m | components/IRIS1099Wizard.test.tsx[2m > [22m[2mIRIS1099Wizard - Authentication Step[2m > [22m[2mPayee TIN Validation[2m > [22m[2mshould warn about duplicate TIN
[22m[39m[Wizard] 2FA required: [33mfalse[39m
[Wizard] Proceeding to Filer step

[90mstdout[2m | components/IRIS1099Wizard.test.tsx[2m > [22m[2mIRIS1099Wizard - Authentication Step[2m > [22m[2mSubmission Flow[2m > [22m[2mshould call transmissionCheck for pre-validation on submit
[22m[39m[Wizard] Authenticating...

[90mstdout[2m | components/IRIS1099Wizard.test.tsx[2m > [22m[2mIRIS1099Wizard - Authentication Step[2m > [22m[2mSubmission Flow[2m > [22m[2mshould call transmissionCheck for pre-validation on submit
[22m[39m[Wizard] Health check: { status: [32m'healthy'[39m, service: [32m'IRS IRIS API Proxy'[39m, version: [32m'1.0.0'[39m }

[90mstdout[2m | components/IRIS1099Wizard.test.tsx[2m > [22m[2mIRIS1099Wizard - Authentication Step[2m > [22m[2mSubmission Flow[2m > [22m[2mshould call transmissionCheck for pre-validation on submit
[22m[39m[Wizard] Verifying credentials...

[90mstdout[2m | components/IRIS1099Wizard.test.tsx[2m > [22m[2mIRIS1099Wizard - Authentication Step[2m > [22m[2mSubmission Flow[2m > [22m[2mshould call transmissionCheck for pre-validation on submit
[22m[39m[Wizard] 2FA required: [33mfalse[39m
[Wizard] Proceeding to Filer step

[90mstdout[2m | components/IRIS1099Wizard.test.tsx[2m > [22m[2mIRIS1099Wizard - Authentication Step[2m > [22m[2mSubmission Flow[2m > [22m[2mshould show validating status when pre-validation starts
[22m[39m[Wizard] Authenticating...

[90mstdout[2m | components/IRIS1099Wizard.test.tsx[2m > [22m[2mIRIS1099Wizard - Authentication Step[2m > [22m[2mSubmission Flow[2m > [22m[2mshould show validating status when pre-validation starts
[22m[39m[Wizard] Health check: { status: [32m'healthy'[39m, service: [32m'IRS IRIS API Proxy'[39m, version: [32m'1.0.0'[39m }

[90mstdout[2m | components/IRIS1099Wizard.test.tsx[2m > [22m[2mIRIS1099Wizard - Authentication Step[2m > [22m[2mSubmission Flow[2m > [22m[2mshould show validating status when pre-validation starts
[22m[39m[Wizard] Verifying credentials...

[90mstdout[2m | components/IRIS1099Wizard.test.tsx[2m > [22m[2mIRIS1099Wizard - Authentication Step[2m > [22m[2mSubmission Flow[2m > [22m[2mshould show validating status when pre-validation starts
[22m[39m[Wizard] 2FA required: [33mfalse[39m
[Wizard] Proceeding to Filer step

[90mstdout[2m | components/IRIS1099Wizard.test.tsx[2m > [22m[2mIRIS1099Wizard - Authentication Step[2m > [22m[2mSubmission Flow[2m > [22m[2mshould display validation errors when pre-validation fails
[22m[39m[Wizard] Authenticating...

[90mstdout[2m | components/IRIS1099Wizard.test.tsx[2m > [22m[2mIRIS1099Wizard - Authentication Step[2m > [22m[2mSubmission Flow[2m > [22m[2mshould display validation errors when pre-validation fails
[22m[39m[Wizard] Health check: { status: [32m'healthy'[39m, service: [32m'IRS IRIS API Proxy'[39m, version: [32m'1.0.0'[39m }

[90mstdout[2m | components/IRIS1099Wizard.test.tsx[2m > [22m[2mIRIS1099Wizard - Authentication Step[2m > [22m[2mSubmission Flow[2m > [22m[2mshould display validation errors when pre-validation fails
[22m[39m[Wizard] Verifying credentials...

[90mstdout[2m | components/IRIS1099Wizard.test.tsx[2m > [22m[2mIRIS1099Wizard - Authentication Step[2m > [22m[2mSubmission Flow[2m > [22m[2mshould display validation errors when pre-validation fails
[22m[39m[Wizard] 2FA required: [33mfalse[39m
[Wizard] Proceeding to Filer step

[90mstdout[2m | components/IRIS1099Wizard.test.tsx[2m > [22m[2mIRIS1099Wizard - Authentication Step[2m > [22m[2mSubmission Flow[2m > [22m[2mshould not call submitBatch when validation fails
[22m[39m[Wizard] Authenticating...

[90mstdout[2m | components/IRIS1099Wizard.test.tsx[2m > [22m[2mIRIS1099Wizard - Authentication Step[2m > [22m[2mSubmission Flow[2m > [22m[2mshould not call submitBatch when validation fails
[22m[39m[Wizard] Health check: { status: [32m'healthy'[39m, service: [32m'IRS IRIS API Proxy'[39m, version: [32m'1.0.0'[39m }

[90mstdout[2m | components/IRIS1099Wizard.test.tsx[2m > [22m[2mIRIS1099Wizard - Authentication Step[2m > [22m[2mSubmission Flow[2m > [22m[2mshould not call submitBatch when validation fails
[22m[39m[Wizard] Verifying credentials...

[90mstdout[2m | components/IRIS1099Wizard.test.tsx[2m > [22m[2mIRIS1099Wizard - Authentication Step[2m > [22m[2mSubmission Flow[2m > [22m[2mshould not call submitBatch when validation fails
[22m[39m[Wizard] 2FA required: [33mfalse[39m
[Wizard] Proceeding to Filer step

[90mstdout[2m | components/IRIS1099Wizard.test.tsx[2m > [22m[2mIRIS1099Wizard - Authentication Step[2m > [22m[2mSubmission Flow[2m > [22m[2mshould call submitBatch when validation passes
[22m[39m[Wizard] Authenticating...

[90mstdout[2m | components/IRIS1099Wizard.test.tsx[2m > [22m[2mIRIS1099Wizard - Authentication Step[2m > [22m[2mSubmission Flow[2m > [22m[2mshould call submitBatch when validation passes
[22m[39m[Wizard] Health check: { status: [32m'healthy'[39m, service: [32m'IRS IRIS API Proxy'[39m, version: [32m'1.0.0'[39m }

[90mstdout[2m | components/IRIS1099Wizard.test.tsx[2m > [22m[2mIRIS1099Wizard - Authentication Step[2m > [22m[2mSubmission Flow[2m > [22m[2mshould call submitBatch when validation passes
[22m[39m[Wizard] Verifying credentials...

[90mstdout[2m | components/IRIS1099Wizard.test.tsx[2m > [22m[2mIRIS1099Wizard - Authentication Step[2m > [22m[2mSubmission Flow[2m > [22m[2mshould call submitBatch when validation passes
[22m[39m[Wizard] 2FA required: [33mfalse[39m
[Wizard] Proceeding to Filer step

[90mstdout[2m | components/IRIS1099Wizard.test.tsx[2m > [22m[2mIRIS1099Wizard - Authentication Step[2m > [22m[2mSubmission Flow[2m > [22m[2mshould show transmitting status during submission
[22m[39m[Wizard] Authenticating...

[90mstdout[2m | components/IRIS1099Wizard.test.tsx[2m > [22m[2mIRIS1099Wizard - Authentication Step[2m > [22m[2mSubmission Flow[2m > [22m[2mshould show transmitting status during submission
[22m[39m[Wizard] Health check: { status: [32m'healthy'[39m, service: [32m'IRS IRIS API Proxy'[39m, version: [32m'1.0.0'[39m }

[90mstdout[2m | components/IRIS1099Wizard.test.tsx[2m > [22m[2mIRIS1099Wizard - Authentication Step[2m > [22m[2mSubmission Flow[2m > [22m[2mshould show transmitting status during submission
[22m[39m[Wizard] Verifying credentials...

[90mstdout[2m | components/IRIS1099Wizard.test.tsx[2m > [22m[2mIRIS1099Wizard - Authentication Step[2m > [22m[2mSubmission Flow[2m > [22m[2mshould show transmitting status during submission
[22m[39m[Wizard] 2FA required: [33mfalse[39m
[Wizard] Proceeding to Filer step

[90mstdout[2m | components/IRIS1099Wizard.test.tsx[2m > [22m[2mIRIS1099Wizard - Authentication Step[2m > [22m[2mSubmission Flow[2m > [22m[2mshould display receipt ID after successful submission
[22m[39m[Wizard] Authenticating...

[90mstdout[2m | components/IRIS1099Wizard.test.tsx[2m > [22m[2mIRIS1099Wizard - Authentication Step[2m > [22m[2mSubmission Flow[2m > [22m[2mshould display receipt ID after successful submission
[22m[39m[Wizard] Health check: { status: [32m'healthy'[39m, service: [32m'IRS IRIS API Proxy'[39m, version: [32m'1.0.0'[39m }

[90mstdout[2m | components/IRIS1099Wizard.test.tsx[2m > [22m[2mIRIS1099Wizard - Authentication Step[2m > [22m[2mSubmission Flow[2m > [22m[2mshould display receipt ID after successful submission
[22m[39m[Wizard] Verifying credentials...

[90mstdout[2m | components/IRIS1099Wizard.test.tsx[2m > [22m[2mIRIS1099Wizard - Authentication Step[2m > [22m[2mSubmission Flow[2m > [22m[2mshould display receipt ID after successful submission
[22m[39m[Wizard] 2FA required: [33mfalse[39m
[Wizard] Proceeding to Filer step

[90mstdout[2m | components/IRIS1099Wizard.test.tsx[2m > [22m[2mIRIS1099Wizard - Authentication Step[2m > [22m[2mSubmission Flow[2m > [22m[2mshould handle submission API error
[22m[39m[Wizard] Authenticating...

[90mstdout[2m | components/IRIS1099Wizard.test.tsx[2m > [22m[2mIRIS1099Wizard - Authentication Step[2m > [22m[2mSubmission Flow[2m > [22m[2mshould handle submission API error
[22m[39m[Wizard] Health check: { status: [32m'healthy'[39m, service: [32m'IRS IRIS API Proxy'[39m, version: [32m'1.0.0'[39m }

[90mstdout[2m | components/IRIS1099Wizard.test.tsx[2m > [22m[2mIRIS1099Wizard - Authentication Step[2m > [22m[2mSubmission Flow[2m > [22m[2mshould handle submission API error
[22m[39m[Wizard] Verifying credentials...

[90mstdout[2m | components/IRIS1099Wizard.test.tsx[2m > [22m[2mIRIS1099Wizard - Authentication Step[2m > [22m[2mSubmission Flow[2m > [22m[2mshould handle submission API error
[22m[39m[Wizard] 2FA required: [33mfalse[39m
[Wizard] Proceeding to Filer step

[90mstdout[2m | components/IRIS1099Wizard.test.tsx[2m > [22m[2mIRIS1099Wizard - Authentication Step[2m > [22m[2mSubmission Flow[2m > [22m[2mshould poll for status after submission
[22m[39m[Wizard] Authenticating...

[90mstdout[2m | components/IRIS1099Wizard.test.tsx[2m > [22m[2mIRIS1099Wizard - Authentication Step[2m > [22m[2mSubmission Flow[2m > [22m[2mshould poll for status after submission
[22m[39m[Wizard] Health check: { status: [32m'healthy'[39m, service: [32m'IRS IRIS API Proxy'[39m, version: [32m'1.0.0'[39m }

[90mstdout[2m | components/IRIS1099Wizard.test.tsx[2m > [22m[2mIRIS1099Wizard - Authentication Step[2m > [22m[2mSubmission Flow[2m > [22m[2mshould poll for status after submission
[22m[39m[Wizard] Verifying credentials...

[90mstdout[2m | components/IRIS1099Wizard.test.tsx[2m > [22m[2mIRIS1099Wizard - Authentication Step[2m > [22m[2mSubmission Flow[2m > [22m[2mshould poll for status after submission
[22m[39m[Wizard] 2FA required: [33mfalse[39m
[Wizard] Proceeding to Filer step

[90mstdout[2m | components/IRIS1099Wizard.test.tsx[2m > [22m[2mIRIS1099Wizard - Authentication Step[2m > [22m[2mSubmission Flow[2m > [22m[2mshould display final status results
[22m[39m[Wizard] Authenticating...

[90mstdout[2m | components/IRIS1099Wizard.test.tsx[2m > [22m[2mIRIS1099Wizard - Authentication Step[2m > [22m[2mSubmission Flow[2m > [22m[2mshould display final status results
[22m[39m[Wizard] Health check: { status: [32m'healthy'[39m, service: [32m'IRS IRIS API Proxy'[39m, version: [32m'1.0.0'[39m }

[90mstdout[2m | components/IRIS1099Wizard.test.tsx[2m > [22m[2mIRIS1099Wizard - Authentication Step[2m > [22m[2mSubmission Flow[2m > [22m[2mshould display final status results
[22m[39m[Wizard] Verifying credentials...

[90mstdout[2m | components/IRIS1099Wizard.test.tsx[2m > [22m[2mIRIS1099Wizard - Authentication Step[2m > [22m[2mSubmission Flow[2m > [22m[2mshould display final status results
[22m[39m[Wizard] 2FA required: [33mfalse[39m
[Wizard] Proceeding to Filer step

[90mstdout[2m | components/IRIS1099Wizard.test.tsx[2m > [22m[2mIRIS1099Wizard - Authentication Step[2m > [22m[2mSubmission Flow[2m > [22m[2mshould show processing status during polling
[22m[39m[Wizard] Authenticating...

[90mstdout[2m | components/IRIS1099Wizard.test.tsx[2m > [22m[2mIRIS1099Wizard - Authentication Step[2m > [22m[2mSubmission Flow[2m > [22m[2mshould show processing status during polling
[22m[39m[Wizard] Health check: { status: [32m'healthy'[39m, service: [32m'IRS IRIS API Proxy'[39m, version: [32m'1.0.0'[39m }

[90mstdout[2m | components/IRIS1099Wizard.test.tsx[2m > [22m[2mIRIS1099Wizard - Authentication Step[2m > [22m[2mSubmission Flow[2m > [22m[2mshould show processing status during polling
[22m[39m[Wizard] Verifying credentials...

[90mstdout[2m | components/IRIS1099Wizard.test.tsx[2m > [22m[2mIRIS1099Wizard - Authentication Step[2m > [22m[2mSubmission Flow[2m > [22m[2mshould show processing status during polling
[22m[39m[Wizard] 2FA required: [33mfalse[39m
[Wizard] Proceeding to Filer step

[90mstdout[2m | components/IRIS1099Wizard.test.tsx[2m > [22m[2mIRIS1099Wizard - Authentication Step[2m > [22m[2mSubmission Flow[2m > [22m[2mshould display batch status counts during polling
[22m[39m[Wizard] Authenticating...

[90mstdout[2m | components/IRIS1099Wizard.test.tsx[2m > [22m[2mIRIS1099Wizard - Authentication Step[2m > [22m[2mSubmission Flow[2m > [22m[2mshould display batch status counts during polling
[22m[39m[Wizard] Health check: { status: [32m'healthy'[39m, service: [32m'IRS IRIS API Proxy'[39m, version: [32m'1.0.0'[39m }

[90mstdout[2m | components/IRIS1099Wizard.test.tsx[2m > [22m[2mIRIS1099Wizard - Authentication Step[2m > [22m[2mSubmission Flow[2m > [22m[2mshould display batch status counts during polling
[22m[39m[Wizard] Verifying credentials...

[90mstdout[2m | components/IRIS1099Wizard.test.tsx[2m > [22m[2mIRIS1099Wizard - Authentication Step[2m > [22m[2mSubmission Flow[2m > [22m[2mshould display batch status counts during polling
[22m[39m[Wizard] 2FA required: [33mfalse[39m
[Wizard] Proceeding to Filer step

[90mstdout[2m | components/IRIS1099Wizard.test.tsx[2m > [22m[2mIRIS1099Wizard - Authentication Step[2m > [22m[2mSubmission Flow[2m > [22m[2mshould display all accepted message on full success
[22m[39m[Wizard] Authenticating...

[90mstdout[2m | components/IRIS1099Wizard.test.tsx[2m > [22m[2mIRIS1099Wizard - Authentication Step[2m > [22m[2mSubmission Flow[2m > [22m[2mshould display all accepted message on full success
[22m[39m[Wizard] Health check: { status: [32m'healthy'[39m, service: [32m'IRS IRIS API Proxy'[39m, version: [32m'1.0.0'[39m }

[90mstdout[2m | components/IRIS1099Wizard.test.tsx[2m > [22m[2mIRIS1099Wizard - Authentication Step[2m > [22m[2mSubmission Flow[2m > [22m[2mshould display all accepted message on full success
[22m[39m[Wizard] Verifying credentials...

[90mstdout[2m | components/IRIS1099Wizard.test.tsx[2m > [22m[2mIRIS1099Wizard - Authentication Step[2m > [22m[2mSubmission Flow[2m > [22m[2mshould display all accepted message on full success
[22m[39m[Wizard] 2FA required: [33mfalse[39m
[Wizard] Proceeding to Filer step

[90mstdout[2m | components/IRIS1099Wizard.test.tsx[2m > [22m[2mIRIS1099Wizard - Authentication Step[2m > [22m[2mSubmission Flow[2m > [22m[2mshould show New Submission button after completion
[22m[39m[Wizard] Authenticating...

[90mstdout[2m | components/IRIS1099Wizard.test.tsx[2m > [22m[2mIRIS1099Wizard - Authentication Step[2m > [22m[2mSubmission Flow[2m > [22m[2mshould show New Submission button after completion
[22m[39m[Wizard] Health check: { status: [32m'healthy'[39m, service: [32m'IRS IRIS API Proxy'[39m, version: [32m'1.0.0'[39m }

[90mstdout[2m | components/IRIS1099Wizard.test.tsx[2m > [22m[2mIRIS1099Wizard - Authentication Step[2m > [22m[2mSubmission Flow[2m > [22m[2mshould show New Submission button after completion
[22m[39m[Wizard] Verifying credentials...

[90mstdout[2m | components/IRIS1099Wizard.test.tsx[2m > [22m[2mIRIS1099Wizard - Authentication Step[2m > [22m[2mSubmission Flow[2m > [22m[2mshould show New Submission button after completion
[22m[39m[Wizard] 2FA required: [33mfalse[39m
[Wizard] Proceeding to Filer step

[90mstdout[2m | components/IRIS1099Wizard.test.tsx[2m > [22m[2mIRIS1099Wizard - Authentication Step[2m > [22m[2mSubmission Flow[2m > [22m[2mshould show Close button after completion
[22m[39m[Wizard] Authenticating...

[90mstdout[2m | components/IRIS1099Wizard.test.tsx[2m > [22m[2mIRIS1099Wizard - Authentication Step[2m > [22m[2mSubmission Flow[2m > [22m[2mshould show Close button after completion
[22m[39m[Wizard] Health check: { status: [32m'healthy'[39m, service: [32m'IRS IRIS API Proxy'[39m, version: [32m'1.0.0'[39m }

[90mstdout[2m | components/IRIS1099Wizard.test.tsx[2m > [22m[2mIRIS1099Wizard - Authentication Step[2m > [22m[2mSubmission Flow[2m > [22m[2mshould show Close button after completion
[22m[39m[Wizard] Verifying credentials...

[90mstdout[2m | components/IRIS1099Wizard.test.tsx[2m > [22m[2mIRIS1099Wizard - Authentication Step[2m > [22m[2mSubmission Flow[2m > [22m[2mshould show Close button after completion
[22m[39m[Wizard] 2FA required: [33mfalse[39m
[Wizard] Proceeding to Filer step

[90mstdout[2m | components/IRIS1099Wizard.test.tsx[2m > [22m[2mIRIS1099Wizard - Authentication Step[2m > [22m[2mSubmission Flow[2m > [22m[2mshould display warning count in results
[22m[39m[Wizard] Authenticating...

[90mstdout[2m | components/IRIS1099Wizard.test.tsx[2m > [22m[2mIRIS1099Wizard - Authentication Step[2m > [22m[2mSubmission Flow[2m > [22m[2mshould display warning count in results
[22m[39m[Wizard] Health check: { status: [32m'healthy'[39m, service: [32m'IRS IRIS API Proxy'[39m, version: [32m'1.0.0'[39m }

[90mstdout[2m | components/IRIS1099Wizard.test.tsx[2m > [22m[2mIRIS1099Wizard - Authentication Step[2m > [22m[2mSubmission Flow[2m > [22m[2mshould display warning count in results
[22m[39m[Wizard] Verifying credentials...

[90mstdout[2m | components/IRIS1099Wizard.test.tsx[2m > [22m[2mIRIS1099Wizard - Authentication Step[2m > [22m[2mSubmission Flow[2m > [22m[2mshould display warning count in results
[22m[39m[Wizard] 2FA required: [33mfalse[39m
[Wizard] Proceeding to Filer step

[90mstdout[2m | components/IRIS1099Wizard.test.tsx[2m > [22m[2mIRIS1099Wizard - Authentication Step[2m > [22m[2mSubmission Flow[2m > [22m[2mshould display error list when errors exist in batch status
[22m[39m[Wizard] Authenticating...

[90mstdout[2m | components/IRIS1099Wizard.test.tsx[2m > [22m[2mIRIS1099Wizard - Authentication Step[2m > [22m[2mSubmission Flow[2m > [22m[2mshould display error list when errors exist in batch status
[22m[39m[Wizard] Health check: { status: [32m'healthy'[39m, service: [32m'IRS IRIS API Proxy'[39m, version: [32m'1.0.0'[39m }

[90mstdout[2m | components/IRIS1099Wizard.test.tsx[2m > [22m[2mIRIS1099Wizard - Authentication Step[2m > [22m[2mSubmission Flow[2m > [22m[2mshould display error list when errors exist in batch status
[22m[39m[Wizard] Verifying credentials...

[90mstdout[2m | components/IRIS1099Wizard.test.tsx[2m > [22m[2mIRIS1099Wizard - Authentication Step[2m > [22m[2mSubmission Flow[2m > [22m[2mshould display error list when errors exist in batch status
[22m[39m[Wizard] 2FA required: [33mfalse[39m
[Wizard] Proceeding to Filer step

 [32m✓[39m components/IRIS1099Wizard.test.tsx [2m([22m[2m76 tests[22m[2m)[22m[33m 117583[2mms[22m[39m
       [33m[2m✓[22m[39m should show TCC input field when TCC auth is selected [33m 333[2mms[22m[39m
       [33m[2m✓[22m[39m should accept valid TCC format (2 letters + hyphen + 7 alphanumeric) [33m 354[2mms[22m[39m
       [33m[2m✓[22m[39m should call irsApi.setAuth with TCC on authenticate [33m 2068[2mms[22m[39m
       [33m[2m✓[22m[39m should call storeTCC when saveCredentials is checked [33m 2043[2mms[22m[39m
       [33m[2m✓[22m[39m should call irsApi.setAuth with bearer token [33m 2052[2mms[22m[39m
       [33m[2m✓[22m[39m should call storeBearerToken when saveCredentials is checked [33m 2039[2mms[22m[39m
       [33m[2m✓[22m[39m should not store credentials when unchecked [33m 2141[2mms[22m[39m
       [33m[2m✓[22m[39m should progress from Auth to Filer step on authentication [33m 2046[2mms[22m[39m
       [33m[2m✓[22m[39m should show Back button after Auth step [33m 2042[2mms[22m[39m
       [33m[2m✓[22m[39m should disable Continue button on Filer step when EIN is missing [33m 2042[2mms[22m[39m
       [33m[2m✓[22m[39m should disable Continue button on Filer step when Legal Name is missing [33m 2046[2mms[22m[39m
       [33m[2m✓[22m[39m should enable Continue button on Filer step when all required fields are filled [33m 2052[2mms[22m[39m
       [33m[2m✓[22m[39m should progress from Filer to FormType step on Continue [33m 2055[2mms[22m[39m
       [33m[2m✓[22m[39m should disable Continue button on Payees step when no payees added [33m 2074[2mms[22m[39m
       [33m[2m✓[22m[39m should enable Continue button on Payees step when payees are added [33m 2083[2mms[22m[39m
       [33m[2m✓[22m[39m should show Validate & Submit button on Review step [33m 2094[2mms[22m[39m
       [33m[2m✓[22m[39m should navigate back from Filer to Auth step [33m 2052[2mms[22m[39m
       [33m[2m✓[22m[39m should preserve filer state when navigating back to Auth and returning to Filer [33m 4083[2mms[22m[39m
       [33m[2m✓[22m[39m should format EIN as user types (XX-XXXXXXX) [33m 2047[2mms[22m[39m
       [33m[2m✓[22m[39m should reject EIN with fewer than 9 digits [33m 2047[2mms[22m[39m
       [33m[2m✓[22m[39m should require state abbreviation (2 characters) [33m 2042[2mms[22m[39m
       [33m[2m✓[22m[39m should uppercase state abbreviation automatically [33m 2047[2mms[22m[39m
       [33m[2m✓[22m[39m should validate ZIP code format [33m 2059[2mms[22m[39m
       [33m[2m✓[22m[39m should accept ZIP+4 format [33m 2084[2mms[22m[39m
       [33m[2m✓[22m[39m should uppercase country code automatically [33m 2056[2mms[22m[39m
       [33m[2m✓[22m[39m should add payee to list when Add Payee to Batch is clicked [33m 2080[2mms[22m[39m
       [33m[2m✓[22m[39m should allow adding multiple payees [33m 2100[2mms[22m[39m
       [33m[2m✓[22m[39m should require TIN to add payee [33m 2071[2mms[22m[39m
       [33m[2m✓[22m[39m should require name to add payee [33m 2065[2mms[22m[39m
       [33m[2m✓[22m[39m should clear form after adding payee [33m 2078[2mms[22m[39m
       [33m[2m✓[22m[39m should show payee count in header [33m 2080[2mms[22m[39m
       [33m[2m✓[22m[39m should show remove button for each payee [33m 2089[2mms[22m[39m
       [33m[2m✓[22m[39m should remove payee when delete button is clicked [33m 2083[2mms[22m[39m
       [33m[2m✓[22m[39m should update payee count after removal [33m 2101[2mms[22m[39m
       [33m[2m✓[22m[39m should disable Continue button after removing all payees [33m 2088[2mms[22m[39m
       [33m[2m✓[22m[39m should accept valid EIN format (XX-XXXXXXX) [33m 2074[2mms[22m[39m
       [33m[2m✓[22m[39m should accept valid SSN format (XXX-XX-XXXX) [33m 2084[2mms[22m[39m
       [33m[2m✓[22m[39m should show error for invalid TIN format [33m 2081[2mms[22m[39m
       [33m[2m✓[22m[39m should disable Add button for invalid TIN format [33m 2075[2mms[22m[39m
       [33m[2m✓[22m[39m should warn about duplicate TIN [33m 2099[2mms[22m[39m
       [33m[2m✓[22m[39m should call transmissionCheck for pre-validation on submit [33m 2119[2mms[22m[39m
       [33m[2m✓[22m[39m should show validating status when pre-validation starts [33m 2098[2mms[22m[39m
       [33m[2m✓[22m[39m should display validation errors when pre-validation fails [33m 2098[2mms[22m[39m
       [33m[2m✓[22m[39m should not call submitBatch when validation fails [33m 2099[2mms[22m[39m
       [33m[2m✓[22m[39m should call submitBatch when validation passes [33m 2099[2mms[22m[39m
       [33m[2m✓[22m[39m should show transmitting status during submission [33m 2102[2mms[22m[39m
       [33m[2m✓[22m[39m should display receipt ID after successful submission [33m 2116[2mms[22m[39m
       [33m[2m✓[22m[39m should handle submission API error [33m 2110[2mms[22m[39m
       [33m[2m✓[22m[39m should poll for status after submission [33m 2112[2mms[22m[39m
       [33m[2m✓[22m[39m should display final status results [33m 2091[2mms[22m[39m
       [33m[2m✓[22m[39m should show processing status during polling [33m 2075[2mms[22m[39m
       [33m[2m✓[22m[39m should display batch status counts during polling [33m 2078[2mms[22m[39m
       [33m[2m✓[22m[39m should display all accepted message on full success [33m 2086[2mms[22m[39m
       [33m[2m✓[22m[39m should show New Submission button after completion [33m 2079[2mms[22m[39m
       [33m[2m✓[22m[39m should show Close button after completion [33m 2081[2mms[22m[39m
       [33m[2m✓[22m[39m should display warning count in results [33m 2080[2mms[22m[39m
       [33m[2m✓[22m[39m should display error list when errors exist in batch status [33m 2081[2mms[22m[39m

[2m Test Files [22m [1m[32m1 passed[39m[22m[90m (1)[39m
[2m      Tests [22m [1m[32m76 passed[39m[22m[90m (76)[39m
[2m   Start at [22m 20:59:14
[2m   Duration [22m 118.17s

[1m[42m PASS [49m[22m [32mWaiting for file changes...[39m
       [2mpress [22m[1mh[22m[2m to show help[22m[2m, [22m[2mpress [22m[1mq[22m[2m to quit[22m
c[3J[1m[44m RERUN [49m[22m [34m[2mcomponents/IRIS1099Wizard.test.tsx [22m[34mx2 [34m[39m
       [2m Filename pattern: [22m[34mcomponents/IRIS1099Wizard.test.tsx[39m

[90mstdout[2m | components/IRIS1099Wizard.test.tsx[2m > [22m[2mIRIS1099Wizard - Authentication Step[2m > [22m[2mTCC Input Validation[2m > [22m[2mshould call irsApi.setAuth with TCC on authenticate
[22m[39m[Wizard] Authenticating...

[90mstdout[2m | components/IRIS1099Wizard.test.tsx[2m > [22m[2mIRIS1099Wizard - Authentication Step[2m > [22m[2mTCC Input Validation[2m > [22m[2mshould call irsApi.setAuth with TCC on authenticate
[22m[39m[Wizard] Health check: { status: [32m'healthy'[39m, service: [32m'IRS IRIS API Proxy'[39m, version: [32m'1.0.0'[39m }

[90mstdout[2m | components/IRIS1099Wizard.test.tsx[2m > [22m[2mIRIS1099Wizard - Authentication Step[2m > [22m[2mTCC Input Validation[2m > [22m[2mshould call irsApi.setAuth with TCC on authenticate
[22m[39m[Wizard] Verifying credentials...

[90mstdout[2m | components/IRIS1099Wizard.test.tsx[2m > [22m[2mIRIS1099Wizard - Authentication Step[2m > [22m[2mTCC Input Validation[2m > [22m[2mshould call irsApi.setAuth with TCC on authenticate
[22m[39m[Wizard] 2FA required: [33mfalse[39m
[Wizard] Proceeding to Filer step

[90mstdout[2m | components/IRIS1099Wizard.test.tsx[2m > [22m[2mIRIS1099Wizard - Authentication Step[2m > [22m[2mTCC Input Validation[2m > [22m[2mshould call storeTCC when saveCredentials is checked
[22m[39m[Wizard] Authenticating...

[90mstdout[2m | components/IRIS1099Wizard.test.tsx[2m > [22m[2mIRIS1099Wizard - Authentication Step[2m > [22m[2mTCC Input Validation[2m > [22m[2mshould call storeTCC when saveCredentials is checked
[22m[39m[Wizard] Health check: { status: [32m'healthy'[39m, service: [32m'IRS IRIS API Proxy'[39m, version: [32m'1.0.0'[39m }

[90mstdout[2m | components/IRIS1099Wizard.test.tsx[2m > [22m[2mIRIS1099Wizard - Authentication Step[2m > [22m[2mTCC Input Validation[2m > [22m[2mshould call storeTCC when saveCredentials is checked
[22m[39m[Wizard] Verifying credentials...

[90mstdout[2m | components/IRIS1099Wizard.test.tsx[2m > [22m[2mIRIS1099Wizard - Authentication Step[2m > [22m[2mTCC Input Validation[2m > [22m[2mshould call storeTCC when saveCredentials is checked
[22m[39m[Wizard] 2FA required: [33mfalse[39m
[Wizard] Proceeding to Filer step

[90mstdout[2m | components/IRIS1099Wizard.test.tsx[2m > [22m[2mIRIS1099Wizard - Authentication Step[2m > [22m[2mBearer Token Input[2m > [22m[2mshould call irsApi.setAuth with bearer token
[22m[39m[Wizard] Authenticating...

[90mstdout[2m | components/IRIS1099Wizard.test.tsx[2m > [22m[2mIRIS1099Wizard - Authentication Step[2m > [22m[2mBearer Token Input[2m > [22m[2mshould call irsApi.setAuth with bearer token
[22m[39m[Wizard] Health check: { status: [32m'healthy'[39m, service: [32m'IRS IRIS API Proxy'[39m, version: [32m'1.0.0'[39m }

[90mstdout[2m | components/IRIS1099Wizard.test.tsx[2m > [22m[2mIRIS1099Wizard - Authentication Step[2m > [22m[2mBearer Token Input[2m > [22m[2mshould call irsApi.setAuth with bearer token
[22m[39m[Wizard] Verifying credentials...

[90mstdout[2m | components/IRIS1099Wizard.test.tsx[2m > [22m[2mIRIS1099Wizard - Authentication Step[2m > [22m[2mBearer Token Input[2m > [22m[2mshould call irsApi.setAuth with bearer token
[22m[39m[Wizard] 2FA required: [33mfalse[39m
[Wizard] Proceeding to Filer step

[90mstdout[2m | components/IRIS1099Wizard.test.tsx[2m > [22m[2mIRIS1099Wizard - Authentication Step[2m > [22m[2mBearer Token Input[2m > [22m[2mshould call storeBearerToken when saveCredentials is checked
[22m[39m[Wizard] Authenticating...

[90mstdout[2m | components/IRIS1099Wizard.test.tsx[2m > [22m[2mIRIS1099Wizard - Authentication Step[2m > [22m[2mBearer Token Input[2m > [22m[2mshould call storeBearerToken when saveCredentials is checked
[22m[39m[Wizard] Health check: { status: [32m'healthy'[39m, service: [32m'IRS IRIS API Proxy'[39m, version: [32m'1.0.0'[39m }

[90mstdout[2m | components/IRIS1099Wizard.test.tsx[2m > [22m[2mIRIS1099Wizard - Authentication Step[2m > [22m[2mBearer Token Input[2m > [22m[2mshould call storeBearerToken when saveCredentials is checked
[22m[39m[Wizard] Verifying credentials...

[90mstdout[2m | components/IRIS1099Wizard.test.tsx[2m > [22m[2mIRIS1099Wizard - Authentication Step[2m > [22m[2mBearer Token Input[2m > [22m[2mshould call storeBearerToken when saveCredentials is checked
[22m[39m[Wizard] 2FA required: [33mfalse[39m
[Wizard] Proceeding to Filer step

[90mstdout[2m | components/IRIS1099Wizard.test.tsx[2m > [22m[2mIRIS1099Wizard - Authentication Step[2m > [22m[2mSave Credentials Toggle[2m > [22m[2mshould not store credentials when unchecked
[22m[39m[Wizard] Authenticating...

[90mstdout[2m | components/IRIS1099Wizard.test.tsx[2m > [22m[2mIRIS1099Wizard - Authentication Step[2m > [22m[2mSave Credentials Toggle[2m > [22m[2mshould not store credentials when unchecked
[22m[39m[Wizard] Health check: { status: [32m'healthy'[39m, service: [32m'IRS IRIS API Proxy'[39m, version: [32m'1.0.0'[39m }

[90mstdout[2m | components/IRIS1099Wizard.test.tsx[2m > [22m[2mIRIS1099Wizard - Authentication Step[2m > [22m[2mSave Credentials Toggle[2m > [22m[2mshould not store credentials when unchecked
[22m[39m[Wizard] Verifying credentials...

[90mstdout[2m | components/IRIS1099Wizard.test.tsx[2m > [22m[2mIRIS1099Wizard - Authentication Step[2m > [22m[2mSave Credentials Toggle[2m > [22m[2mshould not store credentials when unchecked
[22m[39m[Wizard] 2FA required: [33mfalse[39m
[Wizard] Proceeding to Filer step

[90mstdout[2m | components/IRIS1099Wizard.test.tsx[2m > [22m[2mIRIS1099Wizard - Authentication Step[2m > [22m[2mWizard Step Navigation[2m > [22m[2mshould progress from Auth to Filer step on authentication
[22m[39m[Wizard] Authenticating...

[90mstdout[2m | components/IRIS1099Wizard.test.tsx[2m > [22m[2mIRIS1099Wizard - Authentication Step[2m > [22m[2mWizard Step Navigation[2m > [22m[2mshould progress from Auth to Filer step on authentication
[22m[39m[Wizard] Health check: { status: [32m'healthy'[39m, service: [32m'IRS IRIS API Proxy'[39m, version: [32m'1.0.0'[39m }

[90mstdout[2m | components/IRIS1099Wizard.test.tsx[2m > [22m[2mIRIS1099Wizard - Authentication Step[2m > [22m[2mWizard Step Navigation[2m > [22m[2mshould progress from Auth to Filer step on authentication
[22m[39m[Wizard] Verifying credentials...

[90mstdout[2m | components/IRIS1099Wizard.test.tsx[2m > [22m[2mIRIS1099Wizard - Authentication Step[2m > [22m[2mWizard Step Navigation[2m > [22m[2mshould progress from Auth to Filer step on authentication
[22m[39m[Wizard] 2FA required: [33mfalse[39m
[Wizard] Proceeding to Filer step

[90mstdout[2m | components/IRIS1099Wizard.test.tsx[2m > [22m[2mIRIS1099Wizard - Authentication Step[2m > [22m[2mWizard Step Navigation[2m > [22m[2mshould show Back button after Auth step
[22m[39m[Wizard] Authenticating...

[90mstdout[2m | components/IRIS1099Wizard.test.tsx[2m > [22m[2mIRIS1099Wizard - Authentication Step[2m > [22m[2mWizard Step Navigation[2m > [22m[2mshould show Back button after Auth step
[22m[39m[Wizard] Health check: { status: [32m'healthy'[39m, service: [32m'IRS IRIS API Proxy'[39m, version: [32m'1.0.0'[39m }

[90mstdout[2m | components/IRIS1099Wizard.test.tsx[2m > [22m[2mIRIS1099Wizard - Authentication Step[2m > [22m[2mWizard Step Navigation[2m > [22m[2mshould show Back button after Auth step
[22m[39m[Wizard] Verifying credentials...

[90mstdout[2m | components/IRIS1099Wizard.test.tsx[2m > [22m[2mIRIS1099Wizard - Authentication Step[2m > [22m[2mWizard Step Navigation[2m > [22m[2mshould show Back button after Auth step
[22m[39m[Wizard] 2FA required: [33mfalse[39m
[Wizard] Proceeding to Filer step

[90mstdout[2m | components/IRIS1099Wizard.test.tsx[2m > [22m[2mIRIS1099Wizard - Authentication Step[2m > [22m[2mWizard Step Navigation[2m > [22m[2mshould disable Continue button on Filer step when EIN is missing
[22m[39m[Wizard] Authenticating...

[90mstdout[2m | components/IRIS1099Wizard.test.tsx[2m > [22m[2mIRIS1099Wizard - Authentication Step[2m > [22m[2mWizard Step Navigation[2m > [22m[2mshould disable Continue button on Filer step when EIN is missing
[22m[39m[Wizard] Health check: { status: [32m'healthy'[39m, service: [32m'IRS IRIS API Proxy'[39m, version: [32m'1.0.0'[39m }

[90mstdout[2m | components/IRIS1099Wizard.test.tsx[2m > [22m[2mIRIS1099Wizard - Authentication Step[2m > [22m[2mWizard Step Navigation[2m > [22m[2mshould disable Continue button on Filer step when EIN is missing
[22m[39m[Wizard] Verifying credentials...

[90mstdout[2m | components/IRIS1099Wizard.test.tsx[2m > [22m[2mIRIS1099Wizard - Authentication Step[2m > [22m[2mWizard Step Navigation[2m > [22m[2mshould disable Continue button on Filer step when EIN is missing
[22m[39m[Wizard] 2FA required: [33mfalse[39m
[Wizard] Proceeding to Filer step

[90mstdout[2m | components/IRIS1099Wizard.test.tsx[2m > [22m[2mIRIS1099Wizard - Authentication Step[2m > [22m[2mWizard Step Navigation[2m > [22m[2mshould disable Continue button on Filer step when Legal Name is missing
[22m[39m[Wizard] Authenticating...

[90mstdout[2m | components/IRIS1099Wizard.test.tsx[2m > [22m[2mIRIS1099Wizard - Authentication Step[2m > [22m[2mWizard Step Navigation[2m > [22m[2mshould disable Continue button on Filer step when Legal Name is missing
[22m[39m[Wizard] Health check: { status: [32m'healthy'[39m, service: [32m'IRS IRIS API Proxy'[39m, version: [32m'1.0.0'[39m }

[90mstdout[2m | components/IRIS1099Wizard.test.tsx[2m > [22m[2mIRIS1099Wizard - Authentication Step[2m > [22m[2mWizard Step Navigation[2m > [22m[2mshould disable Continue button on Filer step when Legal Name is missing
[22m[39m[Wizard] Verifying credentials...

[90mstdout[2m | components/IRIS1099Wizard.test.tsx[2m > [22m[2mIRIS1099Wizard - Authentication Step[2m > [22m[2mWizard Step Navigation[2m > [22m[2mshould disable Continue button on Filer step when Legal Name is missing
[22m[39m[Wizard] 2FA required: [33mfalse[39m
[Wizard] Proceeding to Filer step

[90mstdout[2m | components/IRIS1099Wizard.test.tsx[2m > [22m[2mIRIS1099Wizard - Authentication Step[2m > [22m[2mWizard Step Navigation[2m > [22m[2mshould enable Continue button on Filer step when all required fields are filled
[22m[39m[Wizard] Authenticating...

[90mstdout[2m | components/IRIS1099Wizard.test.tsx[2m > [22m[2mIRIS1099Wizard - Authentication Step[2m > [22m[2mWizard Step Navigation[2m > [22m[2mshould enable Continue button on Filer step when all required fields are filled
[22m[39m[Wizard] Health check: { status: [32m'healthy'[39m, service: [32m'IRS IRIS API Proxy'[39m, version: [32m'1.0.0'[39m }

[90mstdout[2m | components/IRIS1099Wizard.test.tsx[2m > [22m[2mIRIS1099Wizard - Authentication Step[2m > [22m[2mWizard Step Navigation[2m > [22m[2mshould enable Continue button on Filer step when all required fields are filled
[22m[39m[Wizard] Verifying credentials...

[90mstdout[2m | components/IRIS1099Wizard.test.tsx[2m > [22m[2mIRIS1099Wizard - Authentication Step[2m > [22m[2mWizard Step Navigation[2m > [22m[2mshould enable Continue button on Filer step when all required fields are filled
[22m[39m[Wizard] 2FA required: [33mfalse[39m
[Wizard] Proceeding to Filer step

[90mstdout[2m | components/IRIS1099Wizard.test.tsx[2m > [22m[2mIRIS1099Wizard - Authentication Step[2m > [22m[2mWizard Step Navigation[2m > [22m[2mshould progress from Filer to FormType step on Continue
[22m[39m[Wizard] Authenticating...

[90mstdout[2m | components/IRIS1099Wizard.test.tsx[2m > [22m[2mIRIS1099Wizard - Authentication Step[2m > [22m[2mWizard Step Navigation[2m > [22m[2mshould progress from Filer to FormType step on Continue
[22m[39m[Wizard] Health check: { status: [32m'healthy'[39m, service: [32m'IRS IRIS API Proxy'[39m, version: [32m'1.0.0'[39m }

[90mstdout[2m | components/IRIS1099Wizard.test.tsx[2m > [22m[2mIRIS1099Wizard - Authentication Step[2m > [22m[2mWizard Step Navigation[2m > [22m[2mshould progress from Filer to FormType step on Continue
[22m[39m[Wizard] Verifying credentials...

[90mstdout[2m | components/IRIS1099Wizard.test.tsx[2m > [22m[2mIRIS1099Wizard - Authentication Step[2m > [22m[2mWizard Step Navigation[2m > [22m[2mshould progress from Filer to FormType step on Continue
[22m[39m[Wizard] 2FA required: [33mfalse[39m
[Wizard] Proceeding to Filer step

[90mstdout[2m | components/IRIS1099Wizard.test.tsx[2m > [22m[2mIRIS1099Wizard - Authentication Step[2m > [22m[2mWizard Step Navigation[2m > [22m[2mshould disable Continue button on Payees step when no payees added
[22m[39m[Wizard] Authenticating...

[90mstdout[2m | components/IRIS1099Wizard.test.tsx[2m > [22m[2mIRIS1099Wizard - Authentication Step[2m > [22m[2mWizard Step Navigation[2m > [22m[2mshould disable Continue button on Payees step when no payees added
[22m[39m[Wizard] Health check: { status: [32m'healthy'[39m, service: [32m'IRS IRIS API Proxy'[39m, version: [32m'1.0.0'[39m }

[90mstdout[2m | components/IRIS1099Wizard.test.tsx[2m > [22m[2mIRIS1099Wizard - Authentication Step[2m > [22m[2mWizard Step Navigation[2m > [22m[2mshould disable Continue button on Payees step when no payees added
[22m[39m[Wizard] Verifying credentials...

[90mstdout[2m | components/IRIS1099Wizard.test.tsx[2m > [22m[2mIRIS1099Wizard - Authentication Step[2m > [22m[2mWizard Step Navigation[2m > [22m[2mshould disable Continue button on Payees step when no payees added
[22m[39m[Wizard] 2FA required: [33mfalse[39m
[Wizard] Proceeding to Filer step

[90mstdout[2m | components/IRIS1099Wizard.test.tsx[2m > [22m[2mIRIS1099Wizard - Authentication Step[2m > [22m[2mWizard Step Navigation[2m > [22m[2mshould enable Continue button on Payees step when payees are added
[22m[39m[Wizard] Authenticating...

[90mstdout[2m | components/IRIS1099Wizard.test.tsx[2m > [22m[2mIRIS1099Wizard - Authentication Step[2m > [22m[2mWizard Step Navigation[2m > [22m[2mshould enable Continue button on Payees step when payees are added
[22m[39m[Wizard] Health check: { status: [32m'healthy'[39m, service: [32m'IRS IRIS API Proxy'[39m, version: [32m'1.0.0'[39m }

[90mstdout[2m | components/IRIS1099Wizard.test.tsx[2m > [22m[2mIRIS1099Wizard - Authentication Step[2m > [22m[2mWizard Step Navigation[2m > [22m[2mshould enable Continue button on Payees step when payees are added
[22m[39m[Wizard] Verifying credentials...

[90mstdout[2m | components/IRIS1099Wizard.test.tsx[2m > [22m[2mIRIS1099Wizard - Authentication Step[2m > [22m[2mWizard Step Navigation[2m > [22m[2mshould enable Continue button on Payees step when payees are added
[22m[39m[Wizard] 2FA required: [33mfalse[39m
[Wizard] Proceeding to Filer step

[90mstdout[2m | components/IRIS1099Wizard.test.tsx[2m > [22m[2mIRIS1099Wizard - Authentication Step[2m > [22m[2mWizard Step Navigation[2m > [22m[2mshould show Validate & Submit button on Review step
[22m[39m[Wizard] Authenticating...

[90mstdout[2m | components/IRIS1099Wizard.test.tsx[2m > [22m[2mIRIS1099Wizard - Authentication Step[2m > [22m[2mWizard Step Navigation[2m > [22m[2mshould show Validate & Submit button on Review step
[22m[39m[Wizard] Health check: { status: [32m'healthy'[39m, service: [32m'IRS IRIS API Proxy'[39m, version: [32m'1.0.0'[39m }

[90mstdout[2m | components/IRIS1099Wizard.test.tsx[2m > [22m[2mIRIS1099Wizard - Authentication Step[2m > [22m[2mWizard Step Navigation[2m > [22m[2mshould show Validate & Submit button on Review step
[22m[39m[Wizard] Verifying credentials...

[90mstdout[2m | components/IRIS1099Wizard.test.tsx[2m > [22m[2mIRIS1099Wizard - Authentication Step[2m > [22m[2mWizard Step Navigation[2m > [22m[2mshould show Validate & Submit button on Review step
[22m[39m[Wizard] 2FA required: [33mfalse[39m
[Wizard] Proceeding to Filer step

[90mstdout[2m | components/IRIS1099Wizard.test.tsx[2m > [22m[2mIRIS1099Wizard - Authentication Step[2m > [22m[2mWizard Step Navigation[2m > [22m[2mshould navigate back from Filer to Auth step
[22m[39m[Wizard] Authenticating...

[90mstdout[2m | components/IRIS1099Wizard.test.tsx[2m > [22m[2mIRIS1099Wizard - Authentication Step[2m > [22m[2mWizard Step Navigation[2m > [22m[2mshould navigate back from Filer to Auth step
[22m[39m[Wizard] Health check: { status: [32m'healthy'[39m, service: [32m'IRS IRIS API Proxy'[39m, version: [32m'1.0.0'[39m }

[90mstdout[2m | components/IRIS1099Wizard.test.tsx[2m > [22m[2mIRIS1099Wizard - Authentication Step[2m > [22m[2mWizard Step Navigation[2m > [22m[2mshould navigate back from Filer to Auth step
[22m[39m[Wizard] Verifying credentials...

[90mstdout[2m | components/IRIS1099Wizard.test.tsx[2m > [22m[2mIRIS1099Wizard - Authentication Step[2m > [22m[2mWizard Step Navigation[2m > [22m[2mshould navigate back from Filer to Auth step
[22m[39m[Wizard] 2FA required: [33mfalse[39m
[Wizard] Proceeding to Filer step

[90mstdout[2m | components/IRIS1099Wizard.test.tsx[2m > [22m[2mIRIS1099Wizard - Authentication Step[2m > [22m[2mWizard Step Navigation[2m > [22m[2mshould preserve filer state when navigating back to Auth and returning to Filer
[22m[39m[Wizard] Authenticating...

[90mstdout[2m | components/IRIS1099Wizard.test.tsx[2m > [22m[2mIRIS1099Wizard - Authentication Step[2m > [22m[2mWizard Step Navigation[2m > [22m[2mshould preserve filer state when navigating back to Auth and returning to Filer
[22m[39m[Wizard] Health check: { status: [32m'healthy'[39m, service: [32m'IRS IRIS API Proxy'[39m, version: [32m'1.0.0'[39m }

[90mstdout[2m | components/IRIS1099Wizard.test.tsx[2m > [22m[2mIRIS1099Wizard - Authentication Step[2m > [22m[2mWizard Step Navigation[2m > [22m[2mshould preserve filer state when navigating back to Auth and returning to Filer
[22m[39m[Wizard] Verifying credentials...

[90mstdout[2m | components/IRIS1099Wizard.test.tsx[2m > [22m[2mIRIS1099Wizard - Authentication Step[2m > [22m[2mWizard Step Navigation[2m > [22m[2mshould preserve filer state when navigating back to Auth and returning to Filer
[22m[39m[Wizard] 2FA required: [33mfalse[39m
[Wizard] Proceeding to Filer step

[90mstdout[2m | components/IRIS1099Wizard.test.tsx[2m > [22m[2mIRIS1099Wizard - Authentication Step[2m > [22m[2mWizard Step Navigation[2m > [22m[2mshould preserve filer state when navigating back to Auth and returning to Filer
[22m[39m[Wizard] Authenticating...

[90mstdout[2m | components/IRIS1099Wizard.test.tsx[2m > [22m[2mIRIS1099Wizard - Authentication Step[2m > [22m[2mWizard Step Navigation[2m > [22m[2mshould preserve filer state when navigating back to Auth and returning to Filer
[22m[39m[Wizard] Health check: { status: [32m'healthy'[39m, service: [32m'IRS IRIS API Proxy'[39m, version: [32m'1.0.0'[39m }

[90mstdout[2m | components/IRIS1099Wizard.test.tsx[2m > [22m[2mIRIS1099Wizard - Authentication Step[2m > [22m[2mWizard Step Navigation[2m > [22m[2mshould preserve filer state when navigating back to Auth and returning to Filer
[22m[39m[Wizard] Verifying credentials...

[90mstdout[2m | components/IRIS1099Wizard.test.tsx[2m > [22m[2mIRIS1099Wizard - Authentication Step[2m > [22m[2mWizard Step Navigation[2m > [22m[2mshould preserve filer state when navigating back to Auth and returning to Filer
[22m[39m[Wizard] 2FA required: [33mfalse[39m
[Wizard] Proceeding to Filer step

[90mstdout[2m | components/IRIS1099Wizard.test.tsx[2m > [22m[2mIRIS1099Wizard - Authentication Step[2m > [22m[2mFiler Form Validation[2m > [22m[2mshould format EIN as user types (XX-XXXXXXX)
[22m[39m[Wizard] Authenticating...

[90mstdout[2m | components/IRIS1099Wizard.test.tsx[2m > [22m[2mIRIS1099Wizard - Authentication Step[2m > [22m[2mFiler Form Validation[2m > [22m[2mshould format EIN as user types (XX-XXXXXXX)
[22m[39m[Wizard] Health check: { status: [32m'healthy'[39m, service: [32m'IRS IRIS API Proxy'[39m, version: [32m'1.0.0'[39m }

[90mstdout[2m | components/IRIS1099Wizard.test.tsx[2m > [22m[2mIRIS1099Wizard - Authentication Step[2m > [22m[2mFiler Form Validation[2m > [22m[2mshould format EIN as user types (XX-XXXXXXX)
[22m[39m[Wizard] Verifying credentials...

[90mstdout[2m | components/IRIS1099Wizard.test.tsx[2m > [22m[2mIRIS1099Wizard - Authentication Step[2m > [22m[2mFiler Form Validation[2m > [22m[2mshould format EIN as user types (XX-XXXXXXX)
[22m[39m[Wizard] 2FA required: [33mfalse[39m
[Wizard] Proceeding to Filer step

[90mstdout[2m | components/IRIS1099Wizard.test.tsx[2m > [22m[2mIRIS1099Wizard - Authentication Step[2m > [22m[2mFiler Form Validation[2m > [22m[2mshould reject EIN with fewer than 9 digits
[22m[39m[Wizard] Authenticating...

[90mstdout[2m | components/IRIS1099Wizard.test.tsx[2m > [22m[2mIRIS1099Wizard - Authentication Step[2m > [22m[2mFiler Form Validation[2m > [22m[2mshould reject EIN with fewer than 9 digits
[22m[39m[Wizard] Health check: { status: [32m'healthy'[39m, service: [32m'IRS IRIS API Proxy'[39m, version: [32m'1.0.0'[39m }

[90mstdout[2m | components/IRIS1099Wizard.test.tsx[2m > [22m[2mIRIS1099Wizard - Authentication Step[2m > [22m[2mFiler Form Validation[2m > [22m[2mshould reject EIN with fewer than 9 digits
[22m[39m[Wizard] Verifying credentials...

[90mstdout[2m | components/IRIS1099Wizard.test.tsx[2m > [22m[2mIRIS1099Wizard - Authentication Step[2m > [22m[2mFiler Form Validation[2m > [22m[2mshould reject EIN with fewer than 9 digits
[22m[39m[Wizard] 2FA required: [33mfalse[39m
[Wizard] Proceeding to Filer step

[90mstdout[2m | components/IRIS1099Wizard.test.tsx[2m > [22m[2mIRIS1099Wizard - Authentication Step[2m > [22m[2mFiler Form Validation[2m > [22m[2mshould require state abbreviation (2 characters)
[22m[39m[Wizard] Authenticating...

[90mstdout[2m | components/IRIS1099Wizard.test.tsx[2m > [22m[2mIRIS1099Wizard - Authentication Step[2m > [22m[2mFiler Form Validation[2m > [22m[2mshould require state abbreviation (2 characters)
[22m[39m[Wizard] Health check: { status: [32m'healthy'[39m, service: [32m'IRS IRIS API Proxy'[39m, version: [32m'1.0.0'[39m }

[90mstdout[2m | components/IRIS1099Wizard.test.tsx[2m > [22m[2mIRIS1099Wizard - Authentication Step[2m > [22m[2mFiler Form Validation[2m > [22m[2mshould require state abbreviation (2 characters)
[22m[39m[Wizard] Verifying credentials...

[90mstdout[2m | components/IRIS1099Wizard.test.tsx[2m > [22m[2mIRIS1099Wizard - Authentication Step[2m > [22m[2mFiler Form Validation[2m > [22m[2mshould require state abbreviation (2 characters)
[22m[39m[Wizard] 2FA required: [33mfalse[39m
[Wizard] Proceeding to Filer step

[90mstdout[2m | components/IRIS1099Wizard.test.tsx[2m > [22m[2mIRIS1099Wizard - Authentication Step[2m > [22m[2mFiler Form Validation[2m > [22m[2mshould uppercase state abbreviation automatically
[22m[39m[Wizard] Authenticating...

[90mstdout[2m | components/IRIS1099Wizard.test.tsx[2m > [22m[2mIRIS1099Wizard - Authentication Step[2m > [22m[2mFiler Form Validation[2m > [22m[2mshould uppercase state abbreviation automatically
[22m[39m[Wizard] Health check: { status: [32m'healthy'[39m, service: [32m'IRS IRIS API Proxy'[39m, version: [32m'1.0.0'[39m }

[90mstdout[2m | components/IRIS1099Wizard.test.tsx[2m > [22m[2mIRIS1099Wizard - Authentication Step[2m > [22m[2mFiler Form Validation[2m > [22m[2mshould uppercase state abbreviation automatically
[22m[39m[Wizard] Verifying credentials...

[90mstdout[2m | components/IRIS1099Wizard.test.tsx[2m > [22m[2mIRIS1099Wizard - Authentication Step[2m > [22m[2mFiler Form Validation[2m > [22m[2mshould uppercase state abbreviation automatically
[22m[39m[Wizard] 2FA required: [33mfalse[39m
[Wizard] Proceeding to Filer step

[90mstdout[2m | components/IRIS1099Wizard.test.tsx[2m > [22m[2mIRIS1099Wizard - Authentication Step[2m > [22m[2mFiler Form Validation[2m > [22m[2mshould validate ZIP code format
[22m[39m[Wizard] Authenticating...

[90mstdout[2m | components/IRIS1099Wizard.test.tsx[2m > [22m[2mIRIS1099Wizard - Authentication Step[2m > [22m[2mFiler Form Validation[2m > [22m[2mshould validate ZIP code format
[22m[39m[Wizard] Health check: { status: [32m'healthy'[39m, service: [32m'IRS IRIS API Proxy'[39m, version: [32m'1.0.0'[39m }

[90mstdout[2m | components/IRIS1099Wizard.test.tsx[2m > [22m[2mIRIS1099Wizard - Authentication Step[2m > [22m[2mFiler Form Validation[2m > [22m[2mshould validate ZIP code format
[22m[39m[Wizard] Verifying credentials...

[90mstdout[2m | components/IRIS1099Wizard.test.tsx[2m > [22m[2mIRIS1099Wizard - Authentication Step[2m > [22m[2mFiler Form Validation[2m > [22m[2mshould validate ZIP code format
[22m[39m[Wizard] 2FA required: [33mfalse[39m
[Wizard] Proceeding to Filer step

[90mstdout[2m | components/IRIS1099Wizard.test.tsx[2m > [22m[2mIRIS1099Wizard - Authentication Step[2m > [22m[2mFiler Form Validation[2m > [22m[2mshould accept ZIP+4 format
[22m[39m[Wizard] Authenticating...

[90mstdout[2m | components/IRIS1099Wizard.test.tsx[2m > [22m[2mIRIS1099Wizard - Authentication Step[2m > [22m[2mFiler Form Validation[2m > [22m[2mshould accept ZIP+4 format
[22m[39m[Wizard] Health check: { status: [32m'healthy'[39m, service: [32m'IRS IRIS API Proxy'[39m, version: [32m'1.0.0'[39m }

[90mstdout[2m | components/IRIS1099Wizard.test.tsx[2m > [22m[2mIRIS1099Wizard - Authentication Step[2m > [22m[2mFiler Form Validation[2m > [22m[2mshould accept ZIP+4 format
[22m[39m[Wizard] Verifying credentials...

[90mstdout[2m | components/IRIS1099Wizard.test.tsx[2m > [22m[2mIRIS1099Wizard - Authentication Step[2m > [22m[2mFiler Form Validation[2m > [22m[2mshould accept ZIP+4 format
[22m[39m[Wizard] 2FA required: [33mfalse[39m
[Wizard] Proceeding to Filer step

[90mstdout[2m | components/IRIS1099Wizard.test.tsx[2m > [22m[2mIRIS1099Wizard - Authentication Step[2m > [22m[2mFiler Form Validation[2m > [22m[2mshould uppercase country code automatically
[22m[39m[Wizard] Authenticating...

[90mstdout[2m | components/IRIS1099Wizard.test.tsx[2m > [22m[2mIRIS1099Wizard - Authentication Step[2m > [22m[2mFiler Form Validation[2m > [22m[2mshould uppercase country code automatically
[22m[39m[Wizard] Health check: { status: [32m'healthy'[39m, service: [32m'IRS IRIS API Proxy'[39m, version: [32m'1.0.0'[39m }

[90mstdout[2m | components/IRIS1099Wizard.test.tsx[2m > [22m[2mIRIS1099Wizard - Authentication Step[2m > [22m[2mFiler Form Validation[2m > [22m[2mshould uppercase country code automatically
[22m[39m[Wizard] Verifying credentials...

[90mstdout[2m | components/IRIS1099Wizard.test.tsx[2m > [22m[2mIRIS1099Wizard - Authentication Step[2m > [22m[2mFiler Form Validation[2m > [22m[2mshould uppercase country code automatically
[22m[39m[Wizard] 2FA required: [33mfalse[39m
[Wizard] Proceeding to Filer step

[90mstdout[2m | components/IRIS1099Wizard.test.tsx[2m > [22m[2mIRIS1099Wizard - Authentication Step[2m > [22m[2mPayee Management[2m > [22m[2mshould add payee to list when Add Payee to Batch is clicked
[22m[39m[Wizard] Authenticating...

[90mstdout[2m | components/IRIS1099Wizard.test.tsx[2m > [22m[2mIRIS1099Wizard - Authentication Step[2m > [22m[2mPayee Management[2m > [22m[2mshould add payee to list when Add Payee to Batch is clicked
[22m[39m[Wizard] Health check: { status: [32m'healthy'[39m, service: [32m'IRS IRIS API Proxy'[39m, version: [32m'1.0.0'[39m }

[90mstdout[2m | components/IRIS1099Wizard.test.tsx[2m > [22m[2mIRIS1099Wizard - Authentication Step[2m > [22m[2mPayee Management[2m > [22m[2mshould add payee to list when Add Payee to Batch is clicked
[22m[39m[Wizard] Verifying credentials...

[90mstdout[2m | components/IRIS1099Wizard.test.tsx[2m > [22m[2mIRIS1099Wizard - Authentication Step[2m > [22m[2mPayee Management[2m > [22m[2mshould add payee to list when Add Payee to Batch is clicked
[22m[39m[Wizard] 2FA required: [33mfalse[39m
[Wizard] Proceeding to Filer step

[90mstdout[2m | components/IRIS1099Wizard.test.tsx[2m > [22m[2mIRIS1099Wizard - Authentication Step[2m > [22m[2mPayee Management[2m > [22m[2mshould allow adding multiple payees
[22m[39m[Wizard] Authenticating...

[90mstdout[2m | components/IRIS1099Wizard.test.tsx[2m > [22m[2mIRIS1099Wizard - Authentication Step[2m > [22m[2mPayee Management[2m > [22m[2mshould allow adding multiple payees
[22m[39m[Wizard] Health check: { status: [32m'healthy'[39m, service: [32m'IRS IRIS API Proxy'[39m, version: [32m'1.0.0'[39m }

[90mstdout[2m | components/IRIS1099Wizard.test.tsx[2m > [22m[2mIRIS1099Wizard - Authentication Step[2m > [22m[2mPayee Management[2m > [22m[2mshould allow adding multiple payees
[22m[39m[Wizard] Verifying credentials...

[90mstdout[2m | components/IRIS1099Wizard.test.tsx[2m > [22m[2mIRIS1099Wizard - Authentication Step[2m > [22m[2mPayee Management[2m > [22m[2mshould allow adding multiple payees
[22m[39m[Wizard] 2FA required: [33mfalse[39m
[Wizard] Proceeding to Filer step

[90mstdout[2m | components/IRIS1099Wizard.test.tsx[2m > [22m[2mIRIS1099Wizard - Authentication Step[2m > [22m[2mPayee Management[2m > [22m[2mshould require TIN to add payee
[22m[39m[Wizard] Authenticating...

[90mstdout[2m | components/IRIS1099Wizard.test.tsx[2m > [22m[2mIRIS1099Wizard - Authentication Step[2m > [22m[2mPayee Management[2m > [22m[2mshould require TIN to add payee
[22m[39m[Wizard] Health check: { status: [32m'healthy'[39m, service: [32m'IRS IRIS API Proxy'[39m, version: [32m'1.0.0'[39m }

[90mstdout[2m | components/IRIS1099Wizard.test.tsx[2m > [22m[2mIRIS1099Wizard - Authentication Step[2m > [22m[2mPayee Management[2m > [22m[2mshould require TIN to add payee
[22m[39m[Wizard] Verifying credentials...

[90mstdout[2m | components/IRIS1099Wizard.test.tsx[2m > [22m[2mIRIS1099Wizard - Authentication Step[2m > [22m[2mPayee Management[2m > [22m[2mshould require TIN to add payee
[22m[39m[Wizard] 2FA required: [33mfalse[39m
[Wizard] Proceeding to Filer step

[90mstdout[2m | components/IRIS1099Wizard.test.tsx[2m > [22m[2mIRIS1099Wizard - Authentication Step[2m > [22m[2mPayee Management[2m > [22m[2mshould require name to add payee
[22m[39m[Wizard] Authenticating...

[90mstdout[2m | components/IRIS1099Wizard.test.tsx[2m > [22m[2mIRIS1099Wizard - Authentication Step[2m > [22m[2mPayee Management[2m > [22m[2mshould require name to add payee
[22m[39m[Wizard] Health check: { status: [32m'healthy'[39m, service: [32m'IRS IRIS API Proxy'[39m, version: [32m'1.0.0'[39m }

[90mstdout[2m | components/IRIS1099Wizard.test.tsx[2m > [22m[2mIRIS1099Wizard - Authentication Step[2m > [22m[2mPayee Management[2m > [22m[2mshould require name to add payee
[22m[39m[Wizard] Verifying credentials...

[90mstdout[2m | components/IRIS1099Wizard.test.tsx[2m > [22m[2mIRIS1099Wizard - Authentication Step[2m > [22m[2mPayee Management[2m > [22m[2mshould require name to add payee
[22m[39m[Wizard] 2FA required: [33mfalse[39m
[Wizard] Proceeding to Filer step

[90mstdout[2m | components/IRIS1099Wizard.test.tsx[2m > [22m[2mIRIS1099Wizard - Authentication Step[2m > [22m[2mPayee Management[2m > [22m[2mshould clear form after adding payee
[22m[39m[Wizard] Authenticating...

[90mstdout[2m | components/IRIS1099Wizard.test.tsx[2m > [22m[2mIRIS1099Wizard - Authentication Step[2m > [22m[2mPayee Management[2m > [22m[2mshould clear form after adding payee
[22m[39m[Wizard] Health check: { status: [32m'healthy'[39m, service: [32m'IRS IRIS API Proxy'[39m, version: [32m'1.0.0'[39m }

[90mstdout[2m | components/IRIS1099Wizard.test.tsx[2m > [22m[2mIRIS1099Wizard - Authentication Step[2m > [22m[2mPayee Management[2m > [22m[2mshould clear form after adding payee
[22m[39m[Wizard] Verifying credentials...

[90mstdout[2m | components/IRIS1099Wizard.test.tsx[2m > [22m[2mIRIS1099Wizard - Authentication Step[2m > [22m[2mPayee Management[2m > [22m[2mshould clear form after adding payee
[22m[39m[Wizard] 2FA required: [33mfalse[39m
[Wizard] Proceeding to Filer step

[90mstdout[2m | components/IRIS1099Wizard.test.tsx[2m > [22m[2mIRIS1099Wizard - Authentication Step[2m > [22m[2mPayee Management[2m > [22m[2mshould show payee count in header
[22m[39m[Wizard] Authenticating...

[90mstdout[2m | components/IRIS1099Wizard.test.tsx[2m > [22m[2mIRIS1099Wizard - Authentication Step[2m > [22m[2mPayee Management[2m > [22m[2mshould show payee count in header
[22m[39m[Wizard] Health check: { status: [32m'healthy'[39m, service: [32m'IRS IRIS API Proxy'[39m, version: [32m'1.0.0'[39m }

[90mstdout[2m | components/IRIS1099Wizard.test.tsx[2m > [22m[2mIRIS1099Wizard - Authentication Step[2m > [22m[2mPayee Management[2m > [22m[2mshould show payee count in header
[22m[39m[Wizard] Verifying credentials...

[90mstdout[2m | components/IRIS1099Wizard.test.tsx[2m > [22m[2mIRIS1099Wizard - Authentication Step[2m > [22m[2mPayee Management[2m > [22m[2mshould show payee count in header
[22m[39m[Wizard] 2FA required: [33mfalse[39m
[Wizard] Proceeding to Filer step

[90mstdout[2m | components/IRIS1099Wizard.test.tsx[2m > [22m[2mIRIS1099Wizard - Authentication Step[2m > [22m[2mPayee Management[2m > [22m[2mshould show remove button for each payee
[22m[39m[Wizard] Authenticating...

[90mstdout[2m | components/IRIS1099Wizard.test.tsx[2m > [22m[2mIRIS1099Wizard - Authentication Step[2m > [22m[2mPayee Management[2m > [22m[2mshould show remove button for each payee
[22m[39m[Wizard] Health check: { status: [32m'healthy'[39m, service: [32m'IRS IRIS API Proxy'[39m, version: [32m'1.0.0'[39m }

[90mstdout[2m | components/IRIS1099Wizard.test.tsx[2m > [22m[2mIRIS1099Wizard - Authentication Step[2m > [22m[2mPayee Management[2m > [22m[2mshould show remove button for each payee
[22m[39m[Wizard] Verifying credentials...

[90mstdout[2m | components/IRIS1099Wizard.test.tsx[2m > [22m[2mIRIS1099Wizard - Authentication Step[2m > [22m[2mPayee Management[2m > [22m[2mshould show remove button for each payee
[22m[39m[Wizard] 2FA required: [33mfalse[39m
[Wizard] Proceeding to Filer step

[90mstdout[2m | components/IRIS1099Wizard.test.tsx[2m > [22m[2mIRIS1099Wizard - Authentication Step[2m > [22m[2mPayee Management[2m > [22m[2mshould remove payee when delete button is clicked
[22m[39m[Wizard] Authenticating...

[90mstdout[2m | components/IRIS1099Wizard.test.tsx[2m > [22m[2mIRIS1099Wizard - Authentication Step[2m > [22m[2mPayee Management[2m > [22m[2mshould remove payee when delete button is clicked
[22m[39m[Wizard] Health check: { status: [32m'healthy'[39m, service: [32m'IRS IRIS API Proxy'[39m, version: [32m'1.0.0'[39m }

[90mstdout[2m | components/IRIS1099Wizard.test.tsx[2m > [22m[2mIRIS1099Wizard - Authentication Step[2m > [22m[2mPayee Management[2m > [22m[2mshould remove payee when delete button is clicked
[22m[39m[Wizard] Verifying credentials...

[90mstdout[2m | components/IRIS1099Wizard.test.tsx[2m > [22m[2mIRIS1099Wizard - Authentication Step[2m > [22m[2mPayee Management[2m > [22m[2mshould remove payee when delete button is clicked
[22m[39m[Wizard] 2FA required: [33mfalse[39m
[Wizard] Proceeding to Filer step

[90mstdout[2m | components/IRIS1099Wizard.test.tsx[2m > [22m[2mIRIS1099Wizard - Authentication Step[2m > [22m[2mPayee Management[2m > [22m[2mshould update payee count after removal
[22m[39m[Wizard] Authenticating...

[90mstdout[2m | components/IRIS1099Wizard.test.tsx[2m > [22m[2mIRIS1099Wizard - Authentication Step[2m > [22m[2mPayee Management[2m > [22m[2mshould update payee count after removal
[22m[39m[Wizard] Health check: { status: [32m'healthy'[39m, service: [32m'IRS IRIS API Proxy'[39m, version: [32m'1.0.0'[39m }

[90mstdout[2m | components/IRIS1099Wizard.test.tsx[2m > [22m[2mIRIS1099Wizard - Authentication Step[2m > [22m[2mPayee Management[2m > [22m[2mshould update payee count after removal
[22m[39m[Wizard] Verifying credentials...

[90mstdout[2m | components/IRIS1099Wizard.test.tsx[2m > [22m[2mIRIS1099Wizard - Authentication Step[2m > [22m[2mPayee Management[2m > [22m[2mshould update payee count after removal
[22m[39m[Wizard] 2FA required: [33mfalse[39m
[Wizard] Proceeding to Filer step

[90mstdout[2m | components/IRIS1099Wizard.test.tsx[2m > [22m[2mIRIS1099Wizard - Authentication Step[2m > [22m[2mPayee Management[2m > [22m[2mshould disable Continue button after removing all payees
[22m[39m[Wizard] Authenticating...

[90mstdout[2m | components/IRIS1099Wizard.test.tsx[2m > [22m[2mIRIS1099Wizard - Authentication Step[2m > [22m[2mPayee Management[2m > [22m[2mshould disable Continue button after removing all payees
[22m[39m[Wizard] Health check: { status: [32m'healthy'[39m, service: [32m'IRS IRIS API Proxy'[39m, version: [32m'1.0.0'[39m }

[90mstdout[2m | components/IRIS1099Wizard.test.tsx[2m > [22m[2mIRIS1099Wizard - Authentication Step[2m > [22m[2mPayee Management[2m > [22m[2mshould disable Continue button after removing all payees
[22m[39m[Wizard] Verifying credentials...

[90mstdout[2m | components/IRIS1099Wizard.test.tsx[2m > [22m[2mIRIS1099Wizard - Authentication Step[2m > [22m[2mPayee Management[2m > [22m[2mshould disable Continue button after removing all payees
[22m[39m[Wizard] 2FA required: [33mfalse[39m
[Wizard] Proceeding to Filer step

[90mstdout[2m | components/IRIS1099Wizard.test.tsx[2m > [22m[2mIRIS1099Wizard - Authentication Step[2m > [22m[2mPayee TIN Validation[2m > [22m[2mshould accept valid EIN format (XX-XXXXXXX)
[22m[39m[Wizard] Authenticating...

[90mstdout[2m | components/IRIS1099Wizard.test.tsx[2m > [22m[2mIRIS1099Wizard - Authentication Step[2m > [22m[2mPayee TIN Validation[2m > [22m[2mshould accept valid EIN format (XX-XXXXXXX)
[22m[39m[Wizard] Health check: { status: [32m'healthy'[39m, service: [32m'IRS IRIS API Proxy'[39m, version: [32m'1.0.0'[39m }

[90mstdout[2m | components/IRIS1099Wizard.test.tsx[2m > [22m[2mIRIS1099Wizard - Authentication Step[2m > [22m[2mPayee TIN Validation[2m > [22m[2mshould accept valid EIN format (XX-XXXXXXX)
[22m[39m[Wizard] Verifying credentials...

[90mstdout[2m | components/IRIS1099Wizard.test.tsx[2m > [22m[2mIRIS1099Wizard - Authentication Step[2m > [22m[2mPayee TIN Validation[2m > [22m[2mshould accept valid EIN format (XX-XXXXXXX)
[22m[39m[Wizard] 2FA required: [33mfalse[39m
[Wizard] Proceeding to Filer step

[90mstdout[2m | components/IRIS1099Wizard.test.tsx[2m > [22m[2mIRIS1099Wizard - Authentication Step[2m > [22m[2mPayee TIN Validation[2m > [22m[2mshould accept valid SSN format (XXX-XX-XXXX)
[22m[39m[Wizard] Authenticating...

[90mstdout[2m | components/IRIS1099Wizard.test.tsx[2m > [22m[2mIRIS1099Wizard - Authentication Step[2m > [22m[2mPayee TIN Validation[2m > [22m[2mshould accept valid SSN format (XXX-XX-XXXX)
[22m[39m[Wizard] Health check: { status: [32m'healthy'[39m, service: [32m'IRS IRIS API Proxy'[39m, version: [32m'1.0.0'[39m }

[90mstdout[2m | components/IRIS1099Wizard.test.tsx[2m > [22m[2mIRIS1099Wizard - Authentication Step[2m > [22m[2mPayee TIN Validation[2m > [22m[2mshould accept valid SSN format (XXX-XX-XXXX)
[22m[39m[Wizard] Verifying credentials...

[90mstdout[2m | components/IRIS1099Wizard.test.tsx[2m > [22m[2mIRIS1099Wizard - Authentication Step[2m > [22m[2mPayee TIN Validation[2m > [22m[2mshould accept valid SSN format (XXX-XX-XXXX)
[22m[39m[Wizard] 2FA required: [33mfalse[39m
[Wizard] Proceeding to Filer step

[90mstdout[2m | components/IRIS1099Wizard.test.tsx[2m > [22m[2mIRIS1099Wizard - Authentication Step[2m > [22m[2mPayee TIN Validation[2m > [22m[2mshould show error for invalid TIN format
[22m[39m[Wizard] Authenticating...

[90mstdout[2m | components/IRIS1099Wizard.test.tsx[2m > [22m[2mIRIS1099Wizard - Authentication Step[2m > [22m[2mPayee TIN Validation[2m > [22m[2mshould show error for invalid TIN format
[22m[39m[Wizard] Health check: { status: [32m'healthy'[39m, service: [32m'IRS IRIS API Proxy'[39m, version: [32m'1.0.0'[39m }

[90mstdout[2m | components/IRIS1099Wizard.test.tsx[2m > [22m[2mIRIS1099Wizard - Authentication Step[2m > [22m[2mPayee TIN Validation[2m > [22m[2mshould show error for invalid TIN format
[22m[39m[Wizard] Verifying credentials...

[90mstdout[2m | components/IRIS1099Wizard.test.tsx[2m > [22m[2mIRIS1099Wizard - Authentication Step[2m > [22m[2mPayee TIN Validation[2m > [22m[2mshould show error for invalid TIN format
[22m[39m[Wizard] 2FA required: [33mfalse[39m
[Wizard] Proceeding to Filer step

[90mstdout[2m | components/IRIS1099Wizard.test.tsx[2m > [22m[2mIRIS1099Wizard - Authentication Step[2m > [22m[2mPayee TIN Validation[2m > [22m[2mshould disable Add button for invalid TIN format
[22m[39m[Wizard] Authenticating...

[90mstdout[2m | components/IRIS1099Wizard.test.tsx[2m > [22m[2mIRIS1099Wizard - Authentication Step[2m > [22m[2mPayee TIN Validation[2m > [22m[2mshould disable Add button for invalid TIN format
[22m[39m[Wizard] Health check: { status: [32m'healthy'[39m, service: [32m'IRS IRIS API Proxy'[39m, version: [32m'1.0.0'[39m }

[90mstdout[2m | components/IRIS1099Wizard.test.tsx[2m > [22m[2mIRIS1099Wizard - Authentication Step[2m > [22m[2mPayee TIN Validation[2m > [22m[2mshould disable Add button for invalid TIN format
[22m[39m[Wizard] Verifying credentials...

[90mstdout[2m | components/IRIS1099Wizard.test.tsx[2m > [22m[2mIRIS1099Wizard - Authentication Step[2m > [22m[2mPayee TIN Validation[2m > [22m[2mshould disable Add button for invalid TIN format
[22m[39m[Wizard] 2FA required: [33mfalse[39m
[Wizard] Proceeding to Filer step

[90mstdout[2m | components/IRIS1099Wizard.test.tsx[2m > [22m[2mIRIS1099Wizard - Authentication Step[2m > [22m[2mPayee TIN Validation[2m > [22m[2mshould warn about duplicate TIN
[22m[39m[Wizard] Authenticating...

[90mstdout[2m | components/IRIS1099Wizard.test.tsx[2m > [22m[2mIRIS1099Wizard - Authentication Step[2m > [22m[2mPayee TIN Validation[2m > [22m[2mshould warn about duplicate TIN
[22m[39m[Wizard] Health check: { status: [32m'healthy'[39m, service: [32m'IRS IRIS API Proxy'[39m, version: [32m'1.0.0'[39m }

[90mstdout[2m | components/IRIS1099Wizard.test.tsx[2m > [22m[2mIRIS1099Wizard - Authentication Step[2m > [22m[2mPayee TIN Validation[2m > [22m[2mshould warn about duplicate TIN
[22m[39m[Wizard] Verifying credentials...

[90mstdout[2m | components/IRIS1099Wizard.test.tsx[2m > [22m[2mIRIS1099Wizard - Authentication Step[2m > [22m[2mPayee TIN Validation[2m > [22m[2mshould warn about duplicate TIN
[22m[39m[Wizard] 2FA required: [33mfalse[39m
[Wizard] Proceeding to Filer step

[90mstdout[2m | components/IRIS1099Wizard.test.tsx[2m > [22m[2mIRIS1099Wizard - Authentication Step[2m > [22m[2mSubmission Flow[2m > [22m[2mshould call transmissionCheck for pre-validation on submit
[22m[39m[Wizard] Authenticating...

[90mstdout[2m | components/IRIS1099Wizard.test.tsx[2m > [22m[2mIRIS1099Wizard - Authentication Step[2m > [22m[2mSubmission Flow[2m > [22m[2mshould call transmissionCheck for pre-validation on submit
[22m[39m[Wizard] Health check: { status: [32m'healthy'[39m, service: [32m'IRS IRIS API Proxy'[39m, version: [32m'1.0.0'[39m }

[90mstdout[2m | components/IRIS1099Wizard.test.tsx[2m > [22m[2mIRIS1099Wizard - Authentication Step[2m > [22m[2mSubmission Flow[2m > [22m[2mshould call transmissionCheck for pre-validation on submit
[22m[39m[Wizard] Verifying credentials...

[90mstdout[2m | components/IRIS1099Wizard.test.tsx[2m > [22m[2mIRIS1099Wizard - Authentication Step[2m > [22m[2mSubmission Flow[2m > [22m[2mshould call transmissionCheck for pre-validation on submit
[22m[39m[Wizard] 2FA required: [33mfalse[39m
[Wizard] Proceeding to Filer step

[90mstdout[2m | components/IRIS1099Wizard.test.tsx[2m > [22m[2mIRIS1099Wizard - Authentication Step[2m > [22m[2mSubmission Flow[2m > [22m[2mshould show validating status when pre-validation starts
[22m[39m[Wizard] Authenticating...

[90mstdout[2m | components/IRIS1099Wizard.test.tsx[2m > [22m[2mIRIS1099Wizard - Authentication Step[2m > [22m[2mSubmission Flow[2m > [22m[2mshould show validating status when pre-validation starts
[22m[39m[Wizard] Health check: { status: [32m'healthy'[39m, service: [32m'IRS IRIS API Proxy'[39m, version: [32m'1.0.0'[39m }

[90mstdout[2m | components/IRIS1099Wizard.test.tsx[2m > [22m[2mIRIS1099Wizard - Authentication Step[2m > [22m[2mSubmission Flow[2m > [22m[2mshould show validating status when pre-validation starts
[22m[39m[Wizard] Verifying credentials...

[90mstdout[2m | components/IRIS1099Wizard.test.tsx[2m > [22m[2mIRIS1099Wizard - Authentication Step[2m > [22m[2mSubmission Flow[2m > [22m[2mshould show validating status when pre-validation starts
[22m[39m[Wizard] 2FA required: [33mfalse[39m
[Wizard] Proceeding to Filer step

[90mstdout[2m | components/IRIS1099Wizard.test.tsx[2m > [22m[2mIRIS1099Wizard - Authentication Step[2m > [22m[2mSubmission Flow[2m > [22m[2mshould display validation errors when pre-validation fails
[22m[39m[Wizard] Authenticating...

[90mstdout[2m | components/IRIS1099Wizard.test.tsx[2m > [22m[2mIRIS1099Wizard - Authentication Step[2m > [22m[2mSubmission Flow[2m > [22m[2mshould display validation errors when pre-validation fails
[22m[39m[Wizard] Health check: { status: [32m'healthy'[39m, service: [32m'IRS IRIS API Proxy'[39m, version: [32m'1.0.0'[39m }

[90mstdout[2m | components/IRIS1099Wizard.test.tsx[2m > [22m[2mIRIS1099Wizard - Authentication Step[2m > [22m[2mSubmission Flow[2m > [22m[2mshould display validation errors when pre-validation fails
[22m[39m[Wizard] Verifying credentials...

[90mstdout[2m | components/IRIS1099Wizard.test.tsx[2m > [22m[2mIRIS1099Wizard - Authentication Step[2m > [22m[2mSubmission Flow[2m > [22m[2mshould display validation errors when pre-validation fails
[22m[39m[Wizard] 2FA required: [33mfalse[39m
[Wizard] Proceeding to Filer step

[90mstdout[2m | components/IRIS1099Wizard.test.tsx[2m > [22m[2mIRIS1099Wizard - Authentication Step[2m > [22m[2mSubmission Flow[2m > [22m[2mshould not call submitBatch when validation fails
[22m[39m[Wizard] Authenticating...

[90mstdout[2m | components/IRIS1099Wizard.test.tsx[2m > [22m[2mIRIS1099Wizard - Authentication Step[2m > [22m[2mSubmission Flow[2m > [22m[2mshould not call submitBatch when validation fails
[22m[39m[Wizard] Health check: { status: [32m'healthy'[39m, service: [32m'IRS IRIS API Proxy'[39m, version: [32m'1.0.0'[39m }

[90mstdout[2m | components/IRIS1099Wizard.test.tsx[2m > [22m[2mIRIS1099Wizard - Authentication Step[2m > [22m[2mSubmission Flow[2m > [22m[2mshould not call submitBatch when validation fails
[22m[39m[Wizard] Verifying credentials...

[90mstdout[2m | components/IRIS1099Wizard.test.tsx[2m > [22m[2mIRIS1099Wizard - Authentication Step[2m > [22m[2mSubmission Flow[2m > [22m[2mshould not call submitBatch when validation fails
[22m[39m[Wizard] 2FA required: [33mfalse[39m
[Wizard] Proceeding to Filer step

[90mstdout[2m | components/IRIS1099Wizard.test.tsx[2m > [22m[2mIRIS1099Wizard - Authentication Step[2m > [22m[2mSubmission Flow[2m > [22m[2mshould call submitBatch when validation passes
[22m[39m[Wizard] Authenticating...

[90mstdout[2m | components/IRIS1099Wizard.test.tsx[2m > [22m[2mIRIS1099Wizard - Authentication Step[2m > [22m[2mSubmission Flow[2m > [22m[2mshould call submitBatch when validation passes
[22m[39m[Wizard] Health check: { status: [32m'healthy'[39m, service: [32m'IRS IRIS API Proxy'[39m, version: [32m'1.0.0'[39m }

[90mstdout[2m | components/IRIS1099Wizard.test.tsx[2m > [22m[2mIRIS1099Wizard - Authentication Step[2m > [22m[2mSubmission Flow[2m > [22m[2mshould call submitBatch when validation passes
[22m[39m[Wizard] Verifying credentials...

[90mstdout[2m | components/IRIS1099Wizard.test.tsx[2m > [22m[2mIRIS1099Wizard - Authentication Step[2m > [22m[2mSubmission Flow[2m > [22m[2mshould call submitBatch when validation passes
[22m[39m[Wizard] 2FA required: [33mfalse[39m
[Wizard] Proceeding to Filer step

[90mstdout[2m | components/IRIS1099Wizard.test.tsx[2m > [22m[2mIRIS1099Wizard - Authentication Step[2m > [22m[2mSubmission Flow[2m > [22m[2mshould show transmitting status during submission
[22m[39m[Wizard] Authenticating...

[90mstdout[2m | components/IRIS1099Wizard.test.tsx[2m > [22m[2mIRIS1099Wizard - Authentication Step[2m > [22m[2mSubmission Flow[2m > [22m[2mshould show transmitting status during submission
[22m[39m[Wizard] Health check: { status: [32m'healthy'[39m, service: [32m'IRS IRIS API Proxy'[39m, version: [32m'1.0.0'[39m }

[90mstdout[2m | components/IRIS1099Wizard.test.tsx[2m > [22m[2mIRIS1099Wizard - Authentication Step[2m > [22m[2mSubmission Flow[2m > [22m[2mshould show transmitting status during submission
[22m[39m[Wizard] Verifying credentials...

[90mstdout[2m | components/IRIS1099Wizard.test.tsx[2m > [22m[2mIRIS1099Wizard - Authentication Step[2m > [22m[2mSubmission Flow[2m > [22m[2mshould show transmitting status during submission
[22m[39m[Wizard] 2FA required: [33mfalse[39m
[Wizard] Proceeding to Filer step

[90mstdout[2m | components/IRIS1099Wizard.test.tsx[2m > [22m[2mIRIS1099Wizard - Authentication Step[2m > [22m[2mSubmission Flow[2m > [22m[2mshould display receipt ID after successful submission
[22m[39m[Wizard] Authenticating...

[90mstdout[2m | components/IRIS1099Wizard.test.tsx[2m > [22m[2mIRIS1099Wizard - Authentication Step[2m > [22m[2mSubmission Flow[2m > [22m[2mshould display receipt ID after successful submission
[22m[39m[Wizard] Health check: { status: [32m'healthy'[39m, service: [32m'IRS IRIS API Proxy'[39m, version: [32m'1.0.0'[39m }

[90mstdout[2m | components/IRIS1099Wizard.test.tsx[2m > [22m[2mIRIS1099Wizard - Authentication Step[2m > [22m[2mSubmission Flow[2m > [22m[2mshould display receipt ID after successful submission
[22m[39m[Wizard] Verifying credentials...

[90mstdout[2m | components/IRIS1099Wizard.test.tsx[2m > [22m[2mIRIS1099Wizard - Authentication Step[2m > [22m[2mSubmission Flow[2m > [22m[2mshould display receipt ID after successful submission
[22m[39m[Wizard] 2FA required: [33mfalse[39m
[Wizard] Proceeding to Filer step

[90mstdout[2m | components/IRIS1099Wizard.test.tsx[2m > [22m[2mIRIS1099Wizard - Authentication Step[2m > [22m[2mSubmission Flow[2m > [22m[2mshould handle submission API error
[22m[39m[Wizard] Authenticating...

[90mstdout[2m | components/IRIS1099Wizard.test.tsx[2m > [22m[2mIRIS1099Wizard - Authentication Step[2m > [22m[2mSubmission Flow[2m > [22m[2mshould handle submission API error
[22m[39m[Wizard] Health check: { status: [32m'healthy'[39m, service: [32m'IRS IRIS API Proxy'[39m, version: [32m'1.0.0'[39m }

[90mstdout[2m | components/IRIS1099Wizard.test.tsx[2m > [22m[2mIRIS1099Wizard - Authentication Step[2m > [22m[2mSubmission Flow[2m > [22m[2mshould handle submission API error
[22m[39m[Wizard] Verifying credentials...

[90mstdout[2m | components/IRIS1099Wizard.test.tsx[2m > [22m[2mIRIS1099Wizard - Authentication Step[2m > [22m[2mSubmission Flow[2m > [22m[2mshould handle submission API error
[22m[39m[Wizard] 2FA required: [33mfalse[39m
[Wizard] Proceeding to Filer step

[90mstdout[2m | components/IRIS1099Wizard.test.tsx[2m > [22m[2mIRIS1099Wizard - Authentication Step[2m > [22m[2mSubmission Flow[2m > [22m[2mshould poll for status after submission
[22m[39m[Wizard] Authenticating...

[90mstdout[2m | components/IRIS1099Wizard.test.tsx[2m > [22m[2mIRIS1099Wizard - Authentication Step[2m > [22m[2mSubmission Flow[2m > [22m[2mshould poll for status after submission
[22m[39m[Wizard] Health check: { status: [32m'healthy'[39m, service: [32m'IRS IRIS API Proxy'[39m, version: [32m'1.0.0'[39m }

[90mstdout[2m | components/IRIS1099Wizard.test.tsx[2m > [22m[2mIRIS1099Wizard - Authentication Step[2m > [22m[2mSubmission Flow[2m > [22m[2mshould poll for status after submission
[22m[39m[Wizard] Verifying credentials...

[90mstdout[2m | components/IRIS1099Wizard.test.tsx[2m > [22m[2mIRIS1099Wizard - Authentication Step[2m > [22m[2mSubmission Flow[2m > [22m[2mshould poll for status after submission
[22m[39m[Wizard] 2FA required: [33mfalse[39m
[Wizard] Proceeding to Filer step

[90mstdout[2m | components/IRIS1099Wizard.test.tsx[2m > [22m[2mIRIS1099Wizard - Authentication Step[2m > [22m[2mSubmission Flow[2m > [22m[2mshould display final status results
[22m[39m[Wizard] Authenticating...

[90mstdout[2m | components/IRIS1099Wizard.test.tsx[2m > [22m[2mIRIS1099Wizard - Authentication Step[2m > [22m[2mSubmission Flow[2m > [22m[2mshould display final status results
[22m[39m[Wizard] Health check: { status: [32m'healthy'[39m, service: [32m'IRS IRIS API Proxy'[39m, version: [32m'1.0.0'[39m }

[90mstdout[2m | components/IRIS1099Wizard.test.tsx[2m > [22m[2mIRIS1099Wizard - Authentication Step[2m > [22m[2mSubmission Flow[2m > [22m[2mshould display final status results
[22m[39m[Wizard] Verifying credentials...

[90mstdout[2m | components/IRIS1099Wizard.test.tsx[2m > [22m[2mIRIS1099Wizard - Authentication Step[2m > [22m[2mSubmission Flow[2m > [22m[2mshould display final status results
[22m[39m[Wizard] 2FA required: [33mfalse[39m
[Wizard] Proceeding to Filer step

[90mstdout[2m | components/IRIS1099Wizard.test.tsx[2m > [22m[2mIRIS1099Wizard - Authentication Step[2m > [22m[2mSubmission Flow[2m > [22m[2mshould show processing status during polling
[22m[39m[Wizard] Authenticating...

[90mstdout[2m | components/IRIS1099Wizard.test.tsx[2m > [22m[2mIRIS1099Wizard - Authentication Step[2m > [22m[2mSubmission Flow[2m > [22m[2mshould show processing status during polling
[22m[39m[Wizard] Health check: { status: [32m'healthy'[39m, service: [32m'IRS IRIS API Proxy'[39m, version: [32m'1.0.0'[39m }

[90mstdout[2m | components/IRIS1099Wizard.test.tsx[2m > [22m[2mIRIS1099Wizard - Authentication Step[2m > [22m[2mSubmission Flow[2m > [22m[2mshould show processing status during polling
[22m[39m[Wizard] Verifying credentials...

[90mstdout[2m | components/IRIS1099Wizard.test.tsx[2m > [22m[2mIRIS1099Wizard - Authentication Step[2m > [22m[2mSubmission Flow[2m > [22m[2mshould show processing status during polling
[22m[39m[Wizard] 2FA required: [33mfalse[39m
[Wizard] Proceeding to Filer step

[90mstdout[2m | components/IRIS1099Wizard.test.tsx[2m > [22m[2mIRIS1099Wizard - Authentication Step[2m > [22m[2mSubmission Flow[2m > [22m[2mshould display batch status counts during polling
[22m[39m[Wizard] Authenticating...

[90mstdout[2m | components/IRIS1099Wizard.test.tsx[2m > [22m[2mIRIS1099Wizard - Authentication Step[2m > [22m[2mSubmission Flow[2m > [22m[2mshould display batch status counts during polling
[22m[39m[Wizard] Health check: { status: [32m'healthy'[39m, service: [32m'IRS IRIS API Proxy'[39m, version: [32m'1.0.0'[39m }

[90mstdout[2m | components/IRIS1099Wizard.test.tsx[2m > [22m[2mIRIS1099Wizard - Authentication Step[2m > [22m[2mSubmission Flow[2m > [22m[2mshould display batch status counts during polling
[22m[39m[Wizard] Verifying credentials...

[90mstdout[2m | components/IRIS1099Wizard.test.tsx[2m > [22m[2mIRIS1099Wizard - Authentication Step[2m > [22m[2mSubmission Flow[2m > [22m[2mshould display batch status counts during polling
[22m[39m[Wizard] 2FA required: [33mfalse[39m
[Wizard] Proceeding to Filer step

[90mstdout[2m | components/IRIS1099Wizard.test.tsx[2m > [22m[2mIRIS1099Wizard - Authentication Step[2m > [22m[2mSubmission Flow[2m > [22m[2mshould display all accepted message on full success
[22m[39m[Wizard] Authenticating...

[90mstdout[2m | components/IRIS1099Wizard.test.tsx[2m > [22m[2mIRIS1099Wizard - Authentication Step[2m > [22m[2mSubmission Flow[2m > [22m[2mshould display all accepted message on full success
[22m[39m[Wizard] Health check: { status: [32m'healthy'[39m, service: [32m'IRS IRIS API Proxy'[39m, version: [32m'1.0.0'[39m }

[90mstdout[2m | components/IRIS1099Wizard.test.tsx[2m > [22m[2mIRIS1099Wizard - Authentication Step[2m > [22m[2mSubmission Flow[2m > [22m[2mshould display all accepted message on full success
[22m[39m[Wizard] Verifying credentials...

[90mstdout[2m | components/IRIS1099Wizard.test.tsx[2m > [22m[2mIRIS1099Wizard - Authentication Step[2m > [22m[2mSubmission Flow[2m > [22m[2mshould display all accepted message on full success
[22m[39m[Wizard] 2FA required: [33mfalse[39m
[Wizard] Proceeding to Filer step

[90mstdout[2m | components/IRIS1099Wizard.test.tsx[2m > [22m[2mIRIS1099Wizard - Authentication Step[2m > [22m[2mSubmission Flow[2m > [22m[2mshould show New Submission button after completion
[22m[39m[Wizard] Authenticating...

[90mstdout[2m | components/IRIS1099Wizard.test.tsx[2m > [22m[2mIRIS1099Wizard - Authentication Step[2m > [22m[2mSubmission Flow[2m > [22m[2mshould show New Submission button after completion
[22m[39m[Wizard] Health check: { status: [32m'healthy'[39m, service: [32m'IRS IRIS API Proxy'[39m, version: [32m'1.0.0'[39m }

[90mstdout[2m | components/IRIS1099Wizard.test.tsx[2m > [22m[2mIRIS1099Wizard - Authentication Step[2m > [22m[2mSubmission Flow[2m > [22m[2mshould show New Submission button after completion
[22m[39m[Wizard] Verifying credentials...

[90mstdout[2m | components/IRIS1099Wizard.test.tsx[2m > [22m[2mIRIS1099Wizard - Authentication Step[2m > [22m[2mSubmission Flow[2m > [22m[2mshould show New Submission button after completion
[22m[39m[Wizard] 2FA required: [33mfalse[39m
[Wizard] Proceeding to Filer step

[90mstdout[2m | components/IRIS1099Wizard.test.tsx[2m > [22m[2mIRIS1099Wizard - Authentication Step[2m > [22m[2mSubmission Flow[2m > [22m[2mshould show Close button after completion
[22m[39m[Wizard] Authenticating...

[90mstdout[2m | components/IRIS1099Wizard.test.tsx[2m > [22m[2mIRIS1099Wizard - Authentication Step[2m > [22m[2mSubmission Flow[2m > [22m[2mshould show Close button after completion
[22m[39m[Wizard] Health check: { status: [32m'healthy'[39m, service: [32m'IRS IRIS API Proxy'[39m, version: [32m'1.0.0'[39m }

[90mstdout[2m | components/IRIS1099Wizard.test.tsx[2m > [22m[2mIRIS1099Wizard - Authentication Step[2m > [22m[2mSubmission Flow[2m > [22m[2mshould show Close button after completion
[22m[39m[Wizard] Verifying credentials...

[90mstdout[2m | components/IRIS1099Wizard.test.tsx[2m > [22m[2mIRIS1099Wizard - Authentication Step[2m > [22m[2mSubmission Flow[2m > [22m[2mshould show Close button after completion
[22m[39m[Wizard] 2FA required: [33mfalse[39m
[Wizard] Proceeding to Filer step

[90mstdout[2m | components/IRIS1099Wizard.test.tsx[2m > [22m[2mIRIS1099Wizard - Authentication Step[2m > [22m[2mSubmission Flow[2m > [22m[2mshould display warning count in results
[22m[39m[Wizard] Authenticating...

[90mstdout[2m | components/IRIS1099Wizard.test.tsx[2m > [22m[2mIRIS1099Wizard - Authentication Step[2m > [22m[2mSubmission Flow[2m > [22m[2mshould display warning count in results
[22m[39m[Wizard] Health check: { status: [32m'healthy'[39m, service: [32m'IRS IRIS API Proxy'[39m, version: [32m'1.0.0'[39m }

[90mstdout[2m | components/IRIS1099Wizard.test.tsx[2m > [22m[2mIRIS1099Wizard - Authentication Step[2m > [22m[2mSubmission Flow[2m > [22m[2mshould display warning count in results
[22m[39m[Wizard] Verifying credentials...

[90mstdout[2m | components/IRIS1099Wizard.test.tsx[2m > [22m[2mIRIS1099Wizard - Authentication Step[2m > [22m[2mSubmission Flow[2m > [22m[2mshould display warning count in results
[22m[39m[Wizard] 2FA required: [33mfalse[39m
[Wizard] Proceeding to Filer step

[90mstdout[2m | components/IRIS1099Wizard.test.tsx[2m > [22m[2mIRIS1099Wizard - Authentication Step[2m > [22m[2mSubmission Flow[2m > [22m[2mshould display error list when errors exist in batch status
[22m[39m[Wizard] Authenticating...

[90mstdout[2m | components/IRIS1099Wizard.test.tsx[2m > [22m[2mIRIS1099Wizard - Authentication Step[2m > [22m[2mSubmission Flow[2m > [22m[2mshould display error list when errors exist in batch status
[22m[39m[Wizard] Health check: { status: [32m'healthy'[39m, service: [32m'IRS IRIS API Proxy'[39m, version: [32m'1.0.0'[39m }

[90mstdout[2m | components/IRIS1099Wizard.test.tsx[2m > [22m[2mIRIS1099Wizard - Authentication Step[2m > [22m[2mSubmission Flow[2m > [22m[2mshould display error list when errors exist in batch status
[22m[39m[Wizard] Verifying credentials...

[90mstdout[2m | components/IRIS1099Wizard.test.tsx[2m > [22m[2mIRIS1099Wizard - Authentication Step[2m > [22m[2mSubmission Flow[2m > [22m[2mshould display error list when errors exist in batch status
[22m[39m[Wizard] 2FA required: [33mfalse[39m
[Wizard] Proceeding to Filer step

 [32m✓[39m components/IRIS1099Wizard.test.tsx [2m([22m[2m76 tests[22m[2m)[22m[33m 117267[2mms[22m[39m
       [33m[2m✓[22m[39m should call irsApi.setAuth with TCC on authenticate [33m 2117[2mms[22m[39m
       [33m[2m✓[22m[39m should call storeTCC when saveCredentials is checked [33m 2043[2mms[22m[39m
       [33m[2m✓[22m[39m should call irsApi.setAuth with bearer token [33m 2043[2mms[22m[39m
       [33m[2m✓[22m[39m should call storeBearerToken when saveCredentials is checked [33m 2038[2mms[22m[39m
       [33m[2m✓[22m[39m should not store credentials when unchecked [33m 2044[2mms[22m[39m
       [33m[2m✓[22m[39m should progress from Auth to Filer step on authentication [33m 2046[2mms[22m[39m
       [33m[2m✓[22m[39m should show Back button after Auth step [33m 2044[2mms[22m[39m
       [33m[2m✓[22m[39m should disable Continue button on Filer step when EIN is missing [33m 2043[2mms[22m[39m
       [33m[2m✓[22m[39m should disable Continue button on Filer step when Legal Name is missing [33m 2043[2mms[22m[39m
       [33m[2m✓[22m[39m should enable Continue button on Filer step when all required fields are filled [33m 2053[2mms[22m[39m
       [33m[2m✓[22m[39m should progress from Filer to FormType step on Continue [33m 2056[2mms[22m[39m
       [33m[2m✓[22m[39m should disable Continue button on Payees step when no payees added [33m 2071[2mms[22m[39m
       [33m[2m✓[22m[39m should enable Continue button on Payees step when payees are added [33m 2084[2mms[22m[39m
       [33m[2m✓[22m[39m should show Validate & Submit button on Review step [33m 2091[2mms[22m[39m
       [33m[2m✓[22m[39m should navigate back from Filer to Auth step [33m 2054[2mms[22m[39m
       [33m[2m✓[22m[39m should preserve filer state when navigating back to Auth and returning to Filer [33m 4086[2mms[22m[39m
       [33m[2m✓[22m[39m should format EIN as user types (XX-XXXXXXX) [33m 2049[2mms[22m[39m
       [33m[2m✓[22m[39m should reject EIN with fewer than 9 digits [33m 2049[2mms[22m[39m
       [33m[2m✓[22m[39m should require state abbreviation (2 characters) [33m 2043[2mms[22m[39m
       [33m[2m✓[22m[39m should uppercase state abbreviation automatically [33m 2053[2mms[22m[39m
       [33m[2m✓[22m[39m should validate ZIP code format [33m 2146[2mms[22m[39m
       [33m[2m✓[22m[39m should accept ZIP+4 format [33m 2063[2mms[22m[39m
       [33m[2m✓[22m[39m should uppercase country code automatically [33m 2052[2mms[22m[39m
       [33m[2m✓[22m[39m should add payee to list when Add Payee to Batch is clicked [33m 2088[2mms[22m[39m
       [33m[2m✓[22m[39m should allow adding multiple payees [33m 2100[2mms[22m[39m
       [33m[2m✓[22m[39m should require TIN to add payee [33m 2078[2mms[22m[39m
       [33m[2m✓[22m[39m should require name to add payee [33m 2076[2mms[22m[39m
       [33m[2m✓[22m[39m should clear form after adding payee [33m 2090[2mms[22m[39m
       [33m[2m✓[22m[39m should show payee count in header [33m 2097[2mms[22m[39m
       [33m[2m✓[22m[39m should show remove button for each payee [33m 2089[2mms[22m[39m
       [33m[2m✓[22m[39m should remove payee when delete button is clicked [33m 2088[2mms[22m[39m
       [33m[2m✓[22m[39m should update payee count after removal [33m 2179[2mms[22m[39m
       [33m[2m✓[22m[39m should disable Continue button after removing all payees [33m 2105[2mms[22m[39m
       [33m[2m✓[22m[39m should accept valid EIN format (XX-XXXXXXX) [33m 2070[2mms[22m[39m
       [33m[2m✓[22m[39m should accept valid SSN format (XXX-XX-XXXX) [33m 2070[2mms[22m[39m
       [33m[2m✓[22m[39m should show error for invalid TIN format [33m 2074[2mms[22m[39m
       [33m[2m✓[22m[39m should disable Add button for invalid TIN format [33m 2068[2mms[22m[39m
       [33m[2m✓[22m[39m should warn about duplicate TIN [33m 2096[2mms[22m[39m
       [33m[2m✓[22m[39m should call transmissionCheck for pre-validation on submit [33m 2117[2mms[22m[39m
       [33m[2m✓[22m[39m should show validating status when pre-validation starts [33m 2101[2mms[22m[39m
       [33m[2m✓[22m[39m should display validation errors when pre-validation fails [33m 2106[2mms[22m[39m
       [33m[2m✓[22m[39m should not call submitBatch when validation fails [33m 2110[2mms[22m[39m
       [33m[2m✓[22m[39m should call submitBatch when validation passes [33m 2100[2mms[22m[39m
       [33m[2m✓[22m[39m should show transmitting status during submission [33m 2099[2mms[22m[39m
       [33m[2m✓[22m[39m should display receipt ID after successful submission [33m 2101[2mms[22m[39m
       [33m[2m✓[22m[39m should handle submission API error [33m 2101[2mms[22m[39m
       [33m[2m✓[22m[39m should poll for status after submission [33m 2110[2mms[22m[39m
       [33m[2m✓[22m[39m should display final status results [33m 2100[2mms[22m[39m
       [33m[2m✓[22m[39m should show processing status during polling [33m 2104[2mms[22m[39m
       [33m[2m✓[22m[39m should display batch status counts during polling [33m 2099[2mms[22m[39m
       [33m[2m✓[22m[39m should display all accepted message on full success [33m 2107[2mms[22m[39m
       [33m[2m✓[22m[39m should show New Submission button after completion [33m 2105[2mms[22m[39m
       [33m[2m✓[22m[39m should show Close button after completion [33m 2111[2mms[22m[39m
       [33m[2m✓[22m[39m should display warning count in results [33m 2103[2mms[22m[39m
       [33m[2m✓[22m[39m should display error list when errors exist in batch status [33m 2109[2mms[22m[39m

[2m Test Files [22m [1m[32m1 passed[39m[22m[90m (1)[39m
[2m      Tests [22m [1m[32m76 passed[39m[22m[90m (76)[39m
[2m   Start at [22m 21:01:14
[2m   Duration [22m 117.50s

[1m[42m PASS [49m[22m [32mWaiting for file changes...[39m
       [2mpress [22m[1mh[22m[2m to show help[22m[2m, [22m[2mpress [22m[1mq[22m[2m to quit[22m
c[3J[1m[44m RERUN [49m[22m [34m[2mcomponents/IRIS1099Wizard.tsx [22m[34mx3 [34m[39m
       [2m Filename pattern: [22m[34mcomponents/IRIS1099Wizard.test.tsx[39m

[90mstdout[2m | components/IRIS1099Wizard.test.tsx[2m > [22m[2mIRIS1099Wizard - Authentication Step[2m > [22m[2mTCC Input Validation[2m > [22m[2mshould call irsApi.setAuth with TCC on authenticate
[22m[39m[Wizard] Authenticating...

[90mstdout[2m | components/IRIS1099Wizard.test.tsx[2m > [22m[2mIRIS1099Wizard - Authentication Step[2m > [22m[2mTCC Input Validation[2m > [22m[2mshould call irsApi.setAuth with TCC on authenticate
[22m[39m[Wizard] Health check: { status: [32m'healthy'[39m, service: [32m'IRS IRIS API Proxy'[39m, version: [32m'1.0.0'[39m }

[90mstdout[2m | components/IRIS1099Wizard.test.tsx[2m > [22m[2mIRIS1099Wizard - Authentication Step[2m > [22m[2mTCC Input Validation[2m > [22m[2mshould call irsApi.setAuth with TCC on authenticate
[22m[39m[Wizard] Verifying credentials...

[90mstdout[2m | components/IRIS1099Wizard.test.tsx[2m > [22m[2mIRIS1099Wizard - Authentication Step[2m > [22m[2mTCC Input Validation[2m > [22m[2mshould call irsApi.setAuth with TCC on authenticate
[22m[39m[Wizard] 2FA required: [33mfalse[39m
[Wizard] Proceeding to Filer step

[90mstdout[2m | components/IRIS1099Wizard.test.tsx[2m > [22m[2mIRIS1099Wizard - Authentication Step[2m > [22m[2mTCC Input Validation[2m > [22m[2mshould call storeTCC when saveCredentials is checked
[22m[39m[Wizard] Authenticating...

[90mstdout[2m | components/IRIS1099Wizard.test.tsx[2m > [22m[2mIRIS1099Wizard - Authentication Step[2m > [22m[2mTCC Input Validation[2m > [22m[2mshould call storeTCC when saveCredentials is checked
[22m[39m[Wizard] Health check: { status: [32m'healthy'[39m, service: [32m'IRS IRIS API Proxy'[39m, version: [32m'1.0.0'[39m }

[90mstdout[2m | components/IRIS1099Wizard.test.tsx[2m > [22m[2mIRIS1099Wizard - Authentication Step[2m > [22m[2mTCC Input Validation[2m > [22m[2mshould call storeTCC when saveCredentials is checked
[22m[39m[Wizard] Verifying credentials...

[90mstdout[2m | components/IRIS1099Wizard.test.tsx[2m > [22m[2mIRIS1099Wizard - Authentication Step[2m > [22m[2mTCC Input Validation[2m > [22m[2mshould call storeTCC when saveCredentials is checked
[22m[39m[Wizard] 2FA required: [33mfalse[39m
[Wizard] Proceeding to Filer step

[90mstdout[2m | components/IRIS1099Wizard.test.tsx[2m > [22m[2mIRIS1099Wizard - Authentication Step[2m > [22m[2mBearer Token Input[2m > [22m[2mshould call irsApi.setAuth with bearer token
[22m[39m[Wizard] Authenticating...

[90mstdout[2m | components/IRIS1099Wizard.test.tsx[2m > [22m[2mIRIS1099Wizard - Authentication Step[2m > [22m[2mBearer Token Input[2m > [22m[2mshould call irsApi.setAuth with bearer token
[22m[39m[Wizard] Health check: { status: [32m'healthy'[39m, service: [32m'IRS IRIS API Proxy'[39m, version: [32m'1.0.0'[39m }

[90mstdout[2m | components/IRIS1099Wizard.test.tsx[2m > [22m[2mIRIS1099Wizard - Authentication Step[2m > [22m[2mBearer Token Input[2m > [22m[2mshould call irsApi.setAuth with bearer token
[22m[39m[Wizard] Verifying credentials...

[90mstdout[2m | components/IRIS1099Wizard.test.tsx[2m > [22m[2mIRIS1099Wizard - Authentication Step[2m > [22m[2mBearer Token Input[2m > [22m[2mshould call irsApi.setAuth with bearer token
[22m[39m[Wizard] 2FA required: [33mfalse[39m
[Wizard] Proceeding to Filer step

[90mstdout[2m | components/IRIS1099Wizard.test.tsx[2m > [22m[2mIRIS1099Wizard - Authentication Step[2m > [22m[2mBearer Token Input[2m > [22m[2mshould call storeBearerToken when saveCredentials is checked
[22m[39m[Wizard] Authenticating...

[90mstdout[2m | components/IRIS1099Wizard.test.tsx[2m > [22m[2mIRIS1099Wizard - Authentication Step[2m > [22m[2mBearer Token Input[2m > [22m[2mshould call storeBearerToken when saveCredentials is checked
[22m[39m[Wizard] Health check: { status: [32m'healthy'[39m, service: [32m'IRS IRIS API Proxy'[39m, version: [32m'1.0.0'[39m }

[90mstdout[2m | components/IRIS1099Wizard.test.tsx[2m > [22m[2mIRIS1099Wizard - Authentication Step[2m > [22m[2mBearer Token Input[2m > [22m[2mshould call storeBearerToken when saveCredentials is checked
[22m[39m[Wizard] Verifying credentials...

[90mstdout[2m | components/IRIS1099Wizard.test.tsx[2m > [22m[2mIRIS1099Wizard - Authentication Step[2m > [22m[2mBearer Token Input[2m > [22m[2mshould call storeBearerToken when saveCredentials is checked
[22m[39m[Wizard] 2FA required: [33mfalse[39m
[Wizard] Proceeding to Filer step

[90mstdout[2m | components/IRIS1099Wizard.test.tsx[2m > [22m[2mIRIS1099Wizard - Authentication Step[2m > [22m[2mSave Credentials Toggle[2m > [22m[2mshould not store credentials when unchecked
[22m[39m[Wizard] Authenticating...

[90mstdout[2m | components/IRIS1099Wizard.test.tsx[2m > [22m[2mIRIS1099Wizard - Authentication Step[2m > [22m[2mSave Credentials Toggle[2m > [22m[2mshould not store credentials when unchecked
[22m[39m[Wizard] Health check: { status: [32m'healthy'[39m, service: [32m'IRS IRIS API Proxy'[39m, version: [32m'1.0.0'[39m }

[90mstdout[2m | components/IRIS1099Wizard.test.tsx[2m > [22m[2mIRIS1099Wizard - Authentication Step[2m > [22m[2mSave Credentials Toggle[2m > [22m[2mshould not store credentials when unchecked
[22m[39m[Wizard] Verifying credentials...

[90mstdout[2m | components/IRIS1099Wizard.test.tsx[2m > [22m[2mIRIS1099Wizard - Authentication Step[2m > [22m[2mSave Credentials Toggle[2m > [22m[2mshould not store credentials when unchecked
[22m[39m[Wizard] 2FA required: [33mfalse[39m
[Wizard] Proceeding to Filer step

[90mstdout[2m | components/IRIS1099Wizard.test.tsx[2m > [22m[2mIRIS1099Wizard - Authentication Step[2m > [22m[2mWizard Step Navigation[2m > [22m[2mshould progress from Auth to Filer step on authentication
[22m[39m[Wizard] Authenticating...

[90mstdout[2m | components/IRIS1099Wizard.test.tsx[2m > [22m[2mIRIS1099Wizard - Authentication Step[2m > [22m[2mWizard Step Navigation[2m > [22m[2mshould progress from Auth to Filer step on authentication
[22m[39m[Wizard] Health check: { status: [32m'healthy'[39m, service: [32m'IRS IRIS API Proxy'[39m, version: [32m'1.0.0'[39m }

[90mstdout[2m | components/IRIS1099Wizard.test.tsx[2m > [22m[2mIRIS1099Wizard - Authentication Step[2m > [22m[2mWizard Step Navigation[2m > [22m[2mshould progress from Auth to Filer step on authentication
[22m[39m[Wizard] Verifying credentials...

[90mstdout[2m | components/IRIS1099Wizard.test.tsx[2m > [22m[2mIRIS1099Wizard - Authentication Step[2m > [22m[2mWizard Step Navigation[2m > [22m[2mshould progress from Auth to Filer step on authentication
[22m[39m[Wizard] 2FA required: [33mfalse[39m
[Wizard] Proceeding to Filer step

[90mstdout[2m | components/IRIS1099Wizard.test.tsx[2m > [22m[2mIRIS1099Wizard - Authentication Step[2m > [22m[2mWizard Step Navigation[2m > [22m[2mshould show Back button after Auth step
[22m[39m[Wizard] Authenticating...

[90mstdout[2m | components/IRIS1099Wizard.test.tsx[2m > [22m[2mIRIS1099Wizard - Authentication Step[2m > [22m[2mWizard Step Navigation[2m > [22m[2mshould show Back button after Auth step
[22m[39m[Wizard] Health check: { status: [32m'healthy'[39m, service: [32m'IRS IRIS API Proxy'[39m, version: [32m'1.0.0'[39m }

[90mstdout[2m | components/IRIS1099Wizard.test.tsx[2m > [22m[2mIRIS1099Wizard - Authentication Step[2m > [22m[2mWizard Step Navigation[2m > [22m[2mshould show Back button after Auth step
[22m[39m[Wizard] Verifying credentials...

[90mstdout[2m | components/IRIS1099Wizard.test.tsx[2m > [22m[2mIRIS1099Wizard - Authentication Step[2m > [22m[2mWizard Step Navigation[2m > [22m[2mshould show Back button after Auth step
[22m[39m[Wizard] 2FA required: [33mfalse[39m
[Wizard] Proceeding to Filer step

[90mstdout[2m | components/IRIS1099Wizard.test.tsx[2m > [22m[2mIRIS1099Wizard - Authentication Step[2m > [22m[2mWizard Step Navigation[2m > [22m[2mshould disable Continue button on Filer step when EIN is missing
[22m[39m[Wizard] Authenticating...

[90mstdout[2m | components/IRIS1099Wizard.test.tsx[2m > [22m[2mIRIS1099Wizard - Authentication Step[2m > [22m[2mWizard Step Navigation[2m > [22m[2mshould disable Continue button on Filer step when EIN is missing
[22m[39m[Wizard] Health check: { status: [32m'healthy'[39m, service: [32m'IRS IRIS API Proxy'[39m, version: [32m'1.0.0'[39m }

[90mstdout[2m | components/IRIS1099Wizard.test.tsx[2m > [22m[2mIRIS1099Wizard - Authentication Step[2m > [22m[2mWizard Step Navigation[2m > [22m[2mshould disable Continue button on Filer step when EIN is missing
[22m[39m[Wizard] Verifying credentials...

[90mstdout[2m | components/IRIS1099Wizard.test.tsx[2m > [22m[2mIRIS1099Wizard - Authentication Step[2m > [22m[2mWizard Step Navigation[2m > [22m[2mshould disable Continue button on Filer step when EIN is missing
[22m[39m[Wizard] 2FA required: [33mfalse[39m
[Wizard] Proceeding to Filer step

[90mstdout[2m | components/IRIS1099Wizard.test.tsx[2m > [22m[2mIRIS1099Wizard - Authentication Step[2m > [22m[2mWizard Step Navigation[2m > [22m[2mshould disable Continue button on Filer step when Legal Name is missing
[22m[39m[Wizard] Authenticating...

[90mstdout[2m | components/IRIS1099Wizard.test.tsx[2m > [22m[2mIRIS1099Wizard - Authentication Step[2m > [22m[2mWizard Step Navigation[2m > [22m[2mshould disable Continue button on Filer step when Legal Name is missing
[22m[39m[Wizard] Health check: { status: [32m'healthy'[39m, service: [32m'IRS IRIS API Proxy'[39m, version: [32m'1.0.0'[39m }

[90mstdout[2m | components/IRIS1099Wizard.test.tsx[2m > [22m[2mIRIS1099Wizard - Authentication Step[2m > [22m[2mWizard Step Navigation[2m > [22m[2mshould disable Continue button on Filer step when Legal Name is missing
[22m[39m[Wizard] Verifying credentials...

[90mstdout[2m | components/IRIS1099Wizard.test.tsx[2m > [22m[2mIRIS1099Wizard - Authentication Step[2m > [22m[2mWizard Step Navigation[2m > [22m[2mshould disable Continue button on Filer step when Legal Name is missing
[22m[39m[Wizard] 2FA required: [33mfalse[39m
[Wizard] Proceeding to Filer step

[90mstdout[2m | components/IRIS1099Wizard.test.tsx[2m > [22m[2mIRIS1099Wizard - Authentication Step[2m > [22m[2mWizard Step Navigation[2m > [22m[2mshould enable Continue button on Filer step when all required fields are filled
[22m[39m[Wizard] Authenticating...

[90mstdout[2m | components/IRIS1099Wizard.test.tsx[2m > [22m[2mIRIS1099Wizard - Authentication Step[2m > [22m[2mWizard Step Navigation[2m > [22m[2mshould enable Continue button on Filer step when all required fields are filled
[22m[39m[Wizard] Health check: { status: [32m'healthy'[39m, service: [32m'IRS IRIS API Proxy'[39m, version: [32m'1.0.0'[39m }

[90mstdout[2m | components/IRIS1099Wizard.test.tsx[2m > [22m[2mIRIS1099Wizard - Authentication Step[2m > [22m[2mWizard Step Navigation[2m > [22m[2mshould enable Continue button on Filer step when all required fields are filled
[22m[39m[Wizard] Verifying credentials...

[90mstdout[2m | components/IRIS1099Wizard.test.tsx[2m > [22m[2mIRIS1099Wizard - Authentication Step[2m > [22m[2mWizard Step Navigation[2m > [22m[2mshould enable Continue button on Filer step when all required fields are filled
[22m[39m[Wizard] 2FA required: [33mfalse[39m
[Wizard] Proceeding to Filer step

[90mstdout[2m | components/IRIS1099Wizard.test.tsx[2m > [22m[2mIRIS1099Wizard - Authentication Step[2m > [22m[2mWizard Step Navigation[2m > [22m[2mshould progress from Filer to FormType step on Continue
[22m[39m[Wizard] Authenticating...

[90mstdout[2m | components/IRIS1099Wizard.test.tsx[2m > [22m[2mIRIS1099Wizard - Authentication Step[2m > [22m[2mWizard Step Navigation[2m > [22m[2mshould progress from Filer to FormType step on Continue
[22m[39m[Wizard] Health check: { status: [32m'healthy'[39m, service: [32m'IRS IRIS API Proxy'[39m, version: [32m'1.0.0'[39m }

[90mstdout[2m | components/IRIS1099Wizard.test.tsx[2m > [22m[2mIRIS1099Wizard - Authentication Step[2m > [22m[2mWizard Step Navigation[2m > [22m[2mshould progress from Filer to FormType step on Continue
[22m[39m[Wizard] Verifying credentials...

[90mstdout[2m | components/IRIS1099Wizard.test.tsx[2m > [22m[2mIRIS1099Wizard - Authentication Step[2m > [22m[2mWizard Step Navigation[2m > [22m[2mshould progress from Filer to FormType step on Continue
[22m[39m[Wizard] 2FA required: [33mfalse[39m
[Wizard] Proceeding to Filer step

[90mstdout[2m | components/IRIS1099Wizard.test.tsx[2m > [22m[2mIRIS1099Wizard - Authentication Step[2m > [22m[2mWizard Step Navigation[2m > [22m[2mshould disable Continue button on Payees step when no payees added
[22m[39m[Wizard] Authenticating...

[90mstdout[2m | components/IRIS1099Wizard.test.tsx[2m > [22m[2mIRIS1099Wizard - Authentication Step[2m > [22m[2mWizard Step Navigation[2m > [22m[2mshould disable Continue button on Payees step when no payees added
[22m[39m[Wizard] Health check: { status: [32m'healthy'[39m, service: [32m'IRS IRIS API Proxy'[39m, version: [32m'1.0.0'[39m }

[90mstdout[2m | components/IRIS1099Wizard.test.tsx[2m > [22m[2mIRIS1099Wizard - Authentication Step[2m > [22m[2mWizard Step Navigation[2m > [22m[2mshould disable Continue button on Payees step when no payees added
[22m[39m[Wizard] Verifying credentials...

[90mstdout[2m | components/IRIS1099Wizard.test.tsx[2m > [22m[2mIRIS1099Wizard - Authentication Step[2m > [22m[2mWizard Step Navigation[2m > [22m[2mshould disable Continue button on Payees step when no payees added
[22m[39m[Wizard] 2FA required: [33mfalse[39m
[Wizard] Proceeding to Filer step

[90mstdout[2m | components/IRIS1099Wizard.test.tsx[2m > [22m[2mIRIS1099Wizard - Authentication Step[2m > [22m[2mWizard Step Navigation[2m > [22m[2mshould enable Continue button on Payees step when payees are added
[22m[39m[Wizard] Authenticating...

[90mstdout[2m | components/IRIS1099Wizard.test.tsx[2m > [22m[2mIRIS1099Wizard - Authentication Step[2m > [22m[2mWizard Step Navigation[2m > [22m[2mshould enable Continue button on Payees step when payees are added
[22m[39m[Wizard] Health check: { status: [32m'healthy'[39m, service: [32m'IRS IRIS API Proxy'[39m, version: [32m'1.0.0'[39m }

[90mstdout[2m | components/IRIS1099Wizard.test.tsx[2m > [22m[2mIRIS1099Wizard - Authentication Step[2m > [22m[2mWizard Step Navigation[2m > [22m[2mshould enable Continue button on Payees step when payees are added
[22m[39m[Wizard] Verifying credentials...

[90mstdout[2m | components/IRIS1099Wizard.test.tsx[2m > [22m[2mIRIS1099Wizard - Authentication Step[2m > [22m[2mWizard Step Navigation[2m > [22m[2mshould enable Continue button on Payees step when payees are added
[22m[39m[Wizard] 2FA required: [33mfalse[39m
[Wizard] Proceeding to Filer step

[90mstdout[2m | components/IRIS1099Wizard.test.tsx[2m > [22m[2mIRIS1099Wizard - Authentication Step[2m > [22m[2mWizard Step Navigation[2m > [22m[2mshould show Validate & Submit button on Review step
[22m[39m[Wizard] Authenticating...

[90mstdout[2m | components/IRIS1099Wizard.test.tsx[2m > [22m[2mIRIS1099Wizard - Authentication Step[2m > [22m[2mWizard Step Navigation[2m > [22m[2mshould show Validate & Submit button on Review step
[22m[39m[Wizard] Health check: { status: [32m'healthy'[39m, service: [32m'IRS IRIS API Proxy'[39m, version: [32m'1.0.0'[39m }

[90mstdout[2m | components/IRIS1099Wizard.test.tsx[2m > [22m[2mIRIS1099Wizard - Authentication Step[2m > [22m[2mWizard Step Navigation[2m > [22m[2mshould show Validate & Submit button on Review step
[22m[39m[Wizard] Verifying credentials...

[90mstdout[2m | components/IRIS1099Wizard.test.tsx[2m > [22m[2mIRIS1099Wizard - Authentication Step[2m > [22m[2mWizard Step Navigation[2m > [22m[2mshould show Validate & Submit button on Review step
[22m[39m[Wizard] 2FA required: [33mfalse[39m
[Wizard] Proceeding to Filer step

[90mstdout[2m | components/IRIS1099Wizard.test.tsx[2m > [22m[2mIRIS1099Wizard - Authentication Step[2m > [22m[2mWizard Step Navigation[2m > [22m[2mshould navigate back from Filer to Auth step
[22m[39m[Wizard] Authenticating...

[90mstdout[2m | components/IRIS1099Wizard.test.tsx[2m > [22m[2mIRIS1099Wizard - Authentication Step[2m > [22m[2mWizard Step Navigation[2m > [22m[2mshould navigate back from Filer to Auth step
[22m[39m[Wizard] Health check: { status: [32m'healthy'[39m, service: [32m'IRS IRIS API Proxy'[39m, version: [32m'1.0.0'[39m }

[90mstdout[2m | components/IRIS1099Wizard.test.tsx[2m > [22m[2mIRIS1099Wizard - Authentication Step[2m > [22m[2mWizard Step Navigation[2m > [22m[2mshould navigate back from Filer to Auth step
[22m[39m[Wizard] Verifying credentials...

[90mstdout[2m | components/IRIS1099Wizard.test.tsx[2m > [22m[2mIRIS1099Wizard - Authentication Step[2m > [22m[2mWizard Step Navigation[2m > [22m[2mshould navigate back from Filer to Auth step
[22m[39m[Wizard] 2FA required: [33mfalse[39m
[Wizard] Proceeding to Filer step

[90mstdout[2m | components/IRIS1099Wizard.test.tsx[2m > [22m[2mIRIS1099Wizard - Authentication Step[2m > [22m[2mWizard Step Navigation[2m > [22m[2mshould preserve filer state when navigating back to Auth and returning to Filer
[22m[39m[Wizard] Authenticating...

[90mstdout[2m | components/IRIS1099Wizard.test.tsx[2m > [22m[2mIRIS1099Wizard - Authentication Step[2m > [22m[2mWizard Step Navigation[2m > [22m[2mshould preserve filer state when navigating back to Auth and returning to Filer
[22m[39m[Wizard] Health check: { status: [32m'healthy'[39m, service: [32m'IRS IRIS API Proxy'[39m, version: [32m'1.0.0'[39m }

[90mstdout[2m | components/IRIS1099Wizard.test.tsx[2m > [22m[2mIRIS1099Wizard - Authentication Step[2m > [22m[2mWizard Step Navigation[2m > [22m[2mshould preserve filer state when navigating back to Auth and returning to Filer
[22m[39m[Wizard] Verifying credentials...

[90mstdout[2m | components/IRIS1099Wizard.test.tsx[2m > [22m[2mIRIS1099Wizard - Authentication Step[2m > [22m[2mWizard Step Navigation[2m > [22m[2mshould preserve filer state when navigating back to Auth and returning to Filer
[22m[39m[Wizard] 2FA required: [33mfalse[39m
[Wizard] Proceeding to Filer step

[90mstdout[2m | components/IRIS1099Wizard.test.tsx[2m > [22m[2mIRIS1099Wizard - Authentication Step[2m > [22m[2mWizard Step Navigation[2m > [22m[2mshould preserve filer state when navigating back to Auth and returning to Filer
[22m[39m[Wizard] Authenticating...

[90mstdout[2m | components/IRIS1099Wizard.test.tsx[2m > [22m[2mIRIS1099Wizard - Authentication Step[2m > [22m[2mWizard Step Navigation[2m > [22m[2mshould preserve filer state when navigating back to Auth and returning to Filer
[22m[39m[Wizard] Health check: { status: [32m'healthy'[39m, service: [32m'IRS IRIS API Proxy'[39m, version: [32m'1.0.0'[39m }

[90mstdout[2m | components/IRIS1099Wizard.test.tsx[2m > [22m[2mIRIS1099Wizard - Authentication Step[2m > [22m[2mWizard Step Navigation[2m > [22m[2mshould preserve filer state when navigating back to Auth and returning to Filer
[22m[39m[Wizard] Verifying credentials...

[90mstdout[2m | components/IRIS1099Wizard.test.tsx[2m > [22m[2mIRIS1099Wizard - Authentication Step[2m > [22m[2mWizard Step Navigation[2m > [22m[2mshould preserve filer state when navigating back to Auth and returning to Filer
[22m[39m[Wizard] 2FA required: [33mfalse[39m
[Wizard] Proceeding to Filer step

[90mstdout[2m | components/IRIS1099Wizard.test.tsx[2m > [22m[2mIRIS1099Wizard - Authentication Step[2m > [22m[2mFiler Form Validation[2m > [22m[2mshould format EIN as user types (XX-XXXXXXX)
[22m[39m[Wizard] Authenticating...

[90mstdout[2m | components/IRIS1099Wizard.test.tsx[2m > [22m[2mIRIS1099Wizard - Authentication Step[2m > [22m[2mFiler Form Validation[2m > [22m[2mshould format EIN as user types (XX-XXXXXXX)
[22m[39m[Wizard] Health check: { status: [32m'healthy'[39m, service: [32m'IRS IRIS API Proxy'[39m, version: [32m'1.0.0'[39m }

[90mstdout[2m | components/IRIS1099Wizard.test.tsx[2m > [22m[2mIRIS1099Wizard - Authentication Step[2m > [22m[2mFiler Form Validation[2m > [22m[2mshould format EIN as user types (XX-XXXXXXX)
[22m[39m[Wizard] Verifying credentials...

[90mstdout[2m | components/IRIS1099Wizard.test.tsx[2m > [22m[2mIRIS1099Wizard - Authentication Step[2m > [22m[2mFiler Form Validation[2m > [22m[2mshould format EIN as user types (XX-XXXXXXX)
[22m[39m[Wizard] 2FA required: [33mfalse[39m
[Wizard] Proceeding to Filer step

[90mstdout[2m | components/IRIS1099Wizard.test.tsx[2m > [22m[2mIRIS1099Wizard - Authentication Step[2m > [22m[2mFiler Form Validation[2m > [22m[2mshould reject EIN with fewer than 9 digits
[22m[39m[Wizard] Authenticating...

[90mstdout[2m | components/IRIS1099Wizard.test.tsx[2m > [22m[2mIRIS1099Wizard - Authentication Step[2m > [22m[2mFiler Form Validation[2m > [22m[2mshould reject EIN with fewer than 9 digits
[22m[39m[Wizard] Health check: { status: [32m'healthy'[39m, service: [32m'IRS IRIS API Proxy'[39m, version: [32m'1.0.0'[39m }

[90mstdout[2m | components/IRIS1099Wizard.test.tsx[2m > [22m[2mIRIS1099Wizard - Authentication Step[2m > [22m[2mFiler Form Validation[2m > [22m[2mshould reject EIN with fewer than 9 digits
[22m[39m[Wizard] Verifying credentials...

[90mstdout[2m | components/IRIS1099Wizard.test.tsx[2m > [22m[2mIRIS1099Wizard - Authentication Step[2m > [22m[2mFiler Form Validation[2m > [22m[2mshould reject EIN with fewer than 9 digits
[22m[39m[Wizard] 2FA required: [33mfalse[39m
[Wizard] Proceeding to Filer step

[90mstdout[2m | components/IRIS1099Wizard.test.tsx[2m > [22m[2mIRIS1099Wizard - Authentication Step[2m > [22m[2mFiler Form Validation[2m > [22m[2mshould require state abbreviation (2 characters)
[22m[39m[Wizard] Authenticating...

[90mstdout[2m | components/IRIS1099Wizard.test.tsx[2m > [22m[2mIRIS1099Wizard - Authentication Step[2m > [22m[2mFiler Form Validation[2m > [22m[2mshould require state abbreviation (2 characters)
[22m[39m[Wizard] Health check: { status: [32m'healthy'[39m, service: [32m'IRS IRIS API Proxy'[39m, version: [32m'1.0.0'[39m }

[90mstdout[2m | components/IRIS1099Wizard.test.tsx[2m > [22m[2mIRIS1099Wizard - Authentication Step[2m > [22m[2mFiler Form Validation[2m > [22m[2mshould require state abbreviation (2 characters)
[22m[39m[Wizard] Verifying credentials...

[90mstdout[2m | components/IRIS1099Wizard.test.tsx[2m > [22m[2mIRIS1099Wizard - Authentication Step[2m > [22m[2mFiler Form Validation[2m > [22m[2mshould require state abbreviation (2 characters)
[22m[39m[Wizard] 2FA required: [33mfalse[39m
[Wizard] Proceeding to Filer step

[90mstdout[2m | components/IRIS1099Wizard.test.tsx[2m > [22m[2mIRIS1099Wizard - Authentication Step[2m > [22m[2mFiler Form Validation[2m > [22m[2mshould uppercase state abbreviation automatically
[22m[39m[Wizard] Authenticating...

[90mstdout[2m | components/IRIS1099Wizard.test.tsx[2m > [22m[2mIRIS1099Wizard - Authentication Step[2m > [22m[2mFiler Form Validation[2m > [22m[2mshould uppercase state abbreviation automatically
[22m[39m[Wizard] Health check: { status: [32m'healthy'[39m, service: [32m'IRS IRIS API Proxy'[39m, version: [32m'1.0.0'[39m }

[90mstdout[2m | components/IRIS1099Wizard.test.tsx[2m > [22m[2mIRIS1099Wizard - Authentication Step[2m > [22m[2mFiler Form Validation[2m > [22m[2mshould uppercase state abbreviation automatically
[22m[39m[Wizard] Verifying credentials...

[90mstdout[2m | components/IRIS1099Wizard.test.tsx[2m > [22m[2mIRIS1099Wizard - Authentication Step[2m > [22m[2mFiler Form Validation[2m > [22m[2mshould uppercase state abbreviation automatically
[22m[39m[Wizard] 2FA required: [33mfalse[39m
[Wizard] Proceeding to Filer step

[90mstdout[2m | components/IRIS1099Wizard.test.tsx[2m > [22m[2mIRIS1099Wizard - Authentication Step[2m > [22m[2mFiler Form Validation[2m > [22m[2mshould validate ZIP code format
[22m[39m[Wizard] Authenticating...

[90mstdout[2m | components/IRIS1099Wizard.test.tsx[2m > [22m[2mIRIS1099Wizard - Authentication Step[2m > [22m[2mFiler Form Validation[2m > [22m[2mshould validate ZIP code format
[22m[39m[Wizard] Health check: { status: [32m'healthy'[39m, service: [32m'IRS IRIS API Proxy'[39m, version: [32m'1.0.0'[39m }

[90mstdout[2m | components/IRIS1099Wizard.test.tsx[2m > [22m[2mIRIS1099Wizard - Authentication Step[2m > [22m[2mFiler Form Validation[2m > [22m[2mshould validate ZIP code format
[22m[39m[Wizard] Verifying credentials...

[90mstdout[2m | components/IRIS1099Wizard.test.tsx[2m > [22m[2mIRIS1099Wizard - Authentication Step[2m > [22m[2mFiler Form Validation[2m > [22m[2mshould validate ZIP code format
[22m[39m[Wizard] 2FA required: [33mfalse[39m
[Wizard] Proceeding to Filer step

[90mstdout[2m | components/IRIS1099Wizard.test.tsx[2m > [22m[2mIRIS1099Wizard - Authentication Step[2m > [22m[2mFiler Form Validation[2m > [22m[2mshould accept ZIP+4 format
[22m[39m[Wizard] Authenticating...

[90mstdout[2m | components/IRIS1099Wizard.test.tsx[2m > [22m[2mIRIS1099Wizard - Authentication Step[2m > [22m[2mFiler Form Validation[2m > [22m[2mshould accept ZIP+4 format
[22m[39m[Wizard] Health check: { status: [32m'healthy'[39m, service: [32m'IRS IRIS API Proxy'[39m, version: [32m'1.0.0'[39m }

[90mstdout[2m | components/IRIS1099Wizard.test.tsx[2m > [22m[2mIRIS1099Wizard - Authentication Step[2m > [22m[2mFiler Form Validation[2m > [22m[2mshould accept ZIP+4 format
[22m[39m[Wizard] Verifying credentials...

[90mstdout[2m | components/IRIS1099Wizard.test.tsx[2m > [22m[2mIRIS1099Wizard - Authentication Step[2m > [22m[2mFiler Form Validation[2m > [22m[2mshould accept ZIP+4 format
[22m[39m[Wizard] 2FA required: [33mfalse[39m
[Wizard] Proceeding to Filer step

[90mstdout[2m | components/IRIS1099Wizard.test.tsx[2m > [22m[2mIRIS1099Wizard - Authentication Step[2m > [22m[2mFiler Form Validation[2m > [22m[2mshould uppercase country code automatically
[22m[39m[Wizard] Authenticating...

[90mstdout[2m | components/IRIS1099Wizard.test.tsx[2m > [22m[2mIRIS1099Wizard - Authentication Step[2m > [22m[2mFiler Form Validation[2m > [22m[2mshould uppercase country code automatically
[22m[39m[Wizard] Health check: { status: [32m'healthy'[39m, service: [32m'IRS IRIS API Proxy'[39m, version: [32m'1.0.0'[39m }

[90mstdout[2m | components/IRIS1099Wizard.test.tsx[2m > [22m[2mIRIS1099Wizard - Authentication Step[2m > [22m[2mFiler Form Validation[2m > [22m[2mshould uppercase country code automatically
[22m[39m[Wizard] Verifying credentials...

[90mstdout[2m | components/IRIS1099Wizard.test.tsx[2m > [22m[2mIRIS1099Wizard - Authentication Step[2m > [22m[2mFiler Form Validation[2m > [22m[2mshould uppercase country code automatically
[22m[39m[Wizard] 2FA required: [33mfalse[39m
[Wizard] Proceeding to Filer step

[90mstdout[2m | components/IRIS1099Wizard.test.tsx[2m > [22m[2mIRIS1099Wizard - Authentication Step[2m > [22m[2mPayee Management[2m > [22m[2mshould add payee to list when Add Payee to Batch is clicked
[22m[39m[Wizard] Authenticating...

[90mstdout[2m | components/IRIS1099Wizard.test.tsx[2m > [22m[2mIRIS1099Wizard - Authentication Step[2m > [22m[2mPayee Management[2m > [22m[2mshould add payee to list when Add Payee to Batch is clicked
[22m[39m[Wizard] Health check: { status: [32m'healthy'[39m, service: [32m'IRS IRIS API Proxy'[39m, version: [32m'1.0.0'[39m }

[90mstdout[2m | components/IRIS1099Wizard.test.tsx[2m > [22m[2mIRIS1099Wizard - Authentication Step[2m > [22m[2mPayee Management[2m > [22m[2mshould add payee to list when Add Payee to Batch is clicked
[22m[39m[Wizard] Verifying credentials...

[90mstdout[2m | components/IRIS1099Wizard.test.tsx[2m > [22m[2mIRIS1099Wizard - Authentication Step[2m > [22m[2mPayee Management[2m > [22m[2mshould add payee to list when Add Payee to Batch is clicked
[22m[39m[Wizard] 2FA required: [33mfalse[39m
[Wizard] Proceeding to Filer step

[90mstdout[2m | components/IRIS1099Wizard.test.tsx[2m > [22m[2mIRIS1099Wizard - Authentication Step[2m > [22m[2mPayee Management[2m > [22m[2mshould allow adding multiple payees
[22m[39m[Wizard] Authenticating...

[90mstdout[2m | components/IRIS1099Wizard.test.tsx[2m > [22m[2mIRIS1099Wizard - Authentication Step[2m > [22m[2mPayee Management[2m > [22m[2mshould allow adding multiple payees
[22m[39m[Wizard] Health check: { status: [32m'healthy'[39m, service: [32m'IRS IRIS API Proxy'[39m, version: [32m'1.0.0'[39m }

[90mstdout[2m | components/IRIS1099Wizard.test.tsx[2m > [22m[2mIRIS1099Wizard - Authentication Step[2m > [22m[2mPayee Management[2m > [22m[2mshould allow adding multiple payees
[22m[39m[Wizard] Verifying credentials...

[90mstdout[2m | components/IRIS1099Wizard.test.tsx[2m > [22m[2mIRIS1099Wizard - Authentication Step[2m > [22m[2mPayee Management[2m > [22m[2mshould allow adding multiple payees
[22m[39m[Wizard] 2FA required: [33mfalse[39m
[Wizard] Proceeding to Filer step

[90mstdout[2m | components/IRIS1099Wizard.test.tsx[2m > [22m[2mIRIS1099Wizard - Authentication Step[2m > [22m[2mPayee Management[2m > [22m[2mshould require TIN to add payee
[22m[39m[Wizard] Authenticating...

[90mstdout[2m | components/IRIS1099Wizard.test.tsx[2m > [22m[2mIRIS1099Wizard - Authentication Step[2m > [22m[2mPayee Management[2m > [22m[2mshould require TIN to add payee
[22m[39m[Wizard] Health check: { status: [32m'healthy'[39m, service: [32m'IRS IRIS API Proxy'[39m, version: [32m'1.0.0'[39m }

[90mstdout[2m | components/IRIS1099Wizard.test.tsx[2m > [22m[2mIRIS1099Wizard - Authentication Step[2m > [22m[2mPayee Management[2m > [22m[2mshould require TIN to add payee
[22m[39m[Wizard] Verifying credentials...

[90mstdout[2m | components/IRIS1099Wizard.test.tsx[2m > [22m[2mIRIS1099Wizard - Authentication Step[2m > [22m[2mPayee Management[2m > [22m[2mshould require TIN to add payee
[22m[39m[Wizard] 2FA required: [33mfalse[39m
[Wizard] Proceeding to Filer step

[90mstdout[2m | components/IRIS1099Wizard.test.tsx[2m > [22m[2mIRIS1099Wizard - Authentication Step[2m > [22m[2mPayee Management[2m > [22m[2mshould require name to add payee
[22m[39m[Wizard] Authenticating...

[90mstdout[2m | components/IRIS1099Wizard.test.tsx[2m > [22m[2mIRIS1099Wizard - Authentication Step[2m > [22m[2mPayee Management[2m > [22m[2mshould require name to add payee
[22m[39m[Wizard] Health check: { status: [32m'healthy'[39m, service: [32m'IRS IRIS API Proxy'[39m, version: [32m'1.0.0'[39m }

[90mstdout[2m | components/IRIS1099Wizard.test.tsx[2m > [22m[2mIRIS1099Wizard - Authentication Step[2m > [22m[2mPayee Management[2m > [22m[2mshould require name to add payee
[22m[39m[Wizard] Verifying credentials...

[90mstdout[2m | components/IRIS1099Wizard.test.tsx[2m > [22m[2mIRIS1099Wizard - Authentication Step[2m > [22m[2mPayee Management[2m > [22m[2mshould require name to add payee
[22m[39m[Wizard] 2FA required: [33mfalse[39m
[Wizard] Proceeding to Filer step

[90mstdout[2m | components/IRIS1099Wizard.test.tsx[2m > [22m[2mIRIS1099Wizard - Authentication Step[2m > [22m[2mPayee Management[2m > [22m[2mshould clear form after adding payee
[22m[39m[Wizard] Authenticating...

[90mstdout[2m | components/IRIS1099Wizard.test.tsx[2m > [22m[2mIRIS1099Wizard - Authentication Step[2m > [22m[2mPayee Management[2m > [22m[2mshould clear form after adding payee
[22m[39m[Wizard] Health check: { status: [32m'healthy'[39m, service: [32m'IRS IRIS API Proxy'[39m, version: [32m'1.0.0'[39m }

[90mstdout[2m | components/IRIS1099Wizard.test.tsx[2m > [22m[2mIRIS1099Wizard - Authentication Step[2m > [22m[2mPayee Management[2m > [22m[2mshould clear form after adding payee
[22m[39m[Wizard] Verifying credentials...

[90mstdout[2m | components/IRIS1099Wizard.test.tsx[2m > [22m[2mIRIS1099Wizard - Authentication Step[2m > [22m[2mPayee Management[2m > [22m[2mshould clear form after adding payee
[22m[39m[Wizard] 2FA required: [33mfalse[39m
[Wizard] Proceeding to Filer step

[90mstdout[2m | components/IRIS1099Wizard.test.tsx[2m > [22m[2mIRIS1099Wizard - Authentication Step[2m > [22m[2mPayee Management[2m > [22m[2mshould show payee count in header
[22m[39m[Wizard] Authenticating...

[90mstdout[2m | components/IRIS1099Wizard.test.tsx[2m > [22m[2mIRIS1099Wizard - Authentication Step[2m > [22m[2mPayee Management[2m > [22m[2mshould show payee count in header
[22m[39m[Wizard] Health check: { status: [32m'healthy'[39m, service: [32m'IRS IRIS API Proxy'[39m, version: [32m'1.0.0'[39m }

[90mstdout[2m | components/IRIS1099Wizard.test.tsx[2m > [22m[2mIRIS1099Wizard - Authentication Step[2m > [22m[2mPayee Management[2m > [22m[2mshould show payee count in header
[22m[39m[Wizard] Verifying credentials...

[90mstdout[2m | components/IRIS1099Wizard.test.tsx[2m > [22m[2mIRIS1099Wizard - Authentication Step[2m > [22m[2mPayee Management[2m > [22m[2mshould show payee count in header
[22m[39m[Wizard] 2FA required: [33mfalse[39m
[Wizard] Proceeding to Filer step

[90mstdout[2m | components/IRIS1099Wizard.test.tsx[2m > [22m[2mIRIS1099Wizard - Authentication Step[2m > [22m[2mPayee Management[2m > [22m[2mshould show remove button for each payee
[22m[39m[Wizard] Authenticating...

[90mstdout[2m | components/IRIS1099Wizard.test.tsx[2m > [22m[2mIRIS1099Wizard - Authentication Step[2m > [22m[2mPayee Management[2m > [22m[2mshould show remove button for each payee
[22m[39m[Wizard] Health check: { status: [32m'healthy'[39m, service: [32m'IRS IRIS API Proxy'[39m, version: [32m'1.0.0'[39m }

[90mstdout[2m | components/IRIS1099Wizard.test.tsx[2m > [22m[2mIRIS1099Wizard - Authentication Step[2m > [22m[2mPayee Management[2m > [22m[2mshould show remove button for each payee
[22m[39m[Wizard] Verifying credentials...

[90mstdout[2m | components/IRIS1099Wizard.test.tsx[2m > [22m[2mIRIS1099Wizard - Authentication Step[2m > [22m[2mPayee Management[2m > [22m[2mshould show remove button for each payee
[22m[39m[Wizard] 2FA required: [33mfalse[39m
[Wizard] Proceeding to Filer step

[90mstdout[2m | components/IRIS1099Wizard.test.tsx[2m > [22m[2mIRIS1099Wizard - Authentication Step[2m > [22m[2mPayee Management[2m > [22m[2mshould remove payee when delete button is clicked
[22m[39m[Wizard] Authenticating...

[90mstdout[2m | components/IRIS1099Wizard.test.tsx[2m > [22m[2mIRIS1099Wizard - Authentication Step[2m > [22m[2mPayee Management[2m > [22m[2mshould remove payee when delete button is clicked
[22m[39m[Wizard] Health check: { status: [32m'healthy'[39m, service: [32m'IRS IRIS API Proxy'[39m, version: [32m'1.0.0'[39m }

[90mstdout[2m | components/IRIS1099Wizard.test.tsx[2m > [22m[2mIRIS1099Wizard - Authentication Step[2m > [22m[2mPayee Management[2m > [22m[2mshould remove payee when delete button is clicked
[22m[39m[Wizard] Verifying credentials...

[90mstdout[2m | components/IRIS1099Wizard.test.tsx[2m > [22m[2mIRIS1099Wizard - Authentication Step[2m > [22m[2mPayee Management[2m > [22m[2mshould remove payee when delete button is clicked
[22m[39m[Wizard] 2FA required: [33mfalse[39m
[Wizard] Proceeding to Filer step

[90mstdout[2m | components/IRIS1099Wizard.test.tsx[2m > [22m[2mIRIS1099Wizard - Authentication Step[2m > [22m[2mPayee Management[2m > [22m[2mshould update payee count after removal
[22m[39m[Wizard] Authenticating...

[90mstdout[2m | components/IRIS1099Wizard.test.tsx[2m > [22m[2mIRIS1099Wizard - Authentication Step[2m > [22m[2mPayee Management[2m > [22m[2mshould update payee count after removal
[22m[39m[Wizard] Health check: { status: [32m'healthy'[39m, service: [32m'IRS IRIS API Proxy'[39m, version: [32m'1.0.0'[39m }

[90mstdout[2m | components/IRIS1099Wizard.test.tsx[2m > [22m[2mIRIS1099Wizard - Authentication Step[2m > [22m[2mPayee Management[2m > [22m[2mshould update payee count after removal
[22m[39m[Wizard] Verifying credentials...

[90mstdout[2m | components/IRIS1099Wizard.test.tsx[2m > [22m[2mIRIS1099Wizard - Authentication Step[2m > [22m[2mPayee Management[2m > [22m[2mshould update payee count after removal
[22m[39m[Wizard] 2FA required: [33mfalse[39m
[Wizard] Proceeding to Filer step

[90mstdout[2m | components/IRIS1099Wizard.test.tsx[2m > [22m[2mIRIS1099Wizard - Authentication Step[2m > [22m[2mPayee Management[2m > [22m[2mshould disable Continue button after removing all payees
[22m[39m[Wizard] Authenticating...

[90mstdout[2m | components/IRIS1099Wizard.test.tsx[2m > [22m[2mIRIS1099Wizard - Authentication Step[2m > [22m[2mPayee Management[2m > [22m[2mshould disable Continue button after removing all payees
[22m[39m[Wizard] Health check: { status: [32m'healthy'[39m, service: [32m'IRS IRIS API Proxy'[39m, version: [32m'1.0.0'[39m }

[90mstdout[2m | components/IRIS1099Wizard.test.tsx[2m > [22m[2mIRIS1099Wizard - Authentication Step[2m > [22m[2mPayee Management[2m > [22m[2mshould disable Continue button after removing all payees
[22m[39m[Wizard] Verifying credentials...

[90mstdout[2m | components/IRIS1099Wizard.test.tsx[2m > [22m[2mIRIS1099Wizard - Authentication Step[2m > [22m[2mPayee Management[2m > [22m[2mshould disable Continue button after removing all payees
[22m[39m[Wizard] 2FA required: [33mfalse[39m
[Wizard] Proceeding to Filer step

[90mstdout[2m | components/IRIS1099Wizard.test.tsx[2m > [22m[2mIRIS1099Wizard - Authentication Step[2m > [22m[2mPayee TIN Validation[2m > [22m[2mshould accept valid EIN format (XX-XXXXXXX)
[22m[39m[Wizard] Authenticating...

[90mstdout[2m | components/IRIS1099Wizard.test.tsx[2m > [22m[2mIRIS1099Wizard - Authentication Step[2m > [22m[2mPayee TIN Validation[2m > [22m[2mshould accept valid EIN format (XX-XXXXXXX)
[22m[39m[Wizard] Health check: { status: [32m'healthy'[39m, service: [32m'IRS IRIS API Proxy'[39m, version: [32m'1.0.0'[39m }

[90mstdout[2m | components/IRIS1099Wizard.test.tsx[2m > [22m[2mIRIS1099Wizard - Authentication Step[2m > [22m[2mPayee TIN Validation[2m > [22m[2mshould accept valid EIN format (XX-XXXXXXX)
[22m[39m[Wizard] Verifying credentials...

[90mstdout[2m | components/IRIS1099Wizard.test.tsx[2m > [22m[2mIRIS1099Wizard - Authentication Step[2m > [22m[2mPayee TIN Validation[2m > [22m[2mshould accept valid EIN format (XX-XXXXXXX)
[22m[39m[Wizard] 2FA required: [33mfalse[39m
[Wizard] Proceeding to Filer step

[90mstdout[2m | components/IRIS1099Wizard.test.tsx[2m > [22m[2mIRIS1099Wizard - Authentication Step[2m > [22m[2mPayee TIN Validation[2m > [22m[2mshould accept valid SSN format (XXX-XX-XXXX)
[22m[39m[Wizard] Authenticating...

[90mstdout[2m | components/IRIS1099Wizard.test.tsx[2m > [22m[2mIRIS1099Wizard - Authentication Step[2m > [22m[2mPayee TIN Validation[2m > [22m[2mshould accept valid SSN format (XXX-XX-XXXX)
[22m[39m[Wizard] Health check: { status: [32m'healthy'[39m, service: [32m'IRS IRIS API Proxy'[39m, version: [32m'1.0.0'[39m }

[90mstdout[2m | components/IRIS1099Wizard.test.tsx[2m > [22m[2mIRIS1099Wizard - Authentication Step[2m > [22m[2mPayee TIN Validation[2m > [22m[2mshould accept valid SSN format (XXX-XX-XXXX)
[22m[39m[Wizard] Verifying credentials...

[90mstdout[2m | components/IRIS1099Wizard.test.tsx[2m > [22m[2mIRIS1099Wizard - Authentication Step[2m > [22m[2mPayee TIN Validation[2m > [22m[2mshould accept valid SSN format (XXX-XX-XXXX)
[22m[39m[Wizard] 2FA required: [33mfalse[39m
[Wizard] Proceeding to Filer step

[90mstdout[2m | components/IRIS1099Wizard.test.tsx[2m > [22m[2mIRIS1099Wizard - Authentication Step[2m > [22m[2mPayee TIN Validation[2m > [22m[2mshould show error for invalid TIN format
[22m[39m[Wizard] Authenticating...

[90mstdout[2m | components/IRIS1099Wizard.test.tsx[2m > [22m[2mIRIS1099Wizard - Authentication Step[2m > [22m[2mPayee TIN Validation[2m > [22m[2mshould show error for invalid TIN format
[22m[39m[Wizard] Health check: { status: [32m'healthy'[39m, service: [32m'IRS IRIS API Proxy'[39m, version: [32m'1.0.0'[39m }

[90mstdout[2m | components/IRIS1099Wizard.test.tsx[2m > [22m[2mIRIS1099Wizard - Authentication Step[2m > [22m[2mPayee TIN Validation[2m > [22m[2mshould show error for invalid TIN format
[22m[39m[Wizard] Verifying credentials...

[90mstdout[2m | components/IRIS1099Wizard.test.tsx[2m > [22m[2mIRIS1099Wizard - Authentication Step[2m > [22m[2mPayee TIN Validation[2m > [22m[2mshould show error for invalid TIN format
[22m[39m[Wizard] 2FA required: [33mfalse[39m
[Wizard] Proceeding to Filer step

[90mstdout[2m | components/IRIS1099Wizard.test.tsx[2m > [22m[2mIRIS1099Wizard - Authentication Step[2m > [22m[2mPayee TIN Validation[2m > [22m[2mshould disable Add button for invalid TIN format
[22m[39m[Wizard] Authenticating...

[90mstdout[2m | components/IRIS1099Wizard.test.tsx[2m > [22m[2mIRIS1099Wizard - Authentication Step[2m > [22m[2mPayee TIN Validation[2m > [22m[2mshould disable Add button for invalid TIN format
[22m[39m[Wizard] Health check: { status: [32m'healthy'[39m, service: [32m'IRS IRIS API Proxy'[39m, version: [32m'1.0.0'[39m }

[90mstdout[2m | components/IRIS1099Wizard.test.tsx[2m > [22m[2mIRIS1099Wizard - Authentication Step[2m > [22m[2mPayee TIN Validation[2m > [22m[2mshould disable Add button for invalid TIN format
[22m[39m[Wizard] Verifying credentials...

[90mstdout[2m | components/IRIS1099Wizard.test.tsx[2m > [22m[2mIRIS1099Wizard - Authentication Step[2m > [22m[2mPayee TIN Validation[2m > [22m[2mshould disable Add button for invalid TIN format
[22m[39m[Wizard] 2FA required: [33mfalse[39m
[Wizard] Proceeding to Filer step

[90mstdout[2m | components/IRIS1099Wizard.test.tsx[2m > [22m[2mIRIS1099Wizard - Authentication Step[2m > [22m[2mPayee TIN Validation[2m > [22m[2mshould warn about duplicate TIN
[22m[39m[Wizard] Authenticating...

[90mstdout[2m | components/IRIS1099Wizard.test.tsx[2m > [22m[2mIRIS1099Wizard - Authentication Step[2m > [22m[2mPayee TIN Validation[2m > [22m[2mshould warn about duplicate TIN
[22m[39m[Wizard] Health check: { status: [32m'healthy'[39m, service: [32m'IRS IRIS API Proxy'[39m, version: [32m'1.0.0'[39m }

[90mstdout[2m | components/IRIS1099Wizard.test.tsx[2m > [22m[2mIRIS1099Wizard - Authentication Step[2m > [22m[2mPayee TIN Validation[2m > [22m[2mshould warn about duplicate TIN
[22m[39m[Wizard] Verifying credentials...

[90mstdout[2m | components/IRIS1099Wizard.test.tsx[2m > [22m[2mIRIS1099Wizard - Authentication Step[2m > [22m[2mPayee TIN Validation[2m > [22m[2mshould warn about duplicate TIN
[22m[39m[Wizard] 2FA required: [33mfalse[39m
[Wizard] Proceeding to Filer step

[90mstdout[2m | components/IRIS1099Wizard.test.tsx[2m > [22m[2mIRIS1099Wizard - Authentication Step[2m > [22m[2mSubmission Flow[2m > [22m[2mshould call transmissionCheck for pre-validation on submit
[22m[39m[Wizard] Authenticating...

[90mstdout[2m | components/IRIS1099Wizard.test.tsx[2m > [22m[2mIRIS1099Wizard - Authentication Step[2m > [22m[2mSubmission Flow[2m > [22m[2mshould call transmissionCheck for pre-validation on submit
[22m[39m[Wizard] Health check: { status: [32m'healthy'[39m, service: [32m'IRS IRIS API Proxy'[39m, version: [32m'1.0.0'[39m }

[90mstdout[2m | components/IRIS1099Wizard.test.tsx[2m > [22m[2mIRIS1099Wizard - Authentication Step[2m > [22m[2mSubmission Flow[2m > [22m[2mshould call transmissionCheck for pre-validation on submit
[22m[39m[Wizard] Verifying credentials...

[90mstdout[2m | components/IRIS1099Wizard.test.tsx[2m > [22m[2mIRIS1099Wizard - Authentication Step[2m > [22m[2mSubmission Flow[2m > [22m[2mshould call transmissionCheck for pre-validation on submit
[22m[39m[Wizard] 2FA required: [33mfalse[39m
[Wizard] Proceeding to Filer step

[90mstdout[2m | components/IRIS1099Wizard.test.tsx[2m > [22m[2mIRIS1099Wizard - Authentication Step[2m > [22m[2mSubmission Flow[2m > [22m[2mshould show validating status when pre-validation starts
[22m[39m[Wizard] Authenticating...

[90mstdout[2m | components/IRIS1099Wizard.test.tsx[2m > [22m[2mIRIS1099Wizard - Authentication Step[2m > [22m[2mSubmission Flow[2m > [22m[2mshould show validating status when pre-validation starts
[22m[39m[Wizard] Health check: { status: [32m'healthy'[39m, service: [32m'IRS IRIS API Proxy'[39m, version: [32m'1.0.0'[39m }

[90mstdout[2m | components/IRIS1099Wizard.test.tsx[2m > [22m[2mIRIS1099Wizard - Authentication Step[2m > [22m[2mSubmission Flow[2m > [22m[2mshould show validating status when pre-validation starts
[22m[39m[Wizard] Verifying credentials...

[90mstdout[2m | components/IRIS1099Wizard.test.tsx[2m > [22m[2mIRIS1099Wizard - Authentication Step[2m > [22m[2mSubmission Flow[2m > [22m[2mshould show validating status when pre-validation starts
[22m[39m[Wizard] 2FA required: [33mfalse[39m
[Wizard] Proceeding to Filer step

[90mstdout[2m | components/IRIS1099Wizard.test.tsx[2m > [22m[2mIRIS1099Wizard - Authentication Step[2m > [22m[2mSubmission Flow[2m > [22m[2mshould display validation errors when pre-validation fails
[22m[39m[Wizard] Authenticating...

[90mstdout[2m | components/IRIS1099Wizard.test.tsx[2m > [22m[2mIRIS1099Wizard - Authentication Step[2m > [22m[2mSubmission Flow[2m > [22m[2mshould display validation errors when pre-validation fails
[22m[39m[Wizard] Health check: { status: [32m'healthy'[39m, service: [32m'IRS IRIS API Proxy'[39m, version: [32m'1.0.0'[39m }

[90mstdout[2m | components/IRIS1099Wizard.test.tsx[2m > [22m[2mIRIS1099Wizard - Authentication Step[2m > [22m[2mSubmission Flow[2m > [22m[2mshould display validation errors when pre-validation fails
[22m[39m[Wizard] Verifying credentials...

[90mstdout[2m | components/IRIS1099Wizard.test.tsx[2m > [22m[2mIRIS1099Wizard - Authentication Step[2m > [22m[2mSubmission Flow[2m > [22m[2mshould display validation errors when pre-validation fails
[22m[39m[Wizard] 2FA required: [33mfalse[39m
[Wizard] Proceeding to Filer step

[90mstdout[2m | components/IRIS1099Wizard.test.tsx[2m > [22m[2mIRIS1099Wizard - Authentication Step[2m > [22m[2mSubmission Flow[2m > [22m[2mshould not call submitBatch when validation fails
[22m[39m[Wizard] Authenticating...

[90mstdout[2m | components/IRIS1099Wizard.test.tsx[2m > [22m[2mIRIS1099Wizard - Authentication Step[2m > [22m[2mSubmission Flow[2m > [22m[2mshould not call submitBatch when validation fails
[22m[39m[Wizard] Health check: { status: [32m'healthy'[39m, service: [32m'IRS IRIS API Proxy'[39m, version: [32m'1.0.0'[39m }

[90mstdout[2m | components/IRIS1099Wizard.test.tsx[2m > [22m[2mIRIS1099Wizard - Authentication Step[2m > [22m[2mSubmission Flow[2m > [22m[2mshould not call submitBatch when validation fails
[22m[39m[Wizard] Verifying credentials...

[90mstdout[2m | components/IRIS1099Wizard.test.tsx[2m > [22m[2mIRIS1099Wizard - Authentication Step[2m > [22m[2mSubmission Flow[2m > [22m[2mshould not call submitBatch when validation fails
[22m[39m[Wizard] 2FA required: [33mfalse[39m
[Wizard] Proceeding to Filer step

[90mstdout[2m | components/IRIS1099Wizard.test.tsx[2m > [22m[2mIRIS1099Wizard - Authentication Step[2m > [22m[2mSubmission Flow[2m > [22m[2mshould call submitBatch when validation passes
[22m[39m[Wizard] Authenticating...

[90mstdout[2m | components/IRIS1099Wizard.test.tsx[2m > [22m[2mIRIS1099Wizard - Authentication Step[2m > [22m[2mSubmission Flow[2m > [22m[2mshould call submitBatch when validation passes
[22m[39m[Wizard] Health check: { status: [32m'healthy'[39m, service: [32m'IRS IRIS API Proxy'[39m, version: [32m'1.0.0'[39m }

[90mstdout[2m | components/IRIS1099Wizard.test.tsx[2m > [22m[2mIRIS1099Wizard - Authentication Step[2m > [22m[2mSubmission Flow[2m > [22m[2mshould call submitBatch when validation passes
[22m[39m[Wizard] Verifying credentials...

[90mstdout[2m | components/IRIS1099Wizard.test.tsx[2m > [22m[2mIRIS1099Wizard - Authentication Step[2m > [22m[2mSubmission Flow[2m > [22m[2mshould call submitBatch when validation passes
[22m[39m[Wizard] 2FA required: [33mfalse[39m
[Wizard] Proceeding to Filer step

[90mstdout[2m | components/IRIS1099Wizard.test.tsx[2m > [22m[2mIRIS1099Wizard - Authentication Step[2m > [22m[2mSubmission Flow[2m > [22m[2mshould show transmitting status during submission
[22m[39m[Wizard] Authenticating...

[90mstdout[2m | components/IRIS1099Wizard.test.tsx[2m > [22m[2mIRIS1099Wizard - Authentication Step[2m > [22m[2mSubmission Flow[2m > [22m[2mshould show transmitting status during submission
[22m[39m[Wizard] Health check: { status: [32m'healthy'[39m, service: [32m'IRS IRIS API Proxy'[39m, version: [32m'1.0.0'[39m }

[90mstdout[2m | components/IRIS1099Wizard.test.tsx[2m > [22m[2mIRIS1099Wizard - Authentication Step[2m > [22m[2mSubmission Flow[2m > [22m[2mshould show transmitting status during submission
[22m[39m[Wizard] Verifying credentials...

[90mstdout[2m | components/IRIS1099Wizard.test.tsx[2m > [22m[2mIRIS1099Wizard - Authentication Step[2m > [22m[2mSubmission Flow[2m > [22m[2mshould show transmitting status during submission
[22m[39m[Wizard] 2FA required: [33mfalse[39m
[Wizard] Proceeding to Filer step

[90mstdout[2m | components/IRIS1099Wizard.test.tsx[2m > [22m[2mIRIS1099Wizard - Authentication Step[2m > [22m[2mSubmission Flow[2m > [22m[2mshould display receipt ID after successful submission
[22m[39m[Wizard] Authenticating...

[90mstdout[2m | components/IRIS1099Wizard.test.tsx[2m > [22m[2mIRIS1099Wizard - Authentication Step[2m > [22m[2mSubmission Flow[2m > [22m[2mshould display receipt ID after successful submission
[22m[39m[Wizard] Health check: { status: [32m'healthy'[39m, service: [32m'IRS IRIS API Proxy'[39m, version: [32m'1.0.0'[39m }

[90mstdout[2m | components/IRIS1099Wizard.test.tsx[2m > [22m[2mIRIS1099Wizard - Authentication Step[2m > [22m[2mSubmission Flow[2m > [22m[2mshould display receipt ID after successful submission
[22m[39m[Wizard] Verifying credentials...

[90mstdout[2m | components/IRIS1099Wizard.test.tsx[2m > [22m[2mIRIS1099Wizard - Authentication Step[2m > [22m[2mSubmission Flow[2m > [22m[2mshould display receipt ID after successful submission
[22m[39m[Wizard] 2FA required: [33mfalse[39m
[Wizard] Proceeding to Filer step

[90mstdout[2m | components/IRIS1099Wizard.test.tsx[2m > [22m[2mIRIS1099Wizard - Authentication Step[2m > [22m[2mSubmission Flow[2m > [22m[2mshould handle submission API error
[22m[39m[Wizard] Authenticating...

[90mstdout[2m | components/IRIS1099Wizard.test.tsx[2m > [22m[2mIRIS1099Wizard - Authentication Step[2m > [22m[2mSubmission Flow[2m > [22m[2mshould handle submission API error
[22m[39m[Wizard] Health check: { status: [32m'healthy'[39m, service: [32m'IRS IRIS API Proxy'[39m, version: [32m'1.0.0'[39m }

[90mstdout[2m | components/IRIS1099Wizard.test.tsx[2m > [22m[2mIRIS1099Wizard - Authentication Step[2m > [22m[2mSubmission Flow[2m > [22m[2mshould handle submission API error
[22m[39m[Wizard] Verifying credentials...

[90mstdout[2m | components/IRIS1099Wizard.test.tsx[2m > [22m[2mIRIS1099Wizard - Authentication Step[2m > [22m[2mSubmission Flow[2m > [22m[2mshould handle submission API error
[22m[39m[Wizard] 2FA required: [33mfalse[39m
[Wizard] Proceeding to Filer step

[90mstdout[2m | components/IRIS1099Wizard.test.tsx[2m > [22m[2mIRIS1099Wizard - Authentication Step[2m > [22m[2mSubmission Flow[2m > [22m[2mshould poll for status after submission
[22m[39m[Wizard] Authenticating...

[90mstdout[2m | components/IRIS1099Wizard.test.tsx[2m > [22m[2mIRIS1099Wizard - Authentication Step[2m > [22m[2mSubmission Flow[2m > [22m[2mshould poll for status after submission
[22m[39m[Wizard] Health check: { status: [32m'healthy'[39m, service: [32m'IRS IRIS API Proxy'[39m, version: [32m'1.0.0'[39m }

[90mstdout[2m | components/IRIS1099Wizard.test.tsx[2m > [22m[2mIRIS1099Wizard - Authentication Step[2m > [22m[2mSubmission Flow[2m > [22m[2mshould poll for status after submission
[22m[39m[Wizard] Verifying credentials...

[90mstdout[2m | components/IRIS1099Wizard.test.tsx[2m > [22m[2mIRIS1099Wizard - Authentication Step[2m > [22m[2mSubmission Flow[2m > [22m[2mshould poll for status after submission
[22m[39m[Wizard] 2FA required: [33mfalse[39m
[Wizard] Proceeding to Filer step

[90mstdout[2m | components/IRIS1099Wizard.test.tsx[2m > [22m[2mIRIS1099Wizard - Authentication Step[2m > [22m[2mSubmission Flow[2m > [22m[2mshould display final status results
[22m[39m[Wizard] Authenticating...

[90mstdout[2m | components/IRIS1099Wizard.test.tsx[2m > [22m[2mIRIS1099Wizard - Authentication Step[2m > [22m[2mSubmission Flow[2m > [22m[2mshould display final status results
[22m[39m[Wizard] Health check: { status: [32m'healthy'[39m, service: [32m'IRS IRIS API Proxy'[39m, version: [32m'1.0.0'[39m }

[90mstdout[2m | components/IRIS1099Wizard.test.tsx[2m > [22m[2mIRIS1099Wizard - Authentication Step[2m > [22m[2mSubmission Flow[2m > [22m[2mshould display final status results
[22m[39m[Wizard] Verifying credentials...

[90mstdout[2m | components/IRIS1099Wizard.test.tsx[2m > [22m[2mIRIS1099Wizard - Authentication Step[2m > [22m[2mSubmission Flow[2m > [22m[2mshould display final status results
[22m[39m[Wizard] 2FA required: [33mfalse[39m
[Wizard] Proceeding to Filer step

[90mstdout[2m | components/IRIS1099Wizard.test.tsx[2m > [22m[2mIRIS1099Wizard - Authentication Step[2m > [22m[2mSubmission Flow[2m > [22m[2mshould show processing status during polling
[22m[39m[Wizard] Authenticating...

[90mstdout[2m | components/IRIS1099Wizard.test.tsx[2m > [22m[2mIRIS1099Wizard - Authentication Step[2m > [22m[2mSubmission Flow[2m > [22m[2mshould show processing status during polling
[22m[39m[Wizard] Health check: { status: [32m'healthy'[39m, service: [32m'IRS IRIS API Proxy'[39m, version: [32m'1.0.0'[39m }

[90mstdout[2m | components/IRIS1099Wizard.test.tsx[2m > [22m[2mIRIS1099Wizard - Authentication Step[2m > [22m[2mSubmission Flow[2m > [22m[2mshould show processing status during polling
[22m[39m[Wizard] Verifying credentials...

[90mstdout[2m | components/IRIS1099Wizard.test.tsx[2m > [22m[2mIRIS1099Wizard - Authentication Step[2m > [22m[2mSubmission Flow[2m > [22m[2mshould show processing status during polling
[22m[39m[Wizard] 2FA required: [33mfalse[39m
[Wizard] Proceeding to Filer step

[90mstdout[2m | components/IRIS1099Wizard.test.tsx[2m > [22m[2mIRIS1099Wizard - Authentication Step[2m > [22m[2mSubmission Flow[2m > [22m[2mshould display batch status counts during polling
[22m[39m[Wizard] Authenticating...

[90mstdout[2m | components/IRIS1099Wizard.test.tsx[2m > [22m[2mIRIS1099Wizard - Authentication Step[2m > [22m[2mSubmission Flow[2m > [22m[2mshould display batch status counts during polling
[22m[39m[Wizard] Health check: { status: [32m'healthy'[39m, service: [32m'IRS IRIS API Proxy'[39m, version: [32m'1.0.0'[39m }

[90mstdout[2m | components/IRIS1099Wizard.test.tsx[2m > [22m[2mIRIS1099Wizard - Authentication Step[2m > [22m[2mSubmission Flow[2m > [22m[2mshould display batch status counts during polling
[22m[39m[Wizard] Verifying credentials...

[90mstdout[2m | components/IRIS1099Wizard.test.tsx[2m > [22m[2mIRIS1099Wizard - Authentication Step[2m > [22m[2mSubmission Flow[2m > [22m[2mshould display batch status counts during polling
[22m[39m[Wizard] 2FA required: [33mfalse[39m
[Wizard] Proceeding to Filer step

[90mstdout[2m | components/IRIS1099Wizard.test.tsx[2m > [22m[2mIRIS1099Wizard - Authentication Step[2m > [22m[2mSubmission Flow[2m > [22m[2mshould display all accepted message on full success
[22m[39m[Wizard] Authenticating...

[90mstdout[2m | components/IRIS1099Wizard.test.tsx[2m > [22m[2mIRIS1099Wizard - Authentication Step[2m > [22m[2mSubmission Flow[2m > [22m[2mshould display all accepted message on full success
[22m[39m[Wizard] Health check: { status: [32m'healthy'[39m, service: [32m'IRS IRIS API Proxy'[39m, version: [32m'1.0.0'[39m }

[90mstdout[2m | components/IRIS1099Wizard.test.tsx[2m > [22m[2mIRIS1099Wizard - Authentication Step[2m > [22m[2mSubmission Flow[2m > [22m[2mshould display all accepted message on full success
[22m[39m[Wizard] Verifying credentials...

[90mstdout[2m | components/IRIS1099Wizard.test.tsx[2m > [22m[2mIRIS1099Wizard - Authentication Step[2m > [22m[2mSubmission Flow[2m > [22m[2mshould display all accepted message on full success
[22m[39m[Wizard] 2FA required: [33mfalse[39m
[Wizard] Proceeding to Filer step

[90mstdout[2m | components/IRIS1099Wizard.test.tsx[2m > [22m[2mIRIS1099Wizard - Authentication Step[2m > [22m[2mSubmission Flow[2m > [22m[2mshould show New Submission button after completion
[22m[39m[Wizard] Authenticating...

[90mstdout[2m | components/IRIS1099Wizard.test.tsx[2m > [22m[2mIRIS1099Wizard - Authentication Step[2m > [22m[2mSubmission Flow[2m > [22m[2mshould show New Submission button after completion
[22m[39m[Wizard] Health check: { status: [32m'healthy'[39m, service: [32m'IRS IRIS API Proxy'[39m, version: [32m'1.0.0'[39m }

[90mstdout[2m | components/IRIS1099Wizard.test.tsx[2m > [22m[2mIRIS1099Wizard - Authentication Step[2m > [22m[2mSubmission Flow[2m > [22m[2mshould show New Submission button after completion
[22m[39m[Wizard] Verifying credentials...

[90mstdout[2m | components/IRIS1099Wizard.test.tsx[2m > [22m[2mIRIS1099Wizard - Authentication Step[2m > [22m[2mSubmission Flow[2m > [22m[2mshould show New Submission button after completion
[22m[39m[Wizard] 2FA required: [33mfalse[39m
[Wizard] Proceeding to Filer step

[90mstdout[2m | components/IRIS1099Wizard.test.tsx[2m > [22m[2mIRIS1099Wizard - Authentication Step[2m > [22m[2mSubmission Flow[2m > [22m[2mshould show Close button after completion
[22m[39m[Wizard] Authenticating...

[90mstdout[2m | components/IRIS1099Wizard.test.tsx[2m > [22m[2mIRIS1099Wizard - Authentication Step[2m > [22m[2mSubmission Flow[2m > [22m[2mshould show Close button after completion
[22m[39m[Wizard] Health check: { status: [32m'healthy'[39m, service: [32m'IRS IRIS API Proxy'[39m, version: [32m'1.0.0'[39m }

[90mstdout[2m | components/IRIS1099Wizard.test.tsx[2m > [22m[2mIRIS1099Wizard - Authentication Step[2m > [22m[2mSubmission Flow[2m > [22m[2mshould show Close button after completion
[22m[39m[Wizard] Verifying credentials...

[90mstdout[2m | components/IRIS1099Wizard.test.tsx[2m > [22m[2mIRIS1099Wizard - Authentication Step[2m > [22m[2mSubmission Flow[2m > [22m[2mshould show Close button after completion
[22m[39m[Wizard] 2FA required: [33mfalse[39m
[Wizard] Proceeding to Filer step

[90mstdout[2m | components/IRIS1099Wizard.test.tsx[2m > [22m[2mIRIS1099Wizard - Authentication Step[2m > [22m[2mSubmission Flow[2m > [22m[2mshould display warning count in results
[22m[39m[Wizard] Authenticating...

[90mstdout[2m | components/IRIS1099Wizard.test.tsx[2m > [22m[2mIRIS1099Wizard - Authentication Step[2m > [22m[2mSubmission Flow[2m > [22m[2mshould display warning count in results
[22m[39m[Wizard] Health check: { status: [32m'healthy'[39m, service: [32m'IRS IRIS API Proxy'[39m, version: [32m'1.0.0'[39m }

[90mstdout[2m | components/IRIS1099Wizard.test.tsx[2m > [22m[2mIRIS1099Wizard - Authentication Step[2m > [22m[2mSubmission Flow[2m > [22m[2mshould display warning count in results
[22m[39m[Wizard] Verifying credentials...

[90mstdout[2m | components/IRIS1099Wizard.test.tsx[2m > [22m[2mIRIS1099Wizard - Authentication Step[2m > [22m[2mSubmission Flow[2m > [22m[2mshould display warning count in results
[22m[39m[Wizard] 2FA required: [33mfalse[39m
[Wizard] Proceeding to Filer step

[90mstdout[2m | components/IRIS1099Wizard.test.tsx[2m > [22m[2mIRIS1099Wizard - Authentication Step[2m > [22m[2mSubmission Flow[2m > [22m[2mshould display error list when errors exist in batch status
[22m[39m[Wizard] Authenticating...

[90mstdout[2m | components/IRIS1099Wizard.test.tsx[2m > [22m[2mIRIS1099Wizard - Authentication Step[2m > [22m[2mSubmission Flow[2m > [22m[2mshould display error list when errors exist in batch status
[22m[39m[Wizard] Health check: { status: [32m'healthy'[39m, service: [32m'IRS IRIS API Proxy'[39m, version: [32m'1.0.0'[39m }

[90mstdout[2m | components/IRIS1099Wizard.test.tsx[2m > [22m[2mIRIS1099Wizard - Authentication Step[2m > [22m[2mSubmission Flow[2m > [22m[2mshould display error list when errors exist in batch status
[22m[39m[Wizard] Verifying credentials...

[90mstdout[2m | components/IRIS1099Wizard.test.tsx[2m > [22m[2mIRIS1099Wizard - Authentication Step[2m > [22m[2mSubmission Flow[2m > [22m[2mshould display error list when errors exist in batch status
[22m[39m[Wizard] 2FA required: [33mfalse[39m
[Wizard] Proceeding to Filer step

 [32m✓[39m components/IRIS1099Wizard.test.tsx [2m([22m[2m76 tests[22m[2m)[22m[33m 11376[2mms[22m[39m
       [33m[2m✓[22m[39m should accept valid TCC format (2 letters + hyphen + 7 alphanumeric) [33m 354[2mms[22m[39m
       [33m[2m✓[22m[39m should show Validate & Submit button on Review step [33m 317[2mms[22m[39m
       [33m[2m✓[22m[39m should call submitBatch when validation passes [33m 423[2mms[22m[39m
       [33m[2m✓[22m[39m should show transmitting status during submission [33m 311[2mms[22m[39m

[2m Test Files [22m [1m[32m1 passed[39m[22m[90m (1)[39m
[2m      Tests [22m [1m[32m76 passed[39m[22m[90m (76)[39m
[2m   Start at [22m 21:04:49
[2m   Duration [22m 12.43s

[1m[42m PASS [49m[22m [32mWaiting for file changes...[39m
       [2mpress [22m[1mh[22m[2m to show help[22m[2m, [22m[2mpress [22m[1mq[22m[2m to quit[22m
c[3J[1m[44m RERUN [49m[22m [34m[2mcomponents/IRIS1099Wizard.tsx [22m[34mx4 [34m[39m
       [2m Filename pattern: [22m[34mcomponents/IRIS1099Wizard.test.tsx[39m

[90mstdout[2m | components/IRIS1099Wizard.test.tsx[2m > [22m[2mIRIS1099Wizard - Authentication Step[2m > [22m[2mTCC Input Validation[2m > [22m[2mshould call irsApi.setAuth with TCC on authenticate
[22m[39m[Wizard] Authenticating...

[90mstdout[2m | components/IRIS1099Wizard.test.tsx[2m > [22m[2mIRIS1099Wizard - Authentication Step[2m > [22m[2mTCC Input Validation[2m > [22m[2mshould call irsApi.setAuth with TCC on authenticate
[22m[39m[Wizard] Health check: { status: [32m'healthy'[39m, service: [32m'IRS IRIS API Proxy'[39m, version: [32m'1.0.0'[39m }

[90mstdout[2m | components/IRIS1099Wizard.test.tsx[2m > [22m[2mIRIS1099Wizard - Authentication Step[2m > [22m[2mTCC Input Validation[2m > [22m[2mshould call irsApi.setAuth with TCC on authenticate
[22m[39m[Wizard] Verifying credentials...

[90mstdout[2m | components/IRIS1099Wizard.test.tsx[2m > [22m[2mIRIS1099Wizard - Authentication Step[2m > [22m[2mTCC Input Validation[2m > [22m[2mshould call irsApi.setAuth with TCC on authenticate
[22m[39m[Wizard] 2FA required: [33mfalse[39m
[Wizard] Proceeding to Filer step

[90mstdout[2m | components/IRIS1099Wizard.test.tsx[2m > [22m[2mIRIS1099Wizard - Authentication Step[2m > [22m[2mTCC Input Validation[2m > [22m[2mshould call storeTCC when saveCredentials is checked
[22m[39m[Wizard] Authenticating...

[90mstdout[2m | components/IRIS1099Wizard.test.tsx[2m > [22m[2mIRIS1099Wizard - Authentication Step[2m > [22m[2mTCC Input Validation[2m > [22m[2mshould call storeTCC when saveCredentials is checked
[22m[39m[Wizard] Health check: { status: [32m'healthy'[39m, service: [32m'IRS IRIS API Proxy'[39m, version: [32m'1.0.0'[39m }

[90mstdout[2m | components/IRIS1099Wizard.test.tsx[2m > [22m[2mIRIS1099Wizard - Authentication Step[2m > [22m[2mTCC Input Validation[2m > [22m[2mshould call storeTCC when saveCredentials is checked
[22m[39m[Wizard] Verifying credentials...

[90mstdout[2m | components/IRIS1099Wizard.test.tsx[2m > [22m[2mIRIS1099Wizard - Authentication Step[2m > [22m[2mTCC Input Validation[2m > [22m[2mshould call storeTCC when saveCredentials is checked
[22m[39m[Wizard] 2FA required: [33mfalse[39m
[Wizard] Proceeding to Filer step

[90mstdout[2m | components/IRIS1099Wizard.test.tsx[2m > [22m[2mIRIS1099Wizard - Authentication Step[2m > [22m[2mBearer Token Input[2m > [22m[2mshould call irsApi.setAuth with bearer token
[22m[39m[Wizard] Authenticating...

[90mstdout[2m | components/IRIS1099Wizard.test.tsx[2m > [22m[2mIRIS1099Wizard - Authentication Step[2m > [22m[2mBearer Token Input[2m > [22m[2mshould call irsApi.setAuth with bearer token
[22m[39m[Wizard] Health check: { status: [32m'healthy'[39m, service: [32m'IRS IRIS API Proxy'[39m, version: [32m'1.0.0'[39m }

[90mstdout[2m | components/IRIS1099Wizard.test.tsx[2m > [22m[2mIRIS1099Wizard - Authentication Step[2m > [22m[2mBearer Token Input[2m > [22m[2mshould call irsApi.setAuth with bearer token
[22m[39m[Wizard] Verifying credentials...

[90mstdout[2m | components/IRIS1099Wizard.test.tsx[2m > [22m[2mIRIS1099Wizard - Authentication Step[2m > [22m[2mBearer Token Input[2m > [22m[2mshould call irsApi.setAuth with bearer token
[22m[39m[Wizard] 2FA required: [33mfalse[39m
[Wizard] Proceeding to Filer step

[90mstdout[2m | components/IRIS1099Wizard.test.tsx[2m > [22m[2mIRIS1099Wizard - Authentication Step[2m > [22m[2mBearer Token Input[2m > [22m[2mshould call storeBearerToken when saveCredentials is checked
[22m[39m[Wizard] Authenticating...

[90mstdout[2m | components/IRIS1099Wizard.test.tsx[2m > [22m[2mIRIS1099Wizard - Authentication Step[2m > [22m[2mBearer Token Input[2m > [22m[2mshould call storeBearerToken when saveCredentials is checked
[22m[39m[Wizard] Health check: { status: [32m'healthy'[39m, service: [32m'IRS IRIS API Proxy'[39m, version: [32m'1.0.0'[39m }

[90mstdout[2m | components/IRIS1099Wizard.test.tsx[2m > [22m[2mIRIS1099Wizard - Authentication Step[2m > [22m[2mBearer Token Input[2m > [22m[2mshould call storeBearerToken when saveCredentials is checked
[22m[39m[Wizard] Verifying credentials...

[90mstdout[2m | components/IRIS1099Wizard.test.tsx[2m > [22m[2mIRIS1099Wizard - Authentication Step[2m > [22m[2mBearer Token Input[2m > [22m[2mshould call storeBearerToken when saveCredentials is checked
[22m[39m[Wizard] 2FA required: [33mfalse[39m
[Wizard] Proceeding to Filer step

[90mstdout[2m | components/IRIS1099Wizard.test.tsx[2m > [22m[2mIRIS1099Wizard - Authentication Step[2m > [22m[2mSave Credentials Toggle[2m > [22m[2mshould not store credentials when unchecked
[22m[39m[Wizard] Authenticating...

[90mstdout[2m | components/IRIS1099Wizard.test.tsx[2m > [22m[2mIRIS1099Wizard - Authentication Step[2m > [22m[2mSave Credentials Toggle[2m > [22m[2mshould not store credentials when unchecked
[22m[39m[Wizard] Health check: { status: [32m'healthy'[39m, service: [32m'IRS IRIS API Proxy'[39m, version: [32m'1.0.0'[39m }

[90mstdout[2m | components/IRIS1099Wizard.test.tsx[2m > [22m[2mIRIS1099Wizard - Authentication Step[2m > [22m[2mSave Credentials Toggle[2m > [22m[2mshould not store credentials when unchecked
[22m[39m[Wizard] Verifying credentials...

[90mstdout[2m | components/IRIS1099Wizard.test.tsx[2m > [22m[2mIRIS1099Wizard - Authentication Step[2m > [22m[2mSave Credentials Toggle[2m > [22m[2mshould not store credentials when unchecked
[22m[39m[Wizard] 2FA required: [33mfalse[39m
[Wizard] Proceeding to Filer step

[90mstdout[2m | components/IRIS1099Wizard.test.tsx[2m > [22m[2mIRIS1099Wizard - Authentication Step[2m > [22m[2mWizard Step Navigation[2m > [22m[2mshould progress from Auth to Filer step on authentication
[22m[39m[Wizard] Authenticating...

[90mstdout[2m | components/IRIS1099Wizard.test.tsx[2m > [22m[2mIRIS1099Wizard - Authentication Step[2m > [22m[2mWizard Step Navigation[2m > [22m[2mshould progress from Auth to Filer step on authentication
[22m[39m[Wizard] Health check: { status: [32m'healthy'[39m, service: [32m'IRS IRIS API Proxy'[39m, version: [32m'1.0.0'[39m }

[90mstdout[2m | components/IRIS1099Wizard.test.tsx[2m > [22m[2mIRIS1099Wizard - Authentication Step[2m > [22m[2mWizard Step Navigation[2m > [22m[2mshould progress from Auth to Filer step on authentication
[22m[39m[Wizard] Verifying credentials...

[90mstdout[2m | components/IRIS1099Wizard.test.tsx[2m > [22m[2mIRIS1099Wizard - Authentication Step[2m > [22m[2mWizard Step Navigation[2m > [22m[2mshould progress from Auth to Filer step on authentication
[22m[39m[Wizard] 2FA required: [33mfalse[39m
[Wizard] Proceeding to Filer step

[90mstdout[2m | components/IRIS1099Wizard.test.tsx[2m > [22m[2mIRIS1099Wizard - Authentication Step[2m > [22m[2mWizard Step Navigation[2m > [22m[2mshould show Back button after Auth step
[22m[39m[Wizard] Authenticating...

[90mstdout[2m | components/IRIS1099Wizard.test.tsx[2m > [22m[2mIRIS1099Wizard - Authentication Step[2m > [22m[2mWizard Step Navigation[2m > [22m[2mshould show Back button after Auth step
[22m[39m[Wizard] Health check: { status: [32m'healthy'[39m, service: [32m'IRS IRIS API Proxy'[39m, version: [32m'1.0.0'[39m }

[90mstdout[2m | components/IRIS1099Wizard.test.tsx[2m > [22m[2mIRIS1099Wizard - Authentication Step[2m > [22m[2mWizard Step Navigation[2m > [22m[2mshould show Back button after Auth step
[22m[39m[Wizard] Verifying credentials...

[90mstdout[2m | components/IRIS1099Wizard.test.tsx[2m > [22m[2mIRIS1099Wizard - Authentication Step[2m > [22m[2mWizard Step Navigation[2m > [22m[2mshould show Back button after Auth step
[22m[39m[Wizard] 2FA required: [33mfalse[39m
[Wizard] Proceeding to Filer step

[90mstdout[2m | components/IRIS1099Wizard.test.tsx[2m > [22m[2mIRIS1099Wizard - Authentication Step[2m > [22m[2mWizard Step Navigation[2m > [22m[2mshould disable Continue button on Filer step when EIN is missing
[22m[39m[Wizard] Authenticating...

[90mstdout[2m | components/IRIS1099Wizard.test.tsx[2m > [22m[2mIRIS1099Wizard - Authentication Step[2m > [22m[2mWizard Step Navigation[2m > [22m[2mshould disable Continue button on Filer step when EIN is missing
[22m[39m[Wizard] Health check: { status: [32m'healthy'[39m, service: [32m'IRS IRIS API Proxy'[39m, version: [32m'1.0.0'[39m }

[90mstdout[2m | components/IRIS1099Wizard.test.tsx[2m > [22m[2mIRIS1099Wizard - Authentication Step[2m > [22m[2mWizard Step Navigation[2m > [22m[2mshould disable Continue button on Filer step when EIN is missing
[22m[39m[Wizard] Verifying credentials...

[90mstdout[2m | components/IRIS1099Wizard.test.tsx[2m > [22m[2mIRIS1099Wizard - Authentication Step[2m > [22m[2mWizard Step Navigation[2m > [22m[2mshould disable Continue button on Filer step when EIN is missing
[22m[39m[Wizard] 2FA required: [33mfalse[39m
[Wizard] Proceeding to Filer step

[90mstdout[2m | components/IRIS1099Wizard.test.tsx[2m > [22m[2mIRIS1099Wizard - Authentication Step[2m > [22m[2mWizard Step Navigation[2m > [22m[2mshould disable Continue button on Filer step when Legal Name is missing
[22m[39m[Wizard] Authenticating...

[90mstdout[2m | components/IRIS1099Wizard.test.tsx[2m > [22m[2mIRIS1099Wizard - Authentication Step[2m > [22m[2mWizard Step Navigation[2m > [22m[2mshould disable Continue button on Filer step when Legal Name is missing
[22m[39m[Wizard] Health check: { status: [32m'healthy'[39m, service: [32m'IRS IRIS API Proxy'[39m, version: [32m'1.0.0'[39m }

[90mstdout[2m | components/IRIS1099Wizard.test.tsx[2m > [22m[2mIRIS1099Wizard - Authentication Step[2m > [22m[2mWizard Step Navigation[2m > [22m[2mshould disable Continue button on Filer step when Legal Name is missing
[22m[39m[Wizard] Verifying credentials...

[90mstdout[2m | components/IRIS1099Wizard.test.tsx[2m > [22m[2mIRIS1099Wizard - Authentication Step[2m > [22m[2mWizard Step Navigation[2m > [22m[2mshould disable Continue button on Filer step when Legal Name is missing
[22m[39m[Wizard] 2FA required: [33mfalse[39m
[Wizard] Proceeding to Filer step

[90mstdout[2m | components/IRIS1099Wizard.test.tsx[2m > [22m[2mIRIS1099Wizard - Authentication Step[2m > [22m[2mWizard Step Navigation[2m > [22m[2mshould enable Continue button on Filer step when all required fields are filled
[22m[39m[Wizard] Authenticating...

[90mstdout[2m | components/IRIS1099Wizard.test.tsx[2m > [22m[2mIRIS1099Wizard - Authentication Step[2m > [22m[2mWizard Step Navigation[2m > [22m[2mshould enable Continue button on Filer step when all required fields are filled
[22m[39m[Wizard] Health check: { status: [32m'healthy'[39m, service: [32m'IRS IRIS API Proxy'[39m, version: [32m'1.0.0'[39m }

[90mstdout[2m | components/IRIS1099Wizard.test.tsx[2m > [22m[2mIRIS1099Wizard - Authentication Step[2m > [22m[2mWizard Step Navigation[2m > [22m[2mshould enable Continue button on Filer step when all required fields are filled
[22m[39m[Wizard] Verifying credentials...

[90mstdout[2m | components/IRIS1099Wizard.test.tsx[2m > [22m[2mIRIS1099Wizard - Authentication Step[2m > [22m[2mWizard Step Navigation[2m > [22m[2mshould enable Continue button on Filer step when all required fields are filled
[22m[39m[Wizard] 2FA required: [33mfalse[39m
[Wizard] Proceeding to Filer step

[90mstdout[2m | components/IRIS1099Wizard.test.tsx[2m > [22m[2mIRIS1099Wizard - Authentication Step[2m > [22m[2mWizard Step Navigation[2m > [22m[2mshould progress from Filer to FormType step on Continue
[22m[39m[Wizard] Authenticating...

[90mstdout[2m | components/IRIS1099Wizard.test.tsx[2m > [22m[2mIRIS1099Wizard - Authentication Step[2m > [22m[2mWizard Step Navigation[2m > [22m[2mshould progress from Filer to FormType step on Continue
[22m[39m[Wizard] Health check: { status: [32m'healthy'[39m, service: [32m'IRS IRIS API Proxy'[39m, version: [32m'1.0.0'[39m }

[90mstdout[2m | components/IRIS1099Wizard.test.tsx[2m > [22m[2mIRIS1099Wizard - Authentication Step[2m > [22m[2mWizard Step Navigation[2m > [22m[2mshould progress from Filer to FormType step on Continue
[22m[39m[Wizard] Verifying credentials...

[90mstdout[2m | components/IRIS1099Wizard.test.tsx[2m > [22m[2mIRIS1099Wizard - Authentication Step[2m > [22m[2mWizard Step Navigation[2m > [22m[2mshould progress from Filer to FormType step on Continue
[22m[39m[Wizard] 2FA required: [33mfalse[39m
[Wizard] Proceeding to Filer step

[90mstdout[2m | components/IRIS1099Wizard.test.tsx[2m > [22m[2mIRIS1099Wizard - Authentication Step[2m > [22m[2mWizard Step Navigation[2m > [22m[2mshould disable Continue button on Payees step when no payees added
[22m[39m[Wizard] Authenticating...

[90mstdout[2m | components/IRIS1099Wizard.test.tsx[2m > [22m[2mIRIS1099Wizard - Authentication Step[2m > [22m[2mWizard Step Navigation[2m > [22m[2mshould disable Continue button on Payees step when no payees added
[22m[39m[Wizard] Health check: { status: [32m'healthy'[39m, service: [32m'IRS IRIS API Proxy'[39m, version: [32m'1.0.0'[39m }

[90mstdout[2m | components/IRIS1099Wizard.test.tsx[2m > [22m[2mIRIS1099Wizard - Authentication Step[2m > [22m[2mWizard Step Navigation[2m > [22m[2mshould disable Continue button on Payees step when no payees added
[22m[39m[Wizard] Verifying credentials...

[90mstdout[2m | components/IRIS1099Wizard.test.tsx[2m > [22m[2mIRIS1099Wizard - Authentication Step[2m > [22m[2mWizard Step Navigation[2m > [22m[2mshould disable Continue button on Payees step when no payees added
[22m[39m[Wizard] 2FA required: [33mfalse[39m
[Wizard] Proceeding to Filer step

[90mstdout[2m | components/IRIS1099Wizard.test.tsx[2m > [22m[2mIRIS1099Wizard - Authentication Step[2m > [22m[2mWizard Step Navigation[2m > [22m[2mshould enable Continue button on Payees step when payees are added
[22m[39m[Wizard] Authenticating...

[90mstdout[2m | components/IRIS1099Wizard.test.tsx[2m > [22m[2mIRIS1099Wizard - Authentication Step[2m > [22m[2mWizard Step Navigation[2m > [22m[2mshould enable Continue button on Payees step when payees are added
[22m[39m[Wizard] Health check: { status: [32m'healthy'[39m, service: [32m'IRS IRIS API Proxy'[39m, version: [32m'1.0.0'[39m }

[90mstdout[2m | components/IRIS1099Wizard.test.tsx[2m > [22m[2mIRIS1099Wizard - Authentication Step[2m > [22m[2mWizard Step Navigation[2m > [22m[2mshould enable Continue button on Payees step when payees are added
[22m[39m[Wizard] Verifying credentials...

[90mstdout[2m | components/IRIS1099Wizard.test.tsx[2m > [22m[2mIRIS1099Wizard - Authentication Step[2m > [22m[2mWizard Step Navigation[2m > [22m[2mshould enable Continue button on Payees step when payees are added
[22m[39m[Wizard] 2FA required: [33mfalse[39m
[Wizard] Proceeding to Filer step

[90mstdout[2m | components/IRIS1099Wizard.test.tsx[2m > [22m[2mIRIS1099Wizard - Authentication Step[2m > [22m[2mWizard Step Navigation[2m > [22m[2mshould show Validate & Submit button on Review step
[22m[39m[Wizard] Authenticating...

[90mstdout[2m | components/IRIS1099Wizard.test.tsx[2m > [22m[2mIRIS1099Wizard - Authentication Step[2m > [22m[2mWizard Step Navigation[2m > [22m[2mshould show Validate & Submit button on Review step
[22m[39m[Wizard] Health check: { status: [32m'healthy'[39m, service: [32m'IRS IRIS API Proxy'[39m, version: [32m'1.0.0'[39m }

[90mstdout[2m | components/IRIS1099Wizard.test.tsx[2m > [22m[2mIRIS1099Wizard - Authentication Step[2m > [22m[2mWizard Step Navigation[2m > [22m[2mshould show Validate & Submit button on Review step
[22m[39m[Wizard] Verifying credentials...

[90mstdout[2m | components/IRIS1099Wizard.test.tsx[2m > [22m[2mIRIS1099Wizard - Authentication Step[2m > [22m[2mWizard Step Navigation[2m > [22m[2mshould show Validate & Submit button on Review step
[22m[39m[Wizard] 2FA required: [33mfalse[39m
[Wizard] Proceeding to Filer step

[90mstdout[2m | components/IRIS1099Wizard.test.tsx[2m > [22m[2mIRIS1099Wizard - Authentication Step[2m > [22m[2mWizard Step Navigation[2m > [22m[2mshould navigate back from Filer to Auth step
[22m[39m[Wizard] Authenticating...

[90mstdout[2m | components/IRIS1099Wizard.test.tsx[2m > [22m[2mIRIS1099Wizard - Authentication Step[2m > [22m[2mWizard Step Navigation[2m > [22m[2mshould navigate back from Filer to Auth step
[22m[39m[Wizard] Health check: { status: [32m'healthy'[39m, service: [32m'IRS IRIS API Proxy'[39m, version: [32m'1.0.0'[39m }

[90mstdout[2m | components/IRIS1099Wizard.test.tsx[2m > [22m[2mIRIS1099Wizard - Authentication Step[2m > [22m[2mWizard Step Navigation[2m > [22m[2mshould navigate back from Filer to Auth step
[22m[39m[Wizard] Verifying credentials...

[90mstdout[2m | components/IRIS1099Wizard.test.tsx[2m > [22m[2mIRIS1099Wizard - Authentication Step[2m > [22m[2mWizard Step Navigation[2m > [22m[2mshould navigate back from Filer to Auth step
[22m[39m[Wizard] 2FA required: [33mfalse[39m
[Wizard] Proceeding to Filer step

[90mstdout[2m | components/IRIS1099Wizard.test.tsx[2m > [22m[2mIRIS1099Wizard - Authentication Step[2m > [22m[2mWizard Step Navigation[2m > [22m[2mshould preserve filer state when navigating back to Auth and returning to Filer
[22m[39m[Wizard] Authenticating...

[90mstdout[2m | components/IRIS1099Wizard.test.tsx[2m > [22m[2mIRIS1099Wizard - Authentication Step[2m > [22m[2mWizard Step Navigation[2m > [22m[2mshould preserve filer state when navigating back to Auth and returning to Filer
[22m[39m[Wizard] Health check: { status: [32m'healthy'[39m, service: [32m'IRS IRIS API Proxy'[39m, version: [32m'1.0.0'[39m }

[90mstdout[2m | components/IRIS1099Wizard.test.tsx[2m > [22m[2mIRIS1099Wizard - Authentication Step[2m > [22m[2mWizard Step Navigation[2m > [22m[2mshould preserve filer state when navigating back to Auth and returning to Filer
[22m[39m[Wizard] Verifying credentials...

[90mstdout[2m | components/IRIS1099Wizard.test.tsx[2m > [22m[2mIRIS1099Wizard - Authentication Step[2m > [22m[2mWizard Step Navigation[2m > [22m[2mshould preserve filer state when navigating back to Auth and returning to Filer
[22m[39m[Wizard] 2FA required: [33mfalse[39m
[Wizard] Proceeding to Filer step

[90mstdout[2m | components/IRIS1099Wizard.test.tsx[2m > [22m[2mIRIS1099Wizard - Authentication Step[2m > [22m[2mWizard Step Navigation[2m > [22m[2mshould preserve filer state when navigating back to Auth and returning to Filer
[22m[39m[Wizard] Authenticating...

[90mstdout[2m | components/IRIS1099Wizard.test.tsx[2m > [22m[2mIRIS1099Wizard - Authentication Step[2m > [22m[2mWizard Step Navigation[2m > [22m[2mshould preserve filer state when navigating back to Auth and returning to Filer
[22m[39m[Wizard] Health check: { status: [32m'healthy'[39m, service: [32m'IRS IRIS API Proxy'[39m, version: [32m'1.0.0'[39m }

[90mstdout[2m | components/IRIS1099Wizard.test.tsx[2m > [22m[2mIRIS1099Wizard - Authentication Step[2m > [22m[2mWizard Step Navigation[2m > [22m[2mshould preserve filer state when navigating back to Auth and returning to Filer
[22m[39m[Wizard] Verifying credentials...

[90mstdout[2m | components/IRIS1099Wizard.test.tsx[2m > [22m[2mIRIS1099Wizard - Authentication Step[2m > [22m[2mWizard Step Navigation[2m > [22m[2mshould preserve filer state when navigating back to Auth and returning to Filer
[22m[39m[Wizard] 2FA required: [33mfalse[39m
[Wizard] Proceeding to Filer step

[90mstdout[2m | components/IRIS1099Wizard.test.tsx[2m > [22m[2mIRIS1099Wizard - Authentication Step[2m > [22m[2mFiler Form Validation[2m > [22m[2mshould format EIN as user types (XX-XXXXXXX)
[22m[39m[Wizard] Authenticating...

[90mstdout[2m | components/IRIS1099Wizard.test.tsx[2m > [22m[2mIRIS1099Wizard - Authentication Step[2m > [22m[2mFiler Form Validation[2m > [22m[2mshould format EIN as user types (XX-XXXXXXX)
[22m[39m[Wizard] Health check: { status: [32m'healthy'[39m, service: [32m'IRS IRIS API Proxy'[39m, version: [32m'1.0.0'[39m }

[90mstdout[2m | components/IRIS1099Wizard.test.tsx[2m > [22m[2mIRIS1099Wizard - Authentication Step[2m > [22m[2mFiler Form Validation[2m > [22m[2mshould format EIN as user types (XX-XXXXXXX)
[22m[39m[Wizard] Verifying credentials...

[90mstdout[2m | components/IRIS1099Wizard.test.tsx[2m > [22m[2mIRIS1099Wizard - Authentication Step[2m > [22m[2mFiler Form Validation[2m > [22m[2mshould format EIN as user types (XX-XXXXXXX)
[22m[39m[Wizard] 2FA required: [33mfalse[39m
[Wizard] Proceeding to Filer step

[90mstdout[2m | components/IRIS1099Wizard.test.tsx[2m > [22m[2mIRIS1099Wizard - Authentication Step[2m > [22m[2mFiler Form Validation[2m > [22m[2mshould reject EIN with fewer than 9 digits
[22m[39m[Wizard] Authenticating...

[90mstdout[2m | components/IRIS1099Wizard.test.tsx[2m > [22m[2mIRIS1099Wizard - Authentication Step[2m > [22m[2mFiler Form Validation[2m > [22m[2mshould reject EIN with fewer than 9 digits
[22m[39m[Wizard] Health check: { status: [32m'healthy'[39m, service: [32m'IRS IRIS API Proxy'[39m, version: [32m'1.0.0'[39m }

[90mstdout[2m | components/IRIS1099Wizard.test.tsx[2m > [22m[2mIRIS1099Wizard - Authentication Step[2m > [22m[2mFiler Form Validation[2m > [22m[2mshould reject EIN with fewer than 9 digits
[22m[39m[Wizard] Verifying credentials...

[90mstdout[2m | components/IRIS1099Wizard.test.tsx[2m > [22m[2mIRIS1099Wizard - Authentication Step[2m > [22m[2mFiler Form Validation[2m > [22m[2mshould reject EIN with fewer than 9 digits
[22m[39m[Wizard] 2FA required: [33mfalse[39m
[Wizard] Proceeding to Filer step

[90mstdout[2m | components/IRIS1099Wizard.test.tsx[2m > [22m[2mIRIS1099Wizard - Authentication Step[2m > [22m[2mFiler Form Validation[2m > [22m[2mshould require state abbreviation (2 characters)
[22m[39m[Wizard] Authenticating...

[90mstdout[2m | components/IRIS1099Wizard.test.tsx[2m > [22m[2mIRIS1099Wizard - Authentication Step[2m > [22m[2mFiler Form Validation[2m > [22m[2mshould require state abbreviation (2 characters)
[22m[39m[Wizard] Health check: { status: [32m'healthy'[39m, service: [32m'IRS IRIS API Proxy'[39m, version: [32m'1.0.0'[39m }

[90mstdout[2m | components/IRIS1099Wizard.test.tsx[2m > [22m[2mIRIS1099Wizard - Authentication Step[2m > [22m[2mFiler Form Validation[2m > [22m[2mshould require state abbreviation (2 characters)
[22m[39m[Wizard] Verifying credentials...

[90mstdout[2m | components/IRIS1099Wizard.test.tsx[2m > [22m[2mIRIS1099Wizard - Authentication Step[2m > [22m[2mFiler Form Validation[2m > [22m[2mshould require state abbreviation (2 characters)
[22m[39m[Wizard] 2FA required: [33mfalse[39m
[Wizard] Proceeding to Filer step

[90mstdout[2m | components/IRIS1099Wizard.test.tsx[2m > [22m[2mIRIS1099Wizard - Authentication Step[2m > [22m[2mFiler Form Validation[2m > [22m[2mshould uppercase state abbreviation automatically
[22m[39m[Wizard] Authenticating...

[90mstdout[2m | components/IRIS1099Wizard.test.tsx[2m > [22m[2mIRIS1099Wizard - Authentication Step[2m > [22m[2mFiler Form Validation[2m > [22m[2mshould uppercase state abbreviation automatically
[22m[39m[Wizard] Health check: { status: [32m'healthy'[39m, service: [32m'IRS IRIS API Proxy'[39m, version: [32m'1.0.0'[39m }

[90mstdout[2m | components/IRIS1099Wizard.test.tsx[2m > [22m[2mIRIS1099Wizard - Authentication Step[2m > [22m[2mFiler Form Validation[2m > [22m[2mshould uppercase state abbreviation automatically
[22m[39m[Wizard] Verifying credentials...

[90mstdout[2m | components/IRIS1099Wizard.test.tsx[2m > [22m[2mIRIS1099Wizard - Authentication Step[2m > [22m[2mFiler Form Validation[2m > [22m[2mshould uppercase state abbreviation automatically
[22m[39m[Wizard] 2FA required: [33mfalse[39m
[Wizard] Proceeding to Filer step

[90mstdout[2m | components/IRIS1099Wizard.test.tsx[2m > [22m[2mIRIS1099Wizard - Authentication Step[2m > [22m[2mFiler Form Validation[2m > [22m[2mshould validate ZIP code format
[22m[39m[Wizard] Authenticating...

[90mstdout[2m | components/IRIS1099Wizard.test.tsx[2m > [22m[2mIRIS1099Wizard - Authentication Step[2m > [22m[2mFiler Form Validation[2m > [22m[2mshould validate ZIP code format
[22m[39m[Wizard] Health check: { status: [32m'healthy'[39m, service: [32m'IRS IRIS API Proxy'[39m, version: [32m'1.0.0'[39m }

[90mstdout[2m | components/IRIS1099Wizard.test.tsx[2m > [22m[2mIRIS1099Wizard - Authentication Step[2m > [22m[2mFiler Form Validation[2m > [22m[2mshould validate ZIP code format
[22m[39m[Wizard] Verifying credentials...

[90mstdout[2m | components/IRIS1099Wizard.test.tsx[2m > [22m[2mIRIS1099Wizard - Authentication Step[2m > [22m[2mFiler Form Validation[2m > [22m[2mshould validate ZIP code format
[22m[39m[Wizard] 2FA required: [33mfalse[39m
[Wizard] Proceeding to Filer step

[90mstdout[2m | components/IRIS1099Wizard.test.tsx[2m > [22m[2mIRIS1099Wizard - Authentication Step[2m > [22m[2mFiler Form Validation[2m > [22m[2mshould accept ZIP+4 format
[22m[39m[Wizard] Authenticating...

[90mstdout[2m | components/IRIS1099Wizard.test.tsx[2m > [22m[2mIRIS1099Wizard - Authentication Step[2m > [22m[2mFiler Form Validation[2m > [22m[2mshould accept ZIP+4 format
[22m[39m[Wizard] Health check: { status: [32m'healthy'[39m, service: [32m'IRS IRIS API Proxy'[39m, version: [32m'1.0.0'[39m }

[90mstdout[2m | components/IRIS1099Wizard.test.tsx[2m > [22m[2mIRIS1099Wizard - Authentication Step[2m > [22m[2mFiler Form Validation[2m > [22m[2mshould accept ZIP+4 format
[22m[39m[Wizard] Verifying credentials...

[90mstdout[2m | components/IRIS1099Wizard.test.tsx[2m > [22m[2mIRIS1099Wizard - Authentication Step[2m > [22m[2mFiler Form Validation[2m > [22m[2mshould accept ZIP+4 format
[22m[39m[Wizard] 2FA required: [33mfalse[39m
[Wizard] Proceeding to Filer step

[90mstdout[2m | components/IRIS1099Wizard.test.tsx[2m > [22m[2mIRIS1099Wizard - Authentication Step[2m > [22m[2mFiler Form Validation[2m > [22m[2mshould uppercase country code automatically
[22m[39m[Wizard] Authenticating...

[90mstdout[2m | components/IRIS1099Wizard.test.tsx[2m > [22m[2mIRIS1099Wizard - Authentication Step[2m > [22m[2mFiler Form Validation[2m > [22m[2mshould uppercase country code automatically
[22m[39m[Wizard] Health check: { status: [32m'healthy'[39m, service: [32m'IRS IRIS API Proxy'[39m, version: [32m'1.0.0'[39m }

[90mstdout[2m | components/IRIS1099Wizard.test.tsx[2m > [22m[2mIRIS1099Wizard - Authentication Step[2m > [22m[2mFiler Form Validation[2m > [22m[2mshould uppercase country code automatically
[22m[39m[Wizard] Verifying credentials...

[90mstdout[2m | components/IRIS1099Wizard.test.tsx[2m > [22m[2mIRIS1099Wizard - Authentication Step[2m > [22m[2mFiler Form Validation[2m > [22m[2mshould uppercase country code automatically
[22m[39m[Wizard] 2FA required: [33mfalse[39m
[Wizard] Proceeding to Filer step

[90mstdout[2m | components/IRIS1099Wizard.test.tsx[2m > [22m[2mIRIS1099Wizard - Authentication Step[2m > [22m[2mPayee Management[2m > [22m[2mshould add payee to list when Add Payee to Batch is clicked
[22m[39m[Wizard] Authenticating...

[90mstdout[2m | components/IRIS1099Wizard.test.tsx[2m > [22m[2mIRIS1099Wizard - Authentication Step[2m > [22m[2mPayee Management[2m > [22m[2mshould add payee to list when Add Payee to Batch is clicked
[22m[39m[Wizard] Health check: { status: [32m'healthy'[39m, service: [32m'IRS IRIS API Proxy'[39m, version: [32m'1.0.0'[39m }

[90mstdout[2m | components/IRIS1099Wizard.test.tsx[2m > [22m[2mIRIS1099Wizard - Authentication Step[2m > [22m[2mPayee Management[2m > [22m[2mshould add payee to list when Add Payee to Batch is clicked
[22m[39m[Wizard] Verifying credentials...

[90mstdout[2m | components/IRIS1099Wizard.test.tsx[2m > [22m[2mIRIS1099Wizard - Authentication Step[2m > [22m[2mPayee Management[2m > [22m[2mshould add payee to list when Add Payee to Batch is clicked
[22m[39m[Wizard] 2FA required: [33mfalse[39m
[Wizard] Proceeding to Filer step

[90mstdout[2m | components/IRIS1099Wizard.test.tsx[2m > [22m[2mIRIS1099Wizard - Authentication Step[2m > [22m[2mPayee Management[2m > [22m[2mshould allow adding multiple payees
[22m[39m[Wizard] Authenticating...

[90mstdout[2m | components/IRIS1099Wizard.test.tsx[2m > [22m[2mIRIS1099Wizard - Authentication Step[2m > [22m[2mPayee Management[2m > [22m[2mshould allow adding multiple payees
[22m[39m[Wizard] Health check: { status: [32m'healthy'[39m, service: [32m'IRS IRIS API Proxy'[39m, version: [32m'1.0.0'[39m }

[90mstdout[2m | components/IRIS1099Wizard.test.tsx[2m > [22m[2mIRIS1099Wizard - Authentication Step[2m > [22m[2mPayee Management[2m > [22m[2mshould allow adding multiple payees
[22m[39m[Wizard] Verifying credentials...

[90mstdout[2m | components/IRIS1099Wizard.test.tsx[2m > [22m[2mIRIS1099Wizard - Authentication Step[2m > [22m[2mPayee Management[2m > [22m[2mshould allow adding multiple payees
[22m[39m[Wizard] 2FA required: [33mfalse[39m
[Wizard] Proceeding to Filer step

[90mstdout[2m | components/IRIS1099Wizard.test.tsx[2m > [22m[2mIRIS1099Wizard - Authentication Step[2m > [22m[2mPayee Management[2m > [22m[2mshould require TIN to add payee
[22m[39m[Wizard] Authenticating...

[90mstdout[2m | components/IRIS1099Wizard.test.tsx[2m > [22m[2mIRIS1099Wizard - Authentication Step[2m > [22m[2mPayee Management[2m > [22m[2mshould require TIN to add payee
[22m[39m[Wizard] Health check: { status: [32m'healthy'[39m, service: [32m'IRS IRIS API Proxy'[39m, version: [32m'1.0.0'[39m }

[90mstdout[2m | components/IRIS1099Wizard.test.tsx[2m > [22m[2mIRIS1099Wizard - Authentication Step[2m > [22m[2mPayee Management[2m > [22m[2mshould require TIN to add payee
[22m[39m[Wizard] Verifying credentials...

[90mstdout[2m | components/IRIS1099Wizard.test.tsx[2m > [22m[2mIRIS1099Wizard - Authentication Step[2m > [22m[2mPayee Management[2m > [22m[2mshould require TIN to add payee
[22m[39m[Wizard] 2FA required: [33mfalse[39m
[Wizard] Proceeding to Filer step

[90mstdout[2m | components/IRIS1099Wizard.test.tsx[2m > [22m[2mIRIS1099Wizard - Authentication Step[2m > [22m[2mPayee Management[2m > [22m[2mshould require name to add payee
[22m[39m[Wizard] Authenticating...

[90mstdout[2m | components/IRIS1099Wizard.test.tsx[2m > [22m[2mIRIS1099Wizard - Authentication Step[2m > [22m[2mPayee Management[2m > [22m[2mshould require name to add payee
[22m[39m[Wizard] Health check: { status: [32m'healthy'[39m, service: [32m'IRS IRIS API Proxy'[39m, version: [32m'1.0.0'[39m }

[90mstdout[2m | components/IRIS1099Wizard.test.tsx[2m > [22m[2mIRIS1099Wizard - Authentication Step[2m > [22m[2mPayee Management[2m > [22m[2mshould require name to add payee
[22m[39m[Wizard] Verifying credentials...

[90mstdout[2m | components/IRIS1099Wizard.test.tsx[2m > [22m[2mIRIS1099Wizard - Authentication Step[2m > [22m[2mPayee Management[2m > [22m[2mshould require name to add payee
[22m[39m[Wizard] 2FA required: [33mfalse[39m
[Wizard] Proceeding to Filer step

[90mstdout[2m | components/IRIS1099Wizard.test.tsx[2m > [22m[2mIRIS1099Wizard - Authentication Step[2m > [22m[2mPayee Management[2m > [22m[2mshould clear form after adding payee
[22m[39m[Wizard] Authenticating...

[90mstdout[2m | components/IRIS1099Wizard.test.tsx[2m > [22m[2mIRIS1099Wizard - Authentication Step[2m > [22m[2mPayee Management[2m > [22m[2mshould clear form after adding payee
[22m[39m[Wizard] Health check: { status: [32m'healthy'[39m, service: [32m'IRS IRIS API Proxy'[39m, version: [32m'1.0.0'[39m }

[90mstdout[2m | components/IRIS1099Wizard.test.tsx[2m > [22m[2mIRIS1099Wizard - Authentication Step[2m > [22m[2mPayee Management[2m > [22m[2mshould clear form after adding payee
[22m[39m[Wizard] Verifying credentials...

[90mstdout[2m | components/IRIS1099Wizard.test.tsx[2m > [22m[2mIRIS1099Wizard - Authentication Step[2m > [22m[2mPayee Management[2m > [22m[2mshould clear form after adding payee
[22m[39m[Wizard] 2FA required: [33mfalse[39m
[Wizard] Proceeding to Filer step

[90mstdout[2m | components/IRIS1099Wizard.test.tsx[2m > [22m[2mIRIS1099Wizard - Authentication Step[2m > [22m[2mPayee Management[2m > [22m[2mshould show payee count in header
[22m[39m[Wizard] Authenticating...

[90mstdout[2m | components/IRIS1099Wizard.test.tsx[2m > [22m[2mIRIS1099Wizard - Authentication Step[2m > [22m[2mPayee Management[2m > [22m[2mshould show payee count in header
[22m[39m[Wizard] Health check: { status: [32m'healthy'[39m, service: [32m'IRS IRIS API Proxy'[39m, version: [32m'1.0.0'[39m }

[90mstdout[2m | components/IRIS1099Wizard.test.tsx[2m > [22m[2mIRIS1099Wizard - Authentication Step[2m > [22m[2mPayee Management[2m > [22m[2mshould show payee count in header
[22m[39m[Wizard] Verifying credentials...

[90mstdout[2m | components/IRIS1099Wizard.test.tsx[2m > [22m[2mIRIS1099Wizard - Authentication Step[2m > [22m[2mPayee Management[2m > [22m[2mshould show payee count in header
[22m[39m[Wizard] 2FA required: [33mfalse[39m
[Wizard] Proceeding to Filer step

[90mstdout[2m | components/IRIS1099Wizard.test.tsx[2m > [22m[2mIRIS1099Wizard - Authentication Step[2m > [22m[2mPayee Management[2m > [22m[2mshould show remove button for each payee
[22m[39m[Wizard] Authenticating...

[90mstdout[2m | components/IRIS1099Wizard.test.tsx[2m > [22m[2mIRIS1099Wizard - Authentication Step[2m > [22m[2mPayee Management[2m > [22m[2mshould show remove button for each payee
[22m[39m[Wizard] Health check: { status: [32m'healthy'[39m, service: [32m'IRS IRIS API Proxy'[39m, version: [32m'1.0.0'[39m }

[90mstdout[2m | components/IRIS1099Wizard.test.tsx[2m > [22m[2mIRIS1099Wizard - Authentication Step[2m > [22m[2mPayee Management[2m > [22m[2mshould show remove button for each payee
[22m[39m[Wizard] Verifying credentials...

[90mstdout[2m | components/IRIS1099Wizard.test.tsx[2m > [22m[2mIRIS1099Wizard - Authentication Step[2m > [22m[2mPayee Management[2m > [22m[2mshould show remove button for each payee
[22m[39m[Wizard] 2FA required: [33mfalse[39m
[Wizard] Proceeding to Filer step

[90mstdout[2m | components/IRIS1099Wizard.test.tsx[2m > [22m[2mIRIS1099Wizard - Authentication Step[2m > [22m[2mPayee Management[2m > [22m[2mshould remove payee when delete button is clicked
[22m[39m[Wizard] Authenticating...

[90mstdout[2m | components/IRIS1099Wizard.test.tsx[2m > [22m[2mIRIS1099Wizard - Authentication Step[2m > [22m[2mPayee Management[2m > [22m[2mshould remove payee when delete button is clicked
[22m[39m[Wizard] Health check: { status: [32m'healthy'[39m, service: [32m'IRS IRIS API Proxy'[39m, version: [32m'1.0.0'[39m }

[90mstdout[2m | components/IRIS1099Wizard.test.tsx[2m > [22m[2mIRIS1099Wizard - Authentication Step[2m > [22m[2mPayee Management[2m > [22m[2mshould remove payee when delete button is clicked
[22m[39m[Wizard] Verifying credentials...

[90mstdout[2m | components/IRIS1099Wizard.test.tsx[2m > [22m[2mIRIS1099Wizard - Authentication Step[2m > [22m[2mPayee Management[2m > [22m[2mshould remove payee when delete button is clicked
[22m[39m[Wizard] 2FA required: [33mfalse[39m
[Wizard] Proceeding to Filer step

[90mstdout[2m | components/IRIS1099Wizard.test.tsx[2m > [22m[2mIRIS1099Wizard - Authentication Step[2m > [22m[2mPayee Management[2m > [22m[2mshould update payee count after removal
[22m[39m[Wizard] Authenticating...

[90mstdout[2m | components/IRIS1099Wizard.test.tsx[2m > [22m[2mIRIS1099Wizard - Authentication Step[2m > [22m[2mPayee Management[2m > [22m[2mshould update payee count after removal
[22m[39m[Wizard] Health check: { status: [32m'healthy'[39m, service: [32m'IRS IRIS API Proxy'[39m, version: [32m'1.0.0'[39m }

[90mstdout[2m | components/IRIS1099Wizard.test.tsx[2m > [22m[2mIRIS1099Wizard - Authentication Step[2m > [22m[2mPayee Management[2m > [22m[2mshould update payee count after removal
[22m[39m[Wizard] Verifying credentials...

[90mstdout[2m | components/IRIS1099Wizard.test.tsx[2m > [22m[2mIRIS1099Wizard - Authentication Step[2m > [22m[2mPayee Management[2m > [22m[2mshould update payee count after removal
[22m[39m[Wizard] 2FA required: [33mfalse[39m
[Wizard] Proceeding to Filer step

[90mstdout[2m | components/IRIS1099Wizard.test.tsx[2m > [22m[2mIRIS1099Wizard - Authentication Step[2m > [22m[2mPayee Management[2m > [22m[2mshould disable Continue button after removing all payees
[22m[39m[Wizard] Authenticating...

[90mstdout[2m | components/IRIS1099Wizard.test.tsx[2m > [22m[2mIRIS1099Wizard - Authentication Step[2m > [22m[2mPayee Management[2m > [22m[2mshould disable Continue button after removing all payees
[22m[39m[Wizard] Health check: { status: [32m'healthy'[39m, service: [32m'IRS IRIS API Proxy'[39m, version: [32m'1.0.0'[39m }

[90mstdout[2m | components/IRIS1099Wizard.test.tsx[2m > [22m[2mIRIS1099Wizard - Authentication Step[2m > [22m[2mPayee Management[2m > [22m[2mshould disable Continue button after removing all payees
[22m[39m[Wizard] Verifying credentials...

[90mstdout[2m | components/IRIS1099Wizard.test.tsx[2m > [22m[2mIRIS1099Wizard - Authentication Step[2m > [22m[2mPayee Management[2m > [22m[2mshould disable Continue button after removing all payees
[22m[39m[Wizard] 2FA required: [33mfalse[39m
[Wizard] Proceeding to Filer step

[90mstdout[2m | components/IRIS1099Wizard.test.tsx[2m > [22m[2mIRIS1099Wizard - Authentication Step[2m > [22m[2mPayee TIN Validation[2m > [22m[2mshould accept valid EIN format (XX-XXXXXXX)
[22m[39m[Wizard] Authenticating...

[90mstdout[2m | components/IRIS1099Wizard.test.tsx[2m > [22m[2mIRIS1099Wizard - Authentication Step[2m > [22m[2mPayee TIN Validation[2m > [22m[2mshould accept valid EIN format (XX-XXXXXXX)
[22m[39m[Wizard] Health check: { status: [32m'healthy'[39m, service: [32m'IRS IRIS API Proxy'[39m, version: [32m'1.0.0'[39m }

[90mstdout[2m | components/IRIS1099Wizard.test.tsx[2m > [22m[2mIRIS1099Wizard - Authentication Step[2m > [22m[2mPayee TIN Validation[2m > [22m[2mshould accept valid EIN format (XX-XXXXXXX)
[22m[39m[Wizard] Verifying credentials...

[90mstdout[2m | components/IRIS1099Wizard.test.tsx[2m > [22m[2mIRIS1099Wizard - Authentication Step[2m > [22m[2mPayee TIN Validation[2m > [22m[2mshould accept valid EIN format (XX-XXXXXXX)
[22m[39m[Wizard] 2FA required: [33mfalse[39m
[Wizard] Proceeding to Filer step

[90mstdout[2m | components/IRIS1099Wizard.test.tsx[2m > [22m[2mIRIS1099Wizard - Authentication Step[2m > [22m[2mPayee TIN Validation[2m > [22m[2mshould accept valid SSN format (XXX-XX-XXXX)
[22m[39m[Wizard] Authenticating...

[90mstdout[2m | components/IRIS1099Wizard.test.tsx[2m > [22m[2mIRIS1099Wizard - Authentication Step[2m > [22m[2mPayee TIN Validation[2m > [22m[2mshould accept valid SSN format (XXX-XX-XXXX)
[22m[39m[Wizard] Health check: { status: [32m'healthy'[39m, service: [32m'IRS IRIS API Proxy'[39m, version: [32m'1.0.0'[39m }

[90mstdout[2m | components/IRIS1099Wizard.test.tsx[2m > [22m[2mIRIS1099Wizard - Authentication Step[2m > [22m[2mPayee TIN Validation[2m > [22m[2mshould accept valid SSN format (XXX-XX-XXXX)
[22m[39m[Wizard] Verifying credentials...

[90mstdout[2m | components/IRIS1099Wizard.test.tsx[2m > [22m[2mIRIS1099Wizard - Authentication Step[2m > [22m[2mPayee TIN Validation[2m > [22m[2mshould accept valid SSN format (XXX-XX-XXXX)
[22m[39m[Wizard] 2FA required: [33mfalse[39m
[Wizard] Proceeding to Filer step

[90mstdout[2m | components/IRIS1099Wizard.test.tsx[2m > [22m[2mIRIS1099Wizard - Authentication Step[2m > [22m[2mPayee TIN Validation[2m > [22m[2mshould show error for invalid TIN format
[22m[39m[Wizard] Authenticating...

[90mstdout[2m | components/IRIS1099Wizard.test.tsx[2m > [22m[2mIRIS1099Wizard - Authentication Step[2m > [22m[2mPayee TIN Validation[2m > [22m[2mshould show error for invalid TIN format
[22m[39m[Wizard] Health check: { status: [32m'healthy'[39m, service: [32m'IRS IRIS API Proxy'[39m, version: [32m'1.0.0'[39m }

[90mstdout[2m | components/IRIS1099Wizard.test.tsx[2m > [22m[2mIRIS1099Wizard - Authentication Step[2m > [22m[2mPayee TIN Validation[2m > [22m[2mshould show error for invalid TIN format
[22m[39m[Wizard] Verifying credentials...

[90mstdout[2m | components/IRIS1099Wizard.test.tsx[2m > [22m[2mIRIS1099Wizard - Authentication Step[2m > [22m[2mPayee TIN Validation[2m > [22m[2mshould show error for invalid TIN format
[22m[39m[Wizard] 2FA required: [33mfalse[39m
[Wizard] Proceeding to Filer step

[90mstdout[2m | components/IRIS1099Wizard.test.tsx[2m > [22m[2mIRIS1099Wizard - Authentication Step[2m > [22m[2mPayee TIN Validation[2m > [22m[2mshould disable Add button for invalid TIN format
[22m[39m[Wizard] Authenticating...

[90mstdout[2m | components/IRIS1099Wizard.test.tsx[2m > [22m[2mIRIS1099Wizard - Authentication Step[2m > [22m[2mPayee TIN Validation[2m > [22m[2mshould disable Add button for invalid TIN format
[22m[39m[Wizard] Health check: { status: [32m'healthy'[39m, service: [32m'IRS IRIS API Proxy'[39m, version: [32m'1.0.0'[39m }

[90mstdout[2m | components/IRIS1099Wizard.test.tsx[2m > [22m[2mIRIS1099Wizard - Authentication Step[2m > [22m[2mPayee TIN Validation[2m > [22m[2mshould disable Add button for invalid TIN format
[22m[39m[Wizard] Verifying credentials...

[90mstdout[2m | components/IRIS1099Wizard.test.tsx[2m > [22m[2mIRIS1099Wizard - Authentication Step[2m > [22m[2mPayee TIN Validation[2m > [22m[2mshould disable Add button for invalid TIN format
[22m[39m[Wizard] 2FA required: [33mfalse[39m
[Wizard] Proceeding to Filer step

[90mstdout[2m | components/IRIS1099Wizard.test.tsx[2m > [22m[2mIRIS1099Wizard - Authentication Step[2m > [22m[2mPayee TIN Validation[2m > [22m[2mshould warn about duplicate TIN
[22m[39m[Wizard] Authenticating...

[90mstdout[2m | components/IRIS1099Wizard.test.tsx[2m > [22m[2mIRIS1099Wizard - Authentication Step[2m > [22m[2mPayee TIN Validation[2m > [22m[2mshould warn about duplicate TIN
[22m[39m[Wizard] Health check: { status: [32m'healthy'[39m, service: [32m'IRS IRIS API Proxy'[39m, version: [32m'1.0.0'[39m }

[90mstdout[2m | components/IRIS1099Wizard.test.tsx[2m > [22m[2mIRIS1099Wizard - Authentication Step[2m > [22m[2mPayee TIN Validation[2m > [22m[2mshould warn about duplicate TIN
[22m[39m[Wizard] Verifying credentials...

[90mstdout[2m | components/IRIS1099Wizard.test.tsx[2m > [22m[2mIRIS1099Wizard - Authentication Step[2m > [22m[2mPayee TIN Validation[2m > [22m[2mshould warn about duplicate TIN
[22m[39m[Wizard] 2FA required: [33mfalse[39m
[Wizard] Proceeding to Filer step

[90mstdout[2m | components/IRIS1099Wizard.test.tsx[2m > [22m[2mIRIS1099Wizard - Authentication Step[2m > [22m[2mSubmission Flow[2m > [22m[2mshould call transmissionCheck for pre-validation on submit
[22m[39m[Wizard] Authenticating...

[90mstdout[2m | components/IRIS1099Wizard.test.tsx[2m > [22m[2mIRIS1099Wizard - Authentication Step[2m > [22m[2mSubmission Flow[2m > [22m[2mshould call transmissionCheck for pre-validation on submit
[22m[39m[Wizard] Health check: { status: [32m'healthy'[39m, service: [32m'IRS IRIS API Proxy'[39m, version: [32m'1.0.0'[39m }

[90mstdout[2m | components/IRIS1099Wizard.test.tsx[2m > [22m[2mIRIS1099Wizard - Authentication Step[2m > [22m[2mSubmission Flow[2m > [22m[2mshould call transmissionCheck for pre-validation on submit
[22m[39m[Wizard] Verifying credentials...

[90mstdout[2m | components/IRIS1099Wizard.test.tsx[2m > [22m[2mIRIS1099Wizard - Authentication Step[2m > [22m[2mSubmission Flow[2m > [22m[2mshould call transmissionCheck for pre-validation on submit
[22m[39m[Wizard] 2FA required: [33mfalse[39m
[Wizard] Proceeding to Filer step

[90mstdout[2m | components/IRIS1099Wizard.test.tsx[2m > [22m[2mIRIS1099Wizard - Authentication Step[2m > [22m[2mSubmission Flow[2m > [22m[2mshould show validating status when pre-validation starts
[22m[39m[Wizard] Authenticating...

[90mstdout[2m | components/IRIS1099Wizard.test.tsx[2m > [22m[2mIRIS1099Wizard - Authentication Step[2m > [22m[2mSubmission Flow[2m > [22m[2mshould show validating status when pre-validation starts
[22m[39m[Wizard] Health check: { status: [32m'healthy'[39m, service: [32m'IRS IRIS API Proxy'[39m, version: [32m'1.0.0'[39m }

[90mstdout[2m | components/IRIS1099Wizard.test.tsx[2m > [22m[2mIRIS1099Wizard - Authentication Step[2m > [22m[2mSubmission Flow[2m > [22m[2mshould show validating status when pre-validation starts
[22m[39m[Wizard] Verifying credentials...

[90mstdout[2m | components/IRIS1099Wizard.test.tsx[2m > [22m[2mIRIS1099Wizard - Authentication Step[2m > [22m[2mSubmission Flow[2m > [22m[2mshould show validating status when pre-validation starts
[22m[39m[Wizard] 2FA required: [33mfalse[39m
[Wizard] Proceeding to Filer step

[90mstdout[2m | components/IRIS1099Wizard.test.tsx[2m > [22m[2mIRIS1099Wizard - Authentication Step[2m > [22m[2mSubmission Flow[2m > [22m[2mshould display validation errors when pre-validation fails
[22m[39m[Wizard] Authenticating...

[90mstdout[2m | components/IRIS1099Wizard.test.tsx[2m > [22m[2mIRIS1099Wizard - Authentication Step[2m > [22m[2mSubmission Flow[2m > [22m[2mshould display validation errors when pre-validation fails
[22m[39m[Wizard] Health check: { status: [32m'healthy'[39m, service: [32m'IRS IRIS API Proxy'[39m, version: [32m'1.0.0'[39m }

[90mstdout[2m | components/IRIS1099Wizard.test.tsx[2m > [22m[2mIRIS1099Wizard - Authentication Step[2m > [22m[2mSubmission Flow[2m > [22m[2mshould display validation errors when pre-validation fails
[22m[39m[Wizard] Verifying credentials...

[90mstdout[2m | components/IRIS1099Wizard.test.tsx[2m > [22m[2mIRIS1099Wizard - Authentication Step[2m > [22m[2mSubmission Flow[2m > [22m[2mshould display validation errors when pre-validation fails
[22m[39m[Wizard] 2FA required: [33mfalse[39m
[Wizard] Proceeding to Filer step

[90mstdout[2m | components/IRIS1099Wizard.test.tsx[2m > [22m[2mIRIS1099Wizard - Authentication Step[2m > [22m[2mSubmission Flow[2m > [22m[2mshould not call submitBatch when validation fails
[22m[39m[Wizard] Authenticating...

[90mstdout[2m | components/IRIS1099Wizard.test.tsx[2m > [22m[2mIRIS1099Wizard - Authentication Step[2m > [22m[2mSubmission Flow[2m > [22m[2mshould not call submitBatch when validation fails
[22m[39m[Wizard] Health check: { status: [32m'healthy'[39m, service: [32m'IRS IRIS API Proxy'[39m, version: [32m'1.0.0'[39m }

[90mstdout[2m | components/IRIS1099Wizard.test.tsx[2m > [22m[2mIRIS1099Wizard - Authentication Step[2m > [22m[2mSubmission Flow[2m > [22m[2mshould not call submitBatch when validation fails
[22m[39m[Wizard] Verifying credentials...

[90mstdout[2m | components/IRIS1099Wizard.test.tsx[2m > [22m[2mIRIS1099Wizard - Authentication Step[2m > [22m[2mSubmission Flow[2m > [22m[2mshould not call submitBatch when validation fails
[22m[39m[Wizard] 2FA required: [33mfalse[39m
[Wizard] Proceeding to Filer step

[90mstdout[2m | components/IRIS1099Wizard.test.tsx[2m > [22m[2mIRIS1099Wizard - Authentication Step[2m > [22m[2mSubmission Flow[2m > [22m[2mshould call submitBatch when validation passes
[22m[39m[Wizard] Authenticating...

[90mstdout[2m | components/IRIS1099Wizard.test.tsx[2m > [22m[2mIRIS1099Wizard - Authentication Step[2m > [22m[2mSubmission Flow[2m > [22m[2mshould call submitBatch when validation passes
[22m[39m[Wizard] Health check: { status: [32m'healthy'[39m, service: [32m'IRS IRIS API Proxy'[39m, version: [32m'1.0.0'[39m }

[90mstdout[2m | components/IRIS1099Wizard.test.tsx[2m > [22m[2mIRIS1099Wizard - Authentication Step[2m > [22m[2mSubmission Flow[2m > [22m[2mshould call submitBatch when validation passes
[22m[39m[Wizard] Verifying credentials...

[90mstdout[2m | components/IRIS1099Wizard.test.tsx[2m > [22m[2mIRIS1099Wizard - Authentication Step[2m > [22m[2mSubmission Flow[2m > [22m[2mshould call submitBatch when validation passes
[22m[39m[Wizard] 2FA required: [33mfalse[39m
[Wizard] Proceeding to Filer step

[90mstdout[2m | components/IRIS1099Wizard.test.tsx[2m > [22m[2mIRIS1099Wizard - Authentication Step[2m > [22m[2mSubmission Flow[2m > [22m[2mshould show transmitting status during submission
[22m[39m[Wizard] Authenticating...

[90mstdout[2m | components/IRIS1099Wizard.test.tsx[2m > [22m[2mIRIS1099Wizard - Authentication Step[2m > [22m[2mSubmission Flow[2m > [22m[2mshould show transmitting status during submission
[22m[39m[Wizard] Health check: { status: [32m'healthy'[39m, service: [32m'IRS IRIS API Proxy'[39m, version: [32m'1.0.0'[39m }

[90mstdout[2m | components/IRIS1099Wizard.test.tsx[2m > [22m[2mIRIS1099Wizard - Authentication Step[2m > [22m[2mSubmission Flow[2m > [22m[2mshould show transmitting status during submission
[22m[39m[Wizard] Verifying credentials...

[90mstdout[2m | components/IRIS1099Wizard.test.tsx[2m > [22m[2mIRIS1099Wizard - Authentication Step[2m > [22m[2mSubmission Flow[2m > [22m[2mshould show transmitting status during submission
[22m[39m[Wizard] 2FA required: [33mfalse[39m
[Wizard] Proceeding to Filer step

[90mstdout[2m | components/IRIS1099Wizard.test.tsx[2m > [22m[2mIRIS1099Wizard - Authentication Step[2m > [22m[2mSubmission Flow[2m > [22m[2mshould display receipt ID after successful submission
[22m[39m[Wizard] Authenticating...

[90mstdout[2m | components/IRIS1099Wizard.test.tsx[2m > [22m[2mIRIS1099Wizard - Authentication Step[2m > [22m[2mSubmission Flow[2m > [22m[2mshould display receipt ID after successful submission
[22m[39m[Wizard] Health check: { status: [32m'healthy'[39m, service: [32m'IRS IRIS API Proxy'[39m, version: [32m'1.0.0'[39m }

[90mstdout[2m | components/IRIS1099Wizard.test.tsx[2m > [22m[2mIRIS1099Wizard - Authentication Step[2m > [22m[2mSubmission Flow[2m > [22m[2mshould display receipt ID after successful submission
[22m[39m[Wizard] Verifying credentials...

[90mstdout[2m | components/IRIS1099Wizard.test.tsx[2m > [22m[2mIRIS1099Wizard - Authentication Step[2m > [22m[2mSubmission Flow[2m > [22m[2mshould display receipt ID after successful submission
[22m[39m[Wizard] 2FA required: [33mfalse[39m
[Wizard] Proceeding to Filer step

[90mstdout[2m | components/IRIS1099Wizard.test.tsx[2m > [22m[2mIRIS1099Wizard - Authentication Step[2m > [22m[2mSubmission Flow[2m > [22m[2mshould handle submission API error
[22m[39m[Wizard] Authenticating...

[90mstdout[2m | components/IRIS1099Wizard.test.tsx[2m > [22m[2mIRIS1099Wizard - Authentication Step[2m > [22m[2mSubmission Flow[2m > [22m[2mshould handle submission API error
[22m[39m[Wizard] Health check: { status: [32m'healthy'[39m, service: [32m'IRS IRIS API Proxy'[39m, version: [32m'1.0.0'[39m }

[90mstdout[2m | components/IRIS1099Wizard.test.tsx[2m > [22m[2mIRIS1099Wizard - Authentication Step[2m > [22m[2mSubmission Flow[2m > [22m[2mshould handle submission API error
[22m[39m[Wizard] Verifying credentials...

[90mstdout[2m | components/IRIS1099Wizard.test.tsx[2m > [22m[2mIRIS1099Wizard - Authentication Step[2m > [22m[2mSubmission Flow[2m > [22m[2mshould handle submission API error
[22m[39m[Wizard] 2FA required: [33mfalse[39m
[Wizard] Proceeding to Filer step

[90mstdout[2m | components/IRIS1099Wizard.test.tsx[2m > [22m[2mIRIS1099Wizard - Authentication Step[2m > [22m[2mSubmission Flow[2m > [22m[2mshould poll for status after submission
[22m[39m[Wizard] Authenticating...

[90mstdout[2m | components/IRIS1099Wizard.test.tsx[2m > [22m[2mIRIS1099Wizard - Authentication Step[2m > [22m[2mSubmission Flow[2m > [22m[2mshould poll for status after submission
[22m[39m[Wizard] Health check: { status: [32m'healthy'[39m, service: [32m'IRS IRIS API Proxy'[39m, version: [32m'1.0.0'[39m }

[90mstdout[2m | components/IRIS1099Wizard.test.tsx[2m > [22m[2mIRIS1099Wizard - Authentication Step[2m > [22m[2mSubmission Flow[2m > [22m[2mshould poll for status after submission
[22m[39m[Wizard] Verifying credentials...

[90mstdout[2m | components/IRIS1099Wizard.test.tsx[2m > [22m[2mIRIS1099Wizard - Authentication Step[2m > [22m[2mSubmission Flow[2m > [22m[2mshould poll for status after submission
[22m[39m[Wizard] 2FA required: [33mfalse[39m
[Wizard] Proceeding to Filer step

[90mstdout[2m | components/IRIS1099Wizard.test.tsx[2m > [22m[2mIRIS1099Wizard - Authentication Step[2m > [22m[2mSubmission Flow[2m > [22m[2mshould display final status results
[22m[39m[Wizard] Authenticating...

[90mstdout[2m | components/IRIS1099Wizard.test.tsx[2m > [22m[2mIRIS1099Wizard - Authentication Step[2m > [22m[2mSubmission Flow[2m > [22m[2mshould display final status results
[22m[39m[Wizard] Health check: { status: [32m'healthy'[39m, service: [32m'IRS IRIS API Proxy'[39m, version: [32m'1.0.0'[39m }

[90mstdout[2m | components/IRIS1099Wizard.test.tsx[2m > [22m[2mIRIS1099Wizard - Authentication Step[2m > [22m[2mSubmission Flow[2m > [22m[2mshould display final status results
[22m[39m[Wizard] Verifying credentials...

[90mstdout[2m | components/IRIS1099Wizard.test.tsx[2m > [22m[2mIRIS1099Wizard - Authentication Step[2m > [22m[2mSubmission Flow[2m > [22m[2mshould display final status results
[22m[39m[Wizard] 2FA required: [33mfalse[39m
[Wizard] Proceeding to Filer step

[90mstdout[2m | components/IRIS1099Wizard.test.tsx[2m > [22m[2mIRIS1099Wizard - Authentication Step[2m > [22m[2mSubmission Flow[2m > [22m[2mshould show processing status during polling
[22m[39m[Wizard] Authenticating...

[90mstdout[2m | components/IRIS1099Wizard.test.tsx[2m > [22m[2mIRIS1099Wizard - Authentication Step[2m > [22m[2mSubmission Flow[2m > [22m[2mshould show processing status during polling
[22m[39m[Wizard] Health check: { status: [32m'healthy'[39m, service: [32m'IRS IRIS API Proxy'[39m, version: [32m'1.0.0'[39m }

[90mstdout[2m | components/IRIS1099Wizard.test.tsx[2m > [22m[2mIRIS1099Wizard - Authentication Step[2m > [22m[2mSubmission Flow[2m > [22m[2mshould show processing status during polling
[22m[39m[Wizard] Verifying credentials...

[90mstdout[2m | components/IRIS1099Wizard.test.tsx[2m > [22m[2mIRIS1099Wizard - Authentication Step[2m > [22m[2mSubmission Flow[2m > [22m[2mshould show processing status during polling
[22m[39m[Wizard] 2FA required: [33mfalse[39m
[Wizard] Proceeding to Filer step

[90mstdout[2m | components/IRIS1099Wizard.test.tsx[2m > [22m[2mIRIS1099Wizard - Authentication Step[2m > [22m[2mSubmission Flow[2m > [22m[2mshould display batch status counts during polling
[22m[39m[Wizard] Authenticating...

[90mstdout[2m | components/IRIS1099Wizard.test.tsx[2m > [22m[2mIRIS1099Wizard - Authentication Step[2m > [22m[2mSubmission Flow[2m > [22m[2mshould display batch status counts during polling
[22m[39m[Wizard] Health check: { status: [32m'healthy'[39m, service: [32m'IRS IRIS API Proxy'[39m, version: [32m'1.0.0'[39m }

[90mstdout[2m | components/IRIS1099Wizard.test.tsx[2m > [22m[2mIRIS1099Wizard - Authentication Step[2m > [22m[2mSubmission Flow[2m > [22m[2mshould display batch status counts during polling
[22m[39m[Wizard] Verifying credentials...

[90mstdout[2m | components/IRIS1099Wizard.test.tsx[2m > [22m[2mIRIS1099Wizard - Authentication Step[2m > [22m[2mSubmission Flow[2m > [22m[2mshould display batch status counts during polling
[22m[39m[Wizard] 2FA required: [33mfalse[39m
[Wizard] Proceeding to Filer step

[90mstdout[2m | components/IRIS1099Wizard.test.tsx[2m > [22m[2mIRIS1099Wizard - Authentication Step[2m > [22m[2mSubmission Flow[2m > [22m[2mshould display all accepted message on full success
[22m[39m[Wizard] Authenticating...

[90mstdout[2m | components/IRIS1099Wizard.test.tsx[2m > [22m[2mIRIS1099Wizard - Authentication Step[2m > [22m[2mSubmission Flow[2m > [22m[2mshould display all accepted message on full success
[22m[39m[Wizard] Health check: { status: [32m'healthy'[39m, service: [32m'IRS IRIS API Proxy'[39m, version: [32m'1.0.0'[39m }

[90mstdout[2m | components/IRIS1099Wizard.test.tsx[2m > [22m[2mIRIS1099Wizard - Authentication Step[2m > [22m[2mSubmission Flow[2m > [22m[2mshould display all accepted message on full success
[22m[39m[Wizard] Verifying credentials...

[90mstdout[2m | components/IRIS1099Wizard.test.tsx[2m > [22m[2mIRIS1099Wizard - Authentication Step[2m > [22m[2mSubmission Flow[2m > [22m[2mshould display all accepted message on full success
[22m[39m[Wizard] 2FA required: [33mfalse[39m
[Wizard] Proceeding to Filer step

[90mstdout[2m | components/IRIS1099Wizard.test.tsx[2m > [22m[2mIRIS1099Wizard - Authentication Step[2m > [22m[2mSubmission Flow[2m > [22m[2mshould show New Submission button after completion
[22m[39m[Wizard] Authenticating...

[90mstdout[2m | components/IRIS1099Wizard.test.tsx[2m > [22m[2mIRIS1099Wizard - Authentication Step[2m > [22m[2mSubmission Flow[2m > [22m[2mshould show New Submission button after completion
[22m[39m[Wizard] Health check: { status: [32m'healthy'[39m, service: [32m'IRS IRIS API Proxy'[39m, version: [32m'1.0.0'[39m }

[90mstdout[2m | components/IRIS1099Wizard.test.tsx[2m > [22m[2mIRIS1099Wizard - Authentication Step[2m > [22m[2mSubmission Flow[2m > [22m[2mshould show New Submission button after completion
[22m[39m[Wizard] Verifying credentials...

[90mstdout[2m | components/IRIS1099Wizard.test.tsx[2m > [22m[2mIRIS1099Wizard - Authentication Step[2m > [22m[2mSubmission Flow[2m > [22m[2mshould show New Submission button after completion
[22m[39m[Wizard] 2FA required: [33mfalse[39m
[Wizard] Proceeding to Filer step

[90mstdout[2m | components/IRIS1099Wizard.test.tsx[2m > [22m[2mIRIS1099Wizard - Authentication Step[2m > [22m[2mSubmission Flow[2m > [22m[2mshould show Close button after completion
[22m[39m[Wizard] Authenticating...

[90mstdout[2m | components/IRIS1099Wizard.test.tsx[2m > [22m[2mIRIS1099Wizard - Authentication Step[2m > [22m[2mSubmission Flow[2m > [22m[2mshould show Close button after completion
[22m[39m[Wizard] Health check: { status: [32m'healthy'[39m, service: [32m'IRS IRIS API Proxy'[39m, version: [32m'1.0.0'[39m }

[90mstdout[2m | components/IRIS1099Wizard.test.tsx[2m > [22m[2mIRIS1099Wizard - Authentication Step[2m > [22m[2mSubmission Flow[2m > [22m[2mshould show Close button after completion
[22m[39m[Wizard] Verifying credentials...

[90mstdout[2m | components/IRIS1099Wizard.test.tsx[2m > [22m[2mIRIS1099Wizard - Authentication Step[2m > [22m[2mSubmission Flow[2m > [22m[2mshould show Close button after completion
[22m[39m[Wizard] 2FA required: [33mfalse[39m
[Wizard] Proceeding to Filer step

[90mstdout[2m | components/IRIS1099Wizard.test.tsx[2m > [22m[2mIRIS1099Wizard - Authentication Step[2m > [22m[2mSubmission Flow[2m > [22m[2mshould display warning count in results
[22m[39m[Wizard] Authenticating...

[90mstdout[2m | components/IRIS1099Wizard.test.tsx[2m > [22m[2mIRIS1099Wizard - Authentication Step[2m > [22m[2mSubmission Flow[2m > [22m[2mshould display warning count in results
[22m[39m[Wizard] Health check: { status: [32m'healthy'[39m, service: [32m'IRS IRIS API Proxy'[39m, version: [32m'1.0.0'[39m }

[90mstdout[2m | components/IRIS1099Wizard.test.tsx[2m > [22m[2mIRIS1099Wizard - Authentication Step[2m > [22m[2mSubmission Flow[2m > [22m[2mshould display warning count in results
[22m[39m[Wizard] Verifying credentials...

[90mstdout[2m | components/IRIS1099Wizard.test.tsx[2m > [22m[2mIRIS1099Wizard - Authentication Step[2m > [22m[2mSubmission Flow[2m > [22m[2mshould display warning count in results
[22m[39m[Wizard] 2FA required: [33mfalse[39m
[Wizard] Proceeding to Filer step

[90mstdout[2m | components/IRIS1099Wizard.test.tsx[2m > [22m[2mIRIS1099Wizard - Authentication Step[2m > [22m[2mSubmission Flow[2m > [22m[2mshould display error list when errors exist in batch status
[22m[39m[Wizard] Authenticating...

[90mstdout[2m | components/IRIS1099Wizard.test.tsx[2m > [22m[2mIRIS1099Wizard - Authentication Step[2m > [22m[2mSubmission Flow[2m > [22m[2mshould display error list when errors exist in batch status
[22m[39m[Wizard] Health check: { status: [32m'healthy'[39m, service: [32m'IRS IRIS API Proxy'[39m, version: [32m'1.0.0'[39m }

[90mstdout[2m | components/IRIS1099Wizard.test.tsx[2m > [22m[2mIRIS1099Wizard - Authentication Step[2m > [22m[2mSubmission Flow[2m > [22m[2mshould display error list when errors exist in batch status
[22m[39m[Wizard] Verifying credentials...

[90mstdout[2m | components/IRIS1099Wizard.test.tsx[2m > [22m[2mIRIS1099Wizard - Authentication Step[2m > [22m[2mSubmission Flow[2m > [22m[2mshould display error list when errors exist in batch status
[22m[39m[Wizard] 2FA required: [33mfalse[39m
[Wizard] Proceeding to Filer step

 [32m✓[39m components/IRIS1099Wizard.test.tsx [2m([22m[2m76 tests[22m[2m)[22m[33m 10667[2mms[22m[39m
       [33m[2m✓[22m[39m should accept valid TCC format (2 letters + hyphen + 7 alphanumeric) [33m 345[2mms[22m[39m
       [33m[2m✓[22m[39m should poll for status after submission [33m 303[2mms[22m[39m

[2m Test Files [22m [1m[32m1 passed[39m[22m[90m (1)[39m
[2m      Tests [22m [1m[32m76 passed[39m[22m[90m (76)[39m
[2m   Start at [22m 21:05:12
[2m   Duration [22m 11.31s

[1m[42m PASS [49m[22m [32mWaiting for file changes...[39m
       [2mpress [22m[1mh[22m[2m to show help[22m[2m, [22m[2mpress [22m[1mq[22m[2m to quit[22m
